Component: Arm Compiler for Embedded 6.23 Tool: armlink [5f102400]

==============================================================================

Section Cross References

    main.o(.text.main) refers to system_stm32f4xx.o(.text.SystemCoreClockUpdate) for SystemCoreClockUpdate
    main.o(.text.main) refers to stm32f4xx_hal.o(.text.HAL_Init) for HAL_Init
    main.o(.text.main) refers to system_clock_config.o(.text.SystemClock_Config) for SystemClock_Config
    main.o(.text.main) refers to main.o(.text.LED_Init) for LED_Init
    main.o(.text.main) refers to rtx_kernel.o(.text.osKernelInitialize) for osKernelInitialize
    main.o(.text.main) refers to main.o(.text.app_main) for app_main
    main.o(.text.main) refers to rtx_thread.o(.text.osThreadNew) for osThreadNew
    main.o(.text.main) refers to main.o(.text.led_blink_thread) for led_blink_thread
    main.o(.text.main) refers to rtx_kernel.o(.text.osKernelStart) for osKernelStart
    main.o(.ARM.exidx.text.main) refers to main.o(.text.main) for [Anonymous Symbol]
    main.o(.text.LED_Init) refers to stm32f4xx_hal_gpio.o(.text.HAL_GPIO_Init) for HAL_GPIO_Init
    main.o(.text.LED_Init) refers to stm32f4xx_hal_gpio.o(.text.HAL_GPIO_WritePin) for HAL_GPIO_WritePin
    main.o(.ARM.exidx.text.LED_Init) refers to main.o(.text.LED_Init) for [Anonymous Symbol]
    main.o(.ARM.exidx.text.app_main) refers to main.o(.text.app_main) for [Anonymous Symbol]
    main.o(.text.led_blink_thread) refers to stm32f4xx_hal_gpio.o(.text.HAL_GPIO_TogglePin) for HAL_GPIO_TogglePin
    main.o(.text.led_blink_thread) refers to rtx_delay.o(.text.osDelay) for osDelay
    main.o(.ARM.exidx.text.led_blink_thread) refers to main.o(.text.led_blink_thread) for [Anonymous Symbol]
    stm32f4xx_hal_msp.o(.ARM.exidx.text.HAL_MspInit) refers to stm32f4xx_hal_msp.o(.text.HAL_MspInit) for [Anonymous Symbol]
    stm32f4xx_it.o(.ARM.exidx.text.NMI_Handler) refers to stm32f4xx_it.o(.text.NMI_Handler) for [Anonymous Symbol]
    stm32f4xx_it.o(.ARM.exidx.text.HardFault_Handler) refers to stm32f4xx_it.o(.text.HardFault_Handler) for [Anonymous Symbol]
    stm32f4xx_it.o(.ARM.exidx.text.MemManage_Handler) refers to stm32f4xx_it.o(.text.MemManage_Handler) for [Anonymous Symbol]
    stm32f4xx_it.o(.ARM.exidx.text.BusFault_Handler) refers to stm32f4xx_it.o(.text.BusFault_Handler) for [Anonymous Symbol]
    stm32f4xx_it.o(.ARM.exidx.text.UsageFault_Handler) refers to stm32f4xx_it.o(.text.UsageFault_Handler) for [Anonymous Symbol]
    stm32f4xx_it.o(.ARM.exidx.text.DebugMon_Handler) refers to stm32f4xx_it.o(.text.DebugMon_Handler) for [Anonymous Symbol]
    system_clock_config.o(.text.SystemClock_Config) refers to rt_memclr_w.o(.text) for __aeabi_memclr4
    system_clock_config.o(.text.SystemClock_Config) refers to stm32f4xx_hal_rcc.o(.text.HAL_RCC_OscConfig) for HAL_RCC_OscConfig
    system_clock_config.o(.text.SystemClock_Config) refers to stm32f4xx_hal_rcc.o(.text.HAL_RCC_ClockConfig) for HAL_RCC_ClockConfig
    system_clock_config.o(.ARM.exidx.text.SystemClock_Config) refers to system_clock_config.o(.text.SystemClock_Config) for [Anonymous Symbol]
    stm32f4xx_hal.o(.text.HAL_Init) refers to stm32f4xx_hal_cortex.o(.text.HAL_NVIC_SetPriorityGrouping) for HAL_NVIC_SetPriorityGrouping
    stm32f4xx_hal.o(.text.HAL_Init) refers to stm32f4xx_hal.o(.text.HAL_InitTick) for HAL_InitTick
    stm32f4xx_hal.o(.text.HAL_Init) refers to stm32f4xx_hal_msp.o(.text.HAL_MspInit) for HAL_MspInit
    stm32f4xx_hal.o(.ARM.exidx.text.HAL_Init) refers to stm32f4xx_hal.o(.text.HAL_Init) for [Anonymous Symbol]
    stm32f4xx_hal.o(.text.HAL_InitTick) refers to system_stm32f4xx.o(.data.SystemCoreClock) for SystemCoreClock
    stm32f4xx_hal.o(.text.HAL_InitTick) refers to stm32f4xx_hal.o(.data.uwTickFreq) for uwTickFreq
    stm32f4xx_hal.o(.text.HAL_InitTick) refers to stm32f4xx_hal_cortex.o(.text.HAL_SYSTICK_Config) for HAL_SYSTICK_Config
    stm32f4xx_hal.o(.text.HAL_InitTick) refers to stm32f4xx_hal_cortex.o(.text.HAL_NVIC_SetPriority) for HAL_NVIC_SetPriority
    stm32f4xx_hal.o(.text.HAL_InitTick) refers to stm32f4xx_hal.o(.data.uwTickPrio) for uwTickPrio
    stm32f4xx_hal.o(.ARM.exidx.text.HAL_InitTick) refers to stm32f4xx_hal.o(.text.HAL_InitTick) for [Anonymous Symbol]
    stm32f4xx_hal.o(.ARM.exidx.text.HAL_MspInit) refers to stm32f4xx_hal.o(.text.HAL_MspInit) for [Anonymous Symbol]
    stm32f4xx_hal.o(.text.HAL_DeInit) refers to stm32f4xx_hal.o(.text.HAL_MspDeInit) for HAL_MspDeInit
    stm32f4xx_hal.o(.ARM.exidx.text.HAL_DeInit) refers to stm32f4xx_hal.o(.text.HAL_DeInit) for [Anonymous Symbol]
    stm32f4xx_hal.o(.ARM.exidx.text.HAL_MspDeInit) refers to stm32f4xx_hal.o(.text.HAL_MspDeInit) for [Anonymous Symbol]
    stm32f4xx_hal.o(.text.HAL_IncTick) refers to stm32f4xx_hal.o(.data.uwTickFreq) for uwTickFreq
    stm32f4xx_hal.o(.text.HAL_IncTick) refers to stm32f4xx_hal.o(.bss.uwTick) for uwTick
    stm32f4xx_hal.o(.ARM.exidx.text.HAL_IncTick) refers to stm32f4xx_hal.o(.text.HAL_IncTick) for [Anonymous Symbol]
[...]
    osRtxThreadSetRunning                    0x08003c61   Thumb Code    20  rtx_thread.o(.text.osRtxThreadSetRunning)
    [Anonymous Symbol]                       0x08003c60   Section        0  rtx_thread.o(.text.osRtxThreadSetRunning)
    osRtxThreadSetRunning                    0x08003c75   Thumb Code    20  rtx_timer.o(.text.osRtxThreadSetRunning)
    [Anonymous Symbol]                       0x08003c74   Section        0  rtx_timer.o(.text.osRtxThreadSetRunning)
    [Anonymous Symbol]                       0x08003c88   Section        0  rtx_thread.o(.text.osRtxThreadStackCheck)
    [Anonymous Symbol]                       0x08003cc4   Section        0  rtx_thread.o(.text.osRtxThreadStartup)
    [Anonymous Symbol]                       0x08003d5c   Section        0  rtx_thread.o(.text.osRtxThreadSwitch)
    [Anonymous Symbol]                       0x08003d8c   Section        0  rtx_thread.o(.text.osRtxThreadWaitEnter)
    [Anonymous Symbol]                       0x08003e04   Section        0  rtx_thread.o(.text.osRtxThreadWaitExit)
    [Anonymous Symbol]                       0x08003e4c   Section        0  rtx_system.o(.text.osRtxTick_Handler)
    [Anonymous Symbol]                       0x08003f5c   Section        0  rtx_timer.o(.text.osRtxTimerSetup)
    [Anonymous Symbol]                       0x08003f8c   Section        0  rtx_timer.o(.text.osRtxTimerThread)
    osRtxTimerTick                           0x08003fc1   Thumb Code   220  rtx_timer.o(.text.osRtxTimerTick)
    [Anonymous Symbol]                       0x08003fc0   Section        0  rtx_timer.o(.text.osRtxTimerTick)
    osThreadEntry                            0x0800409d   Thumb Code    16  rtx_thread.o(.text.osThreadEntry)
    [Anonymous Symbol]                       0x0800409c   Section        0  rtx_thread.o(.text.osThreadEntry)
    [Anonymous Symbol]                       0x080040ac   Section        0  rtx_thread.o(.text.osThreadExit)
    [Anonymous Symbol]                       0x080040d0   Section        0  rtx_thread.o(.text.osThreadNew)
    os_kernel_is_active                      0x08004145   Thumb Code    54  rtx_lib.o(.text.os_kernel_is_active)
    [Anonymous Symbol]                       0x08004144   Section        0  rtx_lib.o(.text.os_kernel_is_active)
    svcRtxDelay                              0x0800417d   Thumb Code    80  rtx_delay.o(.text.svcRtxDelay)
    [Anonymous Symbol]                       0x0800417c   Section        0  rtx_delay.o(.text.svcRtxDelay)
    svcRtxKernelGetState                     0x080041cd   Thumb Code    22  rtx_kernel.o(.text.svcRtxKernelGetState)
    [Anonymous Symbol]                       0x080041cc   Section        0  rtx_kernel.o(.text.svcRtxKernelGetState)
    svcRtxKernelInitialize                   0x080041e5   Thumb Code   772  rtx_kernel.o(.text.svcRtxKernelInitialize)
    [Anonymous Symbol]                       0x080041e4   Section        0  rtx_kernel.o(.text.svcRtxKernelInitialize)
    svcRtxKernelStart                        0x080044e9   Thumb Code   164  rtx_kernel.o(.text.svcRtxKernelStart)
    [Anonymous Symbol]                       0x080044e8   Section        0  rtx_kernel.o(.text.svcRtxKernelStart)
    svcRtxMessageQueueGet                    0x0800458d   Thumb Code   360  rtx_msgqueue.o(.text.svcRtxMessageQueueGet)
    [Anonymous Symbol]                       0x0800458c   Section        0  rtx_msgqueue.o(.text.svcRtxMessageQueueGet)
    svcRtxMessageQueueNew                    0x080046f5   Thumb Code   708  rtx_msgqueue.o(.text.svcRtxMessageQueueNew)
    [Anonymous Symbol]                       0x080046f4   Section        0  rtx_msgqueue.o(.text.svcRtxMessageQueueNew)
    svcRtxMessageQueuePut                    0x080049b9   Thumb Code   348  rtx_msgqueue.o(.text.svcRtxMessageQueuePut)
    [Anonymous Symbol]                       0x080049b8   Section        0  rtx_msgqueue.o(.text.svcRtxMessageQueuePut)
    svcRtxMutexAcquire                       0x08004b15   Thumb Code   374  rtx_mutex.o(.text.svcRtxMutexAcquire)
    [Anonymous Symbol]                       0x08004b14   Section        0  rtx_mutex.o(.text.svcRtxMutexAcquire)
    svcRtxMutexDelete                        0x08004c8d   Thumb Code    88  rtx_mutex.o(.text.svcRtxMutexDelete)
    [Anonymous Symbol]                       0x08004c8c   Section        0  rtx_mutex.o(.text.svcRtxMutexDelete)
    svcRtxMutexNew                           0x08004ce5   Thumb Code   322  rtx_mutex.o(.text.svcRtxMutexNew)
    [Anonymous Symbol]                       0x08004ce4   Section        0  rtx_mutex.o(.text.svcRtxMutexNew)
    svcRtxMutexRelease                       0x08004e29   Thumb Code   416  rtx_mutex.o(.text.svcRtxMutexRelease)
    [Anonymous Symbol]                       0x08004e28   Section        0  rtx_mutex.o(.text.svcRtxMutexRelease)
    svcRtxThreadExit                         0x08004fc9   Thumb Code   132  rtx_thread.o(.text.svcRtxThreadExit)
    [Anonymous Symbol]                       0x08004fc8   Section        0  rtx_thread.o(.text.svcRtxThreadExit)
    svcRtxThreadNew                          0x0800504d   Thumb Code  1130  rtx_thread.o(.text.svcRtxThreadNew)
    [Anonymous Symbol]                       0x0800504c   Section        0  rtx_thread.o(.text.svcRtxThreadNew)
    user_perthread_libspace_free             0x080054b9   Thumb Code    72  rtx_lib.o(.text.user_perthread_libspace_free)
    [Anonymous Symbol]                       0x080054b8   Section        0  rtx_lib.o(.text.user_perthread_libspace_free)
    xPSR_InitVal                             0x08005501   Thumb Code    18  rtx_thread.o(.text.xPSR_InitVal)
    [Anonymous Symbol]                       0x08005500   Section        0  rtx_thread.o(.text.xPSR_InitVal)
    $v0                                      0x08005512   Number         0  fpinit.o(x$fpl$fpinit)
    x$fpl$fpinit                             0x08005512   Section       26  fpinit.o(x$fpl$fpinit)
    __tagsym$$used.4                         0x0800552c   Number         0  rtx_lib.o(.rodata)
    __tagsym$$used.5                         0x0800559c   Number         0  rtx_lib.o(.rodata)
    os_idle_thread_attr                      0x080055e8   Data          36  rtx_lib.o(.rodata.os_idle_thread_attr)
    [Anonymous Symbol]                       0x080055e8   Section        0  rtx_lib.o(.rodata.os_idle_thread_attr)
    os_timer_mq_attr                         0x0800560c   Data          24  rtx_lib.o(.rodata.os_timer_mq_attr)
    [Anonymous Symbol]                       0x0800560c   Section        0  rtx_lib.o(.rodata.os_timer_mq_attr)
    os_timer_thread_attr                     0x08005624   Data          36  rtx_lib.o(.rodata.os_timer_thread_attr)
    [Anonymous Symbol]                       0x08005624   Section        0  rtx_lib.o(.rodata.os_timer_thread_attr)
    .L.str                                   0x08005648   Data          11  rtx_kernel.o(.rodata.str1.1)
    [Anonymous Symbol]                       0x08005648   Section        0  rtx_kernel.o(.rodata.str1.1)
    .bss                                     0x200000b0   Section       96  libspace.o(.bss)
    os_isr_queue                             0x20000110   Data          64  rtx_lib.o(.bss.os)
    [Anonymous Symbol]                       0x20000110   Section        0  rtx_lib.o(.bss.os)
    os_mem                                   0x20000150   Data       32768  rtx_lib.o(.bss.os)
    PendST                                   0x20008150   Data           1  os_systick.o(.bss.os)
    [Anonymous Symbol]                       0x20008150   Section        0  os_systick.o(.bss.os)
    os_libspace_id                           0x20008154   Data          16  rtx_lib.o(.bss.os.libspace)
    [Anonymous Symbol]                       0x20008154   Section        0  rtx_lib.o(.bss.os.libspace)
    os_libspace                              0x20008164   Data         480  rtx_lib.o(.bss.os.libspace)
    os_timer_mq_cb                           0x20008344   Data          52  rtx_lib.o(.bss.os.msgqueue.cb)
    [Anonymous Symbol]                       0x20008344   Section        0  rtx_lib.o(.bss.os.msgqueue.cb)
    os_timer_mq_data                         0x20008378   Data          80  rtx_lib.o(.bss.os.msgqueue.mem)
    [Anonymous Symbol]                       0x20008378   Section        0  rtx_lib.o(.bss.os.msgqueue.mem)
    os_idle_thread_cb                        0x200083c8   Data          80  rtx_lib.o(.bss.os.thread.cb)
    [Anonymous Symbol]                       0x200083c8   Section        0  rtx_lib.o(.bss.os.thread.cb)
    os_timer_thread_cb                       0x20008418   Data          80  rtx_lib.o(.bss.os.thread.cb)
    os_idle_thread_stack                     0x20008468   Data         512  rtx_lib.o(.bss.os.thread.idle.stack)
    [Anonymous Symbol]                       0x20008468   Section        0  rtx_lib.o(.bss.os.thread.idle.stack)
    os_timer_thread_stack                    0x20008668   Data         512  rtx_lib.o(.bss.os.thread.timer.stack)
    [Anonymous Symbol]                       0x20008668   Section        0  rtx_lib.o(.bss.os.thread.timer.stack)
    os_kernel_is_active.os_kernel_active     0x20008868   Data           1  rtx_lib.o(.bss.os_kernel_is_active.os_kernel_active)
    [Anonymous Symbol]                       0x20008868   Section        0  rtx_lib.o(.bss.os_kernel_is_active.os_kernel_active)
    Heap_Mem                                 0x20008870   Data         512  startup_stm32f401xe.o(HEAP)
    HEAP                                     0x20008870   Section      512  startup_stm32f401xe.o(HEAP)
    Stack_Mem                                0x20008a70   Data        1024  startup_stm32f401xe.o(STACK)
    STACK                                    0x20008a70   Section     1024  startup_stm32f401xe.o(STACK)
    __initial_sp                             0x20008e70   Data           0  startup_stm32f401xe.o(STACK)
    FPCCR                                    0xe000ef34   Number         0  irq_armv7m.o ABSOLUTE

    Global Symbols

    Symbol Name                              Value     Ov Type        Size  Object(Section)

    BuildAttributes$$THM_ISAv4$E$P$D$K$B$S$7EM$VFPi3$EXTD16$VFPS$VFMA$PE$A:L22UL41UL21$X:L11$S22US41US21$IEEE1$IW$~IW$USESV6$~STKCKD$USESV7$~SHL$OSPACE$ROPI$EBA8$UX$STANDARDLIB$REQ8$PRES8$EABIv2 0x00000000   Number         0  anon$$obj.o ABSOLUTE
    .bss.os.evflags.cb$$Base                  - Undefined Weak Reference
    .bss.os.evflags.cb$$Limit                 - Undefined Weak Reference
    .bss.os.mempool.cb$$Base                  - Undefined Weak Reference
    .bss.os.mempool.cb$$Limit                 - Undefined Weak Reference
    .bss.os.mutex.cb$$Base                    - Undefined Weak Reference
    .bss.os.mutex.cb$$Limit                   - Undefined Weak Reference
    .bss.os.semaphore.cb$$Base                - Undefined Weak Reference
    .bss.os.semaphore.cb$$Limit               - Undefined Weak Reference
    .bss.os.timer.cb$$Base                    - Undefined Weak Reference
    .bss.os.timer.cb$$Limit                   - Undefined Weak Reference
    __ARM_exceptions_init                     - Undefined Weak Reference
    __alloca_initialize                       - Undefined Weak Reference
    __arm_preinit_                            - Undefined Weak Reference
    __arm_relocate_pie_                       - Undefined Weak Reference
    __cpp_initialize__aeabi_                  - Undefined Weak Reference
    __cxa_finalize                            - Undefined Weak Reference
    __rt_locale                               - Undefined Weak Reference
    __sigvec_lookup                           - Undefined Weak Reference
    _atexit_init                              - Undefined Weak Reference
    _call_atexit_fns                          - Undefined Weak Reference
    _clock_init                               - Undefined Weak Reference
    _fp_trap_init                             - Undefined Weak Reference
    _fp_trap_shutdown                         - Undefined Weak Reference
    _get_lc_collate                           - Undefined Weak Reference
    _get_lc_ctype                             - Undefined Weak Reference
    _get_lc_monetary                          - Undefined Weak Reference
    _get_lc_numeric                           - Undefined Weak Reference
    _get_lc_time                              - Undefined Weak Reference
    _getenv_init                              - Undefined Weak Reference
    _handle_redirection                       - Undefined Weak Reference
    _init_alloc                               - Undefined Weak Reference
    _init_user_alloc                          - Undefined Weak Reference
    _initio                                   - Undefined Weak Reference
    _rand_init                                - Undefined Weak Reference
    _signal_finish                            - Undefined Weak Reference
    _signal_init                              - Undefined Weak Reference
    _terminate_alloc                          - Undefined Weak Reference
    _terminate_user_alloc                     - Undefined Weak Reference
    _terminateio                              - Undefined Weak Reference
    __Vectors_Size                           0x00000194   Number         0  startup_stm32f401xe.o ABSOLUTE
    __Vectors                                0x08000000   Data           4  startup_stm32f401xe.o(RESET)
    __Vectors_End                            0x08000194   Data           0  startup_stm32f401xe.o(RESET)
    __main                                   0x08000195   Thumb Code     8  __main.o(!!!main)
    __scatterload                            0x0800019d   Thumb Code     0  __scatter.o(!!!scatter)
    __scatterload_rt2                        0x0800019d   Thumb Code    84  __scatter.o(!!!scatter)
    __scatterload_rt2_thumb_only             0x0800019d   Thumb Code     0  __scatter.o(!!!scatter)
    __scatterload_loop                       0x080001a7   Thumb Code     0  __scatter.o(!!!scatter)
    __scatterload_copy                       0x080001f9   Thumb Code    26  __scatter_copy.o(!!handler_copy)
    __scatterload_null                       0x08000215   Thumb Code     2  __scatter.o(!!handler_null)
    __scatterload_zeroinit                   0x08000219   Thumb Code    28  __scatter_zi.o(!!handler_zi)
    __rt_lib_init                            0x08000235   Thumb Code     0  libinit.o(.ARM.Collect$$libinit$$00000000)
    __rt_lib_init_fp_1                       0x08000237   Thumb Code     0  libinit2.o(.ARM.Collect$$libinit$$00000001)
    __rt_lib_init_alloca_1                   0x0800023b   Thumb Code     0  libinit2.o(.ARM.Collect$$libinit$$00000030)
    __rt_lib_init_argv_1                     0x0800023b   Thumb Code     0  libinit2.o(.ARM.Collect$$libinit$$0000002E)
    __rt_lib_init_atexit_1                   0x0800023b   Thumb Code     0  libinit2.o(.ARM.Collect$$libinit$$0000001D)
    __rt_lib_init_clock_1                    0x0800023b   Thumb Code     0  libinit2.o(.ARM.Collect$$libinit$$00000023)
    __rt_lib_init_cpp_1                      0x0800023b   Thumb Code     0  libinit2.o(.ARM.Collect$$libinit$$00000034)
    __rt_lib_init_exceptions_1               0x0800023b   Thumb Code     0  libinit2.o(.ARM.Collect$$libinit$$00000032)
    __rt_lib_init_fp_trap_1                  0x0800023b   Thumb Code     0  libinit2.o(.ARM.Collect$$libinit$$00000021)
    __rt_lib_init_getenv_1                   0x0800023b   Thumb Code     0  libinit2.o(.ARM.Collect$$libinit$$00000025)
    __rt_lib_init_heap_1                     0x0800023b   Thumb Code     0  libinit2.o(.ARM.Collect$$libinit$$0000000C)
    __rt_lib_init_lc_collate_1               0x0800023b   Thumb Code     0  libinit2.o(.ARM.Collect$$libinit$$00000013)
    __rt_lib_init_lc_ctype_1                 0x0800023b   Thumb Code     0  libinit2.o(.ARM.Collect$$libinit$$00000015)
    __rt_lib_init_lc_monetary_1              0x0800023b   Thumb Code     0  libinit2.o(.ARM.Collect$$libinit$$00000017)
    __rt_lib_init_lc_numeric_1               0x0800023b   Thumb Code     0  libinit2.o(.ARM.Collect$$libinit$$00000019)
    __rt_lib_init_lc_time_1                  0x0800023b   Thumb Code     0  libinit2.o(.ARM.Collect$$libinit$$0000001B)
    __rt_lib_init_preinit_1                  0x0800023b   Thumb Code     0  libinit2.o(.ARM.Collect$$libinit$$00000006)
    __rt_lib_init_rand_1                     0x0800023b   Thumb Code     0  libinit2.o(.ARM.Collect$$libinit$$00000010)
    __rt_lib_init_relocate_pie_1             0x0800023b   Thumb Code     0  libinit2.o(.ARM.Collect$$libinit$$00000004)
    __rt_lib_init_return                     0x0800023b   Thumb Code     0  libinit2.o(.ARM.Collect$$libinit$$00000035)
    __rt_lib_init_signal_1                   0x0800023b   Thumb Code     0  libinit2.o(.ARM.Collect$$libinit$$0000001F)
    __rt_lib_init_stdio_1                    0x0800023b   Thumb Code     0  libinit2.o(.ARM.Collect$$libinit$$00000027)
    __rt_lib_init_user_alloc_1               0x0800023b   Thumb Code     0  libinit2.o(.ARM.Collect$$libinit$$0000000E)
    __rt_lib_shutdown                        0x0800023d   Thumb Code     0  libshutdown.o(.ARM.Collect$$libshutdown$$00000000)
    __rt_lib_shutdown_cpp_1                  0x0800023f   Thumb Code     0  libshutdown2.o(.ARM.Collect$$libshutdown$$00000002)
    __rt_lib_shutdown_fp_trap_1              0x0800023f   Thumb Code     0  libshutdown2.o(.ARM.Collect$$libshutdown$$00000007)
    __rt_lib_shutdown_heap_1                 0x0800023f   Thumb Code     0  libshutdown2.o(.ARM.Collect$$libshutdown$$0000000F)
    __rt_lib_shutdown_return                 0x0800023f   Thumb Code     0  libshutdown2.o(.ARM.Collect$$libshutdown$$00000010)
    __rt_lib_shutdown_signal_1               0x0800023f   Thumb Code     0  libshutdown2.o(.ARM.Collect$$libshutdown$$0000000A)
    __rt_lib_shutdown_stdio_1                0x0800023f   Thumb Code     0  libshutdown2.o(.ARM.Collect$$libshutdown$$00000004)
    __rt_lib_shutdown_user_alloc_1           0x0800023f   Thumb Code     0  libshutdown2.o(.ARM.Collect$$libshutdown$$0000000C)
    __rt_entry                               0x08000241   Thumb Code     0  __rtentry.o(.ARM.Collect$$rtentry$$00000000)
    __rt_entry_presh_1                       0x08000241   Thumb Code     0  __rtentry2.o(.ARM.Collect$$rtentry$$00000002)
    __rt_entry_sh                            0x08000241   Thumb Code     0  __rtentry4.o(.ARM.Collect$$rtentry$$00000004)
    __rt_entry_postsh_1                      0x08000247   Thumb Code     0  __rtentry2.o(.ARM.Collect$$rtentry$$00000008)
    __rt_entry_li                            0x0800024f   Thumb Code     0  __rtentry2.o(.ARM.Collect$$rtentry$$0000000A)
    __rt_entry_main                          0x08000253   Thumb Code     0  __rtentry2.o(.ARM.Collect$$rtentry$$0000000D)
    __rt_entry_postli_1                      0x08000253   Thumb Code     0  __rtentry2.o(.ARM.Collect$$rtentry$$0000000C)
    __rt_exit                                0x0800025b   Thumb Code     0  rtexit.o(.ARM.Collect$$rtexit$$00000000)
    __rt_exit_ls                             0x0800025d   Thumb Code     0  rtexit2.o(.ARM.Collect$$rtexit$$00000003)
    __rt_exit_prels_1                        0x0800025d   Thumb Code     0  rtexit2.o(.ARM.Collect$$rtexit$$00000002)
    __rt_exit_exit                           0x08000261   Thumb Code     0  rtexit2.o(.ARM.Collect$$rtexit$$00000004)
    SVC_Handler                              0x08000269   Thumb Code   208  irq_armv7m.o(.text)
    PendSV_Handler                           0x08000339   Thumb Code    16  irq_armv7m.o(.text)
    SysTick_Handler                          0x08000349   Thumb Code    16  irq_armv7m.o(.text)
    Reset_Handler                            0x08000369   Thumb Code     8  startup_stm32f401xe.o(.text)
    ADC_IRQHandler                           0x08000383   Thumb Code     0  startup_stm32f401xe.o(.text)
    DMA1_Stream0_IRQHandler                  0x08000383   Thumb Code     0  startup_stm32f401xe.o(.text)
    DMA1_Stream1_IRQHandler                  0x08000383   Thumb Code     0  startup_stm32f401xe.o(.text)
    DMA1_Stream2_IRQHandler                  0x08000383   Thumb Code     0  startup_stm32f401xe.o(.text)
    DMA1_Stream3_IRQHandler                  0x08000383   Thumb Code     0  startup_stm32f401xe.o(.text)
    DMA1_Stream4_IRQHandler                  0x08000383   Thumb Code     0  startup_stm32f401xe.o(.text)
    DMA1_Stream5_IRQHandler                  0x08000383   Thumb Code     0  startup_stm32f401xe.o(.text)
    DMA1_Stream6_IRQHandler                  0x08000383   Thumb Code     0  startup_stm32f401xe.o(.text)
    DMA1_Stream7_IRQHandler                  0x08000383   Thumb Code     0  startup_stm32f401xe.o(.text)
    DMA2_Stream0_IRQHandler                  0x08000383   Thumb Code     0  startup_stm32f401xe.o(.text)
    DMA2_Stream1_IRQHandler                  0x08000383   Thumb Code     0  startup_stm32f401xe.o(.text)
    DMA2_Stream2_IRQHandler                  0x08000383   Thumb Code     0  startup_stm32f401xe.o(.text)
    DMA2_Stream3_IRQHandler                  0x08000383   Thumb Code     0  startup_stm32f401xe.o(.text)
    DMA2_Stream4_IRQHandler                  0x08000383   Thumb Code     0  startup_stm32f401xe.o(.text)
    DMA2_Stream5_IRQHandler                  0x08000383   Thumb Code     0  startup_stm32f401xe.o(.text)
    DMA2_Stream6_IRQHandler                  0x08000383   Thumb Code     0  startup_stm32f401xe.o(.text)
    DMA2_Stream7_IRQHandler                  0x08000383   Thumb Code     0  startup_stm32f401xe.o(.text)
    EXTI0_IRQHandler                         0x08000383   Thumb Code     0  startup_stm32f401xe.o(.text)
    EXTI15_10_IRQHandler                     0x08000383   Thumb Code     0  startup_stm32f401xe.o(.text)
    EXTI1_IRQHandler                         0x08000383   Thumb Code     0  startup_stm32f401xe.o(.text)
    EXTI2_IRQHandler                         0x08000383   Thumb Code     0  startup_stm32f401xe.o(.text)
    EXTI3_IRQHandler                         0x08000383   Thumb Code     0  startup_stm32f401xe.o(.text)
    EXTI4_IRQHandler                         0x08000383   Thumb Code     0  startup_stm32f401xe.o(.text)
    EXTI9_5_IRQHandler                       0x08000383   Thumb Code     0  startup_stm32f401xe.o(.text)
    FLASH_IRQHandler                         0x08000383   Thumb Code     0  startup_stm32f401xe.o(.text)
    FPU_IRQHandler                           0x08000383   Thumb Code     0  startup_stm32f401xe.o(.text)
    I2C1_ER_IRQHandler                       0x08000383   Thumb Code     0  startup_stm32f401xe.o(.text)
    I2C1_EV_IRQHandler                       0x08000383   Thumb Code     0  startup_stm32f401xe.o(.text)
    I2C2_ER_IRQHandler                       0x08000383   Thumb Code     0  startup_stm32f401xe.o(.text)
    I2C2_EV_IRQHandler                       0x08000383   Thumb Code     0  startup_stm32f401xe.o(.text)
    I2C3_ER_IRQHandler                       0x08000383   Thumb Code     0  startup_stm32f401xe.o(.text)
    I2C3_EV_IRQHandler                       0x08000383   Thumb Code     0  startup_stm32f401xe.o(.text)
    OTG_FS_IRQHandler                        0x08000383   Thumb Code     0  startup_stm32f401xe.o(.text)
    OTG_FS_WKUP_IRQHandler                   0x08000383   Thumb Code     0  startup_stm32f401xe.o(.text)
    PVD_IRQHandler                           0x08000383   Thumb Code     0  startup_stm32f401xe.o(.text)
    RCC_IRQHandler                           0x08000383   Thumb Code     0  startup_stm32f401xe.o(.text)
    RTC_Alarm_IRQHandler                     0x08000383   Thumb Code     0  startup_stm32f401xe.o(.text)
    RTC_WKUP_IRQHandler                      0x08000383   Thumb Code     0  startup_stm32f401xe.o(.text)
    SDIO_IRQHandler                          0x08000383   Thumb Code     0  startup_stm32f401xe.o(.text)
    SPI1_IRQHandler                          0x08000383   Thumb Code     0  startup_stm32f401xe.o(.text)
    SPI2_IRQHandler                          0x08000383   Thumb Code     0  startup_stm32f401xe.o(.text)
    SPI3_IRQHandler                          0x08000383   Thumb Code     0  startup_stm32f401xe.o(.text)
    SPI4_IRQHandler                          0x08000383   Thumb Code     0  startup_stm32f401xe.o(.text)
    TAMP_STAMP_IRQHandler                    0x08000383   Thumb Code     0  startup_stm32f401xe.o(.text)
    TIM1_BRK_TIM9_IRQHandler                 0x08000383   Thumb Code     0  startup_stm32f401xe.o(.text)
    TIM1_CC_IRQHandler                       0x08000383   Thumb Code     0  startup_stm32f401xe.o(.text)
    TIM1_TRG_COM_TIM11_IRQHandler            0x08000383   Thumb Code     0  startup_stm32f401xe.o(.text)
    TIM1_UP_TIM10_IRQHandler                 0x08000383   Thumb Code     0  startup_stm32f401xe.o(.text)
    TIM2_IRQHandler                          0x08000383   Thumb Code     0  startup_stm32f401xe.o(.text)
    TIM3_IRQHandler                          0x08000383   Thumb Code     0  startup_stm32f401xe.o(.text)
    TIM4_IRQHandler                          0x08000383   Thumb Code     0  startup_stm32f401xe.o(.text)
    TIM5_IRQHandler                          0x08000383   Thumb Code     0  startup_stm32f401xe.o(.text)
    USART1_IRQHandler                        0x08000383   Thumb Code     0  startup_stm32f401xe.o(.text)
    USART2_IRQHandler                        0x08000383   Thumb Code     0  startup_stm32f401xe.o(.text)
    USART6_IRQHandler                        0x08000383   Thumb Code     0  startup_stm32f401xe.o(.text)
    WWDG_IRQHandler                          0x08000383   Thumb Code     0  startup_stm32f401xe.o(.text)
    __user_initial_stackheap                 0x08000385   Thumb Code     0  startup_stm32f401xe.o(.text)
    __aeabi_uldivmod                         0x080003a9   Thumb Code     0  lludivv7m.o(.text)
    _ll_udiv                                 0x080003a9   Thumb Code   240  lludivv7m.o(.text)
    __aeabi_memcpy                           0x08000499   Thumb Code     0  rt_memcpy_v6.o(.text)
    __rt_memcpy                              0x08000499   Thumb Code   138  rt_memcpy_v6.o(.text)
    _memcpy_lastbytes                        0x080004ff   Thumb Code     0  rt_memcpy_v6.o(.text)
    __aeabi_memclr                           0x08000523   Thumb Code     0  rt_memclr.o(.text)
    __rt_memclr                              0x08000523   Thumb Code     0  rt_memclr.o(.text)
    _memset                                  0x08000527   Thumb Code    64  rt_memclr.o(.text)
    __aeabi_memclr4                          0x08000567   Thumb Code     0  rt_memclr_w.o(.text)
    __aeabi_memclr8                          0x08000567   Thumb Code     0  rt_memclr_w.o(.text)
    __rt_memclr_w                            0x08000567   Thumb Code     0  rt_memclr_w.o(.text)
    _memset_w                                0x0800056b   Thumb Code    74  rt_memclr_w.o(.text)
    __use_two_region_memory                  0x080005b5   Thumb Code     2  heapauxi.o(.text)
    __rt_heap_escrow$2region                 0x080005b7   Thumb Code     2  heapauxi.o(.text)
    __rt_heap_expand$2region                 0x080005b9   Thumb Code     2  heapauxi.o(.text)
    __aeabi_memcpy4                          0x080005bb   Thumb Code     0  rt_memcpy_w.o(.text)
    __aeabi_memcpy8                          0x080005bb   Thumb Code     0  rt_memcpy_w.o(.text)
    __rt_memcpy_w                            0x080005bb   Thumb Code   100  rt_memcpy_w.o(.text)
    _memcpy_lastbytes_aligned                0x08000603   Thumb Code     0  rt_memcpy_w.o(.text)
    __user_setup_stackheap                   0x0800061f   Thumb Code    74  sys_stackheap_outer.o(.text)
    exit                                     0x08000669   Thumb Code    18  exit.o(.text)
    __user_libspace                          0x0800067d   Thumb Code     8  libspace.o(.text)
    __user_perproc_libspace                  0x0800067d   Thumb Code     0  libspace.o(.text)
    _sys_exit                                0x08000685   Thumb Code     8  sys_exit.o(.text)
    __I$use$semihosting                      0x08000691   Thumb Code     0  use_no_semi.o(.text)
    __use_no_semihosting_swi                 0x08000691   Thumb Code     2  use_no_semi.o(.text)
    __semihosting_library_function           0x08000693   Thumb Code     0  indicate_semi.o(.text)
    _fp_init                                 0x08000695   Thumb Code    22  rtx_lib.o(.text.$Sub$$_fp_init)
    BusFault_Handler                         0x080006ad   Thumb Code     4  stm32f4xx_it.o(.text.BusFault_Handler)
    DebugMon_Handler                         0x080006b1   Thumb Code     2  stm32f4xx_it.o(.text.DebugMon_Handler)
    EvrRtxDelay                              0x080006b5   Thumb Code     8  rtx_evr.o(.text.EvrRtxDelay)
    EvrRtxDelayCompleted                     0x080006bd   Thumb Code     8  rtx_evr.o(.text.EvrRtxDelayCompleted)
    EvrRtxDelayError                         0x080006c5   Thumb Code     8  rtx_evr.o(.text.EvrRtxDelayError)
    EvrRtxDelayStarted                       0x080006cd   Thumb Code     8  rtx_evr.o(.text.EvrRtxDelayStarted)
    EvrRtxEventFlagsWaitTimeout              0x080006d5   Thumb Code     8  rtx_evr.o(.text.EvrRtxEventFlagsWaitTimeout)
    EvrRtxKernelError                        0x080006dd   Thumb Code     8  rtx_evr.o(.text.EvrRtxKernelError)
    EvrRtxKernelErrorNotify                  0x080006e5   Thumb Code    10  rtx_evr.o(.text.EvrRtxKernelErrorNotify)
    EvrRtxKernelGetState                     0x080006f1   Thumb Code     8  rtx_evr.o(.text.EvrRtxKernelGetState)
    EvrRtxKernelInitialize                   0x080006f9   Thumb Code     2  rtx_evr.o(.text.EvrRtxKernelInitialize)
    EvrRtxKernelInitialized                  0x080006fd   Thumb Code     2  rtx_evr.o(.text.EvrRtxKernelInitialized)
    EvrRtxKernelStart                        0x08000701   Thumb Code     2  rtx_evr.o(.text.EvrRtxKernelStart)
    EvrRtxKernelStarted                      0x08000705   Thumb Code     2  rtx_evr.o(.text.EvrRtxKernelStarted)
    EvrRtxMemoryAlloc                        0x08000709   Thumb Code    14  rtx_evr.o(.text.EvrRtxMemoryAlloc)
    EvrRtxMemoryBlockAlloc                   0x08000719   Thumb Code    10  rtx_evr.o(.text.EvrRtxMemoryBlockAlloc)
    EvrRtxMemoryBlockFree                    0x08000725   Thumb Code    12  rtx_evr.o(.text.EvrRtxMemoryBlockFree)
    EvrRtxMemoryBlockInit                    0x08000731   Thumb Code    14  rtx_evr.o(.text.EvrRtxMemoryBlockInit)
    EvrRtxMemoryFree                         0x08000741   Thumb Code    12  rtx_evr.o(.text.EvrRtxMemoryFree)
    EvrRtxMemoryInit                         0x0800074d   Thumb Code    12  rtx_evr.o(.text.EvrRtxMemoryInit)
    EvrRtxMemoryPoolAllocTimeout             0x08000759   Thumb Code     8  rtx_evr.o(.text.EvrRtxMemoryPoolAllocTimeout)
    EvrRtxMessageQueueCreated                0x08000761   Thumb Code    10  rtx_evr.o(.text.EvrRtxMessageQueueCreated)
    EvrRtxMessageQueueError                  0x0800076d   Thumb Code    10  rtx_evr.o(.text.EvrRtxMessageQueueError)
    EvrRtxMessageQueueGet                    0x08000779   Thumb Code    14  rtx_evr.o(.text.EvrRtxMessageQueueGet)
    EvrRtxMessageQueueGetPending             0x08000789   Thumb Code    12  rtx_evr.o(.text.EvrRtxMessageQueueGetPending)
    EvrRtxMessageQueueGetTimeout             0x08000795   Thumb Code     8  rtx_evr.o(.text.EvrRtxMessageQueueGetTimeout)
    EvrRtxMessageQueueInsertPending          0x0800079d   Thumb Code    10  rtx_evr.o(.text.EvrRtxMessageQueueInsertPending)
    EvrRtxMessageQueueInserted               0x080007a9   Thumb Code    10  rtx_evr.o(.text.EvrRtxMessageQueueInserted)
    EvrRtxMessageQueueNotInserted            0x080007b5   Thumb Code    10  rtx_evr.o(.text.EvrRtxMessageQueueNotInserted)
    EvrRtxMessageQueueNotRetrieved           0x080007c1   Thumb Code    10  rtx_evr.o(.text.EvrRtxMessageQueueNotRetrieved)
    EvrRtxMessageQueuePut                    0x080007cd   Thumb Code    16  rtx_evr.o(.text.EvrRtxMessageQueuePut)
    EvrRtxMessageQueuePutPending             0x080007dd   Thumb Code    12  rtx_evr.o(.text.EvrRtxMessageQueuePutPending)
    EvrRtxMessageQueuePutTimeout             0x080007e9   Thumb Code     8  rtx_evr.o(.text.EvrRtxMessageQueuePutTimeout)
    EvrRtxMessageQueueRetrieved              0x080007f1   Thumb Code    10  rtx_evr.o(.text.EvrRtxMessageQueueRetrieved)
    EvrRtxMutexAcquire                       0x080007fd   Thumb Code    10  rtx_evr.o(.text.EvrRtxMutexAcquire)
    EvrRtxMutexAcquirePending                0x08000809   Thumb Code    10  rtx_evr.o(.text.EvrRtxMutexAcquirePending)
    EvrRtxMutexAcquireTimeout                0x08000815   Thumb Code     8  rtx_evr.o(.text.EvrRtxMutexAcquireTimeout)
    EvrRtxMutexAcquired                      0x0800081d   Thumb Code    10  rtx_evr.o(.text.EvrRtxMutexAcquired)
    EvrRtxMutexCreated                       0x08000829   Thumb Code    10  rtx_evr.o(.text.EvrRtxMutexCreated)
    EvrRtxMutexDelete                        0x08000835   Thumb Code     8  rtx_evr.o(.text.EvrRtxMutexDelete)
    EvrRtxMutexDestroyed                     0x0800083d   Thumb Code     8  rtx_evr.o(.text.EvrRtxMutexDestroyed)
    EvrRtxMutexError                         0x08000845   Thumb Code    10  rtx_evr.o(.text.EvrRtxMutexError)
    EvrRtxMutexNew                           0x08000851   Thumb Code     8  rtx_evr.o(.text.EvrRtxMutexNew)
    EvrRtxMutexNotAcquired                   0x08000859   Thumb Code     8  rtx_evr.o(.text.EvrRtxMutexNotAcquired)
    EvrRtxMutexRelease                       0x08000861   Thumb Code     8  rtx_evr.o(.text.EvrRtxMutexRelease)
    EvrRtxMutexReleased                      0x08000869   Thumb Code    10  rtx_evr.o(.text.EvrRtxMutexReleased)
    EvrRtxSemaphoreAcquireTimeout            0x08000875   Thumb Code     8  rtx_evr.o(.text.EvrRtxSemaphoreAcquireTimeout)
    EvrRtxThreadBlocked                      0x0800087d   Thumb Code    10  rtx_evr.o(.text.EvrRtxThreadBlocked)
    EvrRtxThreadCreated                      0x08000889   Thumb Code    12  rtx_evr.o(.text.EvrRtxThreadCreated)
    EvrRtxThreadDestroyed                    0x08000895   Thumb Code     8  rtx_evr.o(.text.EvrRtxThreadDestroyed)
    EvrRtxThreadError                        0x0800089d   Thumb Code    10  rtx_evr.o(.text.EvrRtxThreadError)
    EvrRtxThreadExit                         0x080008a9   Thumb Code     2  rtx_evr.o(.text.EvrRtxThreadExit)
    EvrRtxThreadFlagsWaitCompleted           0x080008ad   Thumb Code    14  rtx_evr.o(.text.EvrRtxThreadFlagsWaitCompleted)
    EvrRtxThreadFlagsWaitTimeout             0x080008bd   Thumb Code     8  rtx_evr.o(.text.EvrRtxThreadFlagsWaitTimeout)
    EvrRtxThreadJoined                       0x080008c5   Thumb Code     8  rtx_evr.o(.text.EvrRtxThreadJoined)
    EvrRtxThreadNew                          0x080008cd   Thumb Code    12  rtx_evr.o(.text.EvrRtxThreadNew)
    EvrRtxThreadPreempted                    0x080008d9   Thumb Code     8  rtx_evr.o(.text.EvrRtxThreadPreempted)
    EvrRtxThreadSwitched                     0x080008e1   Thumb Code     8  rtx_evr.o(.text.EvrRtxThreadSwitched)
    EvrRtxThreadUnblocked                    0x080008e9   Thumb Code    10  rtx_evr.o(.text.EvrRtxThreadUnblocked)
    EvrRtxTimerCallback                      0x080008f5   Thumb Code    10  rtx_evr.o(.text.EvrRtxTimerCallback)
    HAL_GPIO_Init                            0x08000901   Thumb Code   866  stm32f4xx_hal_gpio.o(.text.HAL_GPIO_Init)
    HAL_GPIO_TogglePin                       0x08000c65   Thumb Code    38  stm32f4xx_hal_gpio.o(.text.HAL_GPIO_TogglePin)
    HAL_GPIO_WritePin                        0x08000c8d   Thumb Code    46  stm32f4xx_hal_gpio.o(.text.HAL_GPIO_WritePin)
    HAL_GetTick                              0x08000cbd   Thumb Code    12  stm32f4xx_hal.o(.text.HAL_GetTick)
    HAL_Init                                 0x08000cc9   Thumb Code    54  stm32f4xx_hal.o(.text.HAL_Init)
    HAL_InitTick                             0x08000d01   Thumb Code   112  stm32f4xx_hal.o(.text.HAL_InitTick)
    HAL_MspInit                              0x08000d71   Thumb Code    74  stm32f4xx_hal_msp.o(.text.HAL_MspInit)
    HAL_NVIC_SetPriority                     0x08000dbd   Thumb Code    50  stm32f4xx_hal_cortex.o(.text.HAL_NVIC_SetPriority)
    HAL_NVIC_SetPriorityGrouping             0x08000df1   Thumb Code    16  stm32f4xx_hal_cortex.o(.text.HAL_NVIC_SetPriorityGrouping)
    HAL_RCC_ClockConfig                      0x08000e01   Thumb Code   610  stm32f4xx_hal_rcc.o(.text.HAL_RCC_ClockConfig)
    HAL_RCC_GetSysClockFreq                  0x08001065   Thumb Code   230  stm32f4xx_hal_rcc.o(.text.HAL_RCC_GetSysClockFreq)
    HAL_RCC_OscConfig                        0x0800114d   Thumb Code  1726  stm32f4xx_hal_rcc.o(.text.HAL_RCC_OscConfig)
    HAL_SYSTICK_Config                       0x0800180d   Thumb Code    16  stm32f4xx_hal_cortex.o(.text.HAL_SYSTICK_Config)
    HardFault_Handler                        0x0800181d   Thumb Code     4  stm32f4xx_it.o(.text.HardFault_Handler)
    MemManage_Handler                        0x08001a79   Thumb Code     4  stm32f4xx_it.o(.text.MemManage_Handler)
    NMI_Handler                              0x08001bc1   Thumb Code     4  stm32f4xx_it.o(.text.NMI_Handler)
    OS_Tick_AcknowledgeIRQ                   0x08001c31   Thumb Code    12  os_systick.o(.text.OS_Tick_AcknowledgeIRQ)
    OS_Tick_Enable                           0x08001c3d   Thumb Code    60  os_systick.o(.text.OS_Tick_Enable)
    OS_Tick_GetIRQn                          0x08001c79   Thumb Code     6  os_systick.o(.text.OS_Tick_GetIRQn)
    OS_Tick_Setup                            0x08001c81   Thumb Code   126  os_systick.o(.text.OS_Tick_Setup)
    SystemClock_Config                       0x08001e19   Thumb Code   184  system_clock_config.o(.text.SystemClock_Config)
    SystemCoreClockUpdate                    0x08001ed1   Thumb Code   302  system_stm32f4xx.o(.text.SystemCoreClockUpdate)
    SystemInit                               0x08002001   Thumb Code    18  system_stm32f4xx.o(.text.SystemInit)
    UsageFault_Handler                       0x08002159   Thumb Code     4  stm32f4xx_it.o(.text.UsageFault_Handler)
    _mutex_acquire                           0x080021fd   Thumb Code    32  rtx_lib.o(.text._mutex_acquire)
    _mutex_free                              0x0800221d   Thumb Code    18  rtx_lib.o(.text._mutex_free)
    _mutex_initialize                        0x08002231   Thumb Code    50  rtx_lib.o(.text._mutex_initialize)
    _mutex_release                           0x08002265   Thumb Code    28  rtx_lib.o(.text._mutex_release)
    _platform_post_stackheap_init            0x08002281   Thumb Code     8  rtx_lib.o(.text._platform_post_stackheap_init)
    main                                     0x080026d5   Thumb Code    70  main.o(.text.main)
    osDelay                                  0x0800271d   Thumb Code    84  rtx_delay.o(.text.osDelay)
    osKernelGetState                         0x08002771   Thumb Code    66  rtx_kernel.o(.text.osKernelGetState)
    osKernelInitialize                       0x080027b5   Thumb Code    74  rtx_kernel.o(.text.osKernelInitialize)
    osKernelStart                            0x08002801   Thumb Code    70  rtx_kernel.o(.text.osKernelStart)
    osMessageQueueGet                        0x08002849   Thumb Code   126  rtx_msgqueue.o(.text.osMessageQueueGet)
    osMessageQueuePut                        0x080028c9   Thumb Code   138  rtx_msgqueue.o(.text.osMessageQueuePut)
    osMutexAcquire                           0x08002955   Thumb Code   100  rtx_mutex.o(.text.osMutexAcquire)
    osMutexDelete                            0x080029b9   Thumb Code    86  rtx_mutex.o(.text.osMutexDelete)
    osMutexNew                               0x08002a11   Thumb Code    86  rtx_mutex.o(.text.osMutexNew)
    osMutexRelease                           0x08002a69   Thumb Code    86  rtx_mutex.o(.text.osMutexRelease)
    osRtxErrorNotify                         0x08002ac1   Thumb Code    48  rtx_config.o(.text.osRtxErrorNotify)
    osRtxIdleThread                          0x08002afd   Thumb Code     8  rtx_config.o(.text.osRtxIdleThread)
    osRtxKernelBeforeInit                    0x08002b05   Thumb Code     2  rtx_kernel.o(.text.osRtxKernelBeforeInit)
    osRtxKernelErrorNotify                   0x08002b09   Thumb Code    28  rtx_kernel.o(.text.osRtxKernelErrorNotify)
    osRtxMemoryAlloc                         0x08002b49   Thumb Code   332  rtx_memory.o(.text.osRtxMemoryAlloc)
    osRtxMemoryFree                          0x08002c95   Thumb Code   194  rtx_memory.o(.text.osRtxMemoryFree)
    osRtxMemoryInit                          0x08002d59   Thumb Code   150  rtx_memory.o(.text.osRtxMemoryInit)
    osRtxMemoryPoolAlloc                     0x08002df1   Thumb Code    74  rtx_mempool.o(.text.osRtxMemoryPoolAlloc)
    osRtxMemoryPoolFree                      0x08002e3d   Thumb Code   100  rtx_mempool.o(.text.osRtxMemoryPoolFree)
    osRtxMemoryPoolInit                      0x08002ea1   Thumb Code   152  rtx_mempool.o(.text.osRtxMemoryPoolInit)
    osRtxMessageQueueTimerSetup              0x080030a1   Thumb Code    62  rtx_msgqueue.o(.text.osRtxMessageQueueTimerSetup)
    osRtxMutexOwnerRelease                   0x08003155   Thumb Code   152  rtx_mutex.o(.text.osRtxMutexOwnerRelease)
    osRtxMutexOwnerRestore                   0x080031ed   Thumb Code   172  rtx_mutex.o(.text.osRtxMutexOwnerRestore)
    osRtxPendSV_Handler                      0x080033c5   Thumb Code   184  rtx_system.o(.text.osRtxPendSV_Handler)
    osRtxPostProcess                         0x0800347d   Thumb Code    66  rtx_system.o(.text.osRtxPostProcess)
    osRtxThreadBeforeFree                    0x080034cd   Thumb Code    16  rtx_lib.o(.text.osRtxThreadBeforeFree)
    osRtxThreadDelayRemove                   0x08003661   Thumb Code   156  rtx_thread.o(.text.osRtxThreadDelayRemove)
    osRtxThreadDelayTick                     0x080036fd   Thumb Code   336  rtx_thread.o(.text.osRtxThreadDelayTick)
    osRtxThreadDestroy                       0x0800384d   Thumb Code    96  rtx_thread.o(.text.osRtxThreadDestroy)
    osRtxThreadDispatch                      0x080038ad   Thumb Code   150  rtx_thread.o(.text.osRtxThreadDispatch)
    osRtxThreadJoinWakeup                    0x08003a25   Thumb Code    60  rtx_thread.o(.text.osRtxThreadJoinWakeup)
    osRtxThreadListGet                       0x08003a61   Thumb Code    54  rtx_thread.o(.text.osRtxThreadListGet)
    osRtxThreadListPut                       0x08003a99   Thumb Code   118  rtx_thread.o(.text.osRtxThreadListPut)
    osRtxThreadListRemove                    0x08003b11   Thumb Code    50  rtx_thread.o(.text.osRtxThreadListRemove)
    osRtxThreadListSort                      0x08003b69   Thumb Code    88  rtx_thread.o(.text.osRtxThreadListSort)
    osRtxThreadReadyPut                      0x08003c1d   Thumb Code    32  rtx_thread.o(.text.osRtxThreadReadyPut)
    osRtxThreadRegPtr                        0x08003c3d   Thumb Code    34  rtx_thread.o(.text.osRtxThreadRegPtr)
    osRtxThreadStackCheck                    0x08003c89   Thumb Code    60  rtx_thread.o(.text.osRtxThreadStackCheck)
    osRtxThreadStartup                       0x08003cc5   Thumb Code   150  rtx_thread.o(.text.osRtxThreadStartup)
    osRtxThreadSwitch                        0x08003d5d   Thumb Code    46  rtx_thread.o(.text.osRtxThreadSwitch)
    osRtxThreadWaitEnter                     0x08003d8d   Thumb Code   118  rtx_thread.o(.text.osRtxThreadWaitEnter)
    osRtxThreadWaitExit                      0x08003e05   Thumb Code    70  rtx_thread.o(.text.osRtxThreadWaitExit)
    osRtxTick_Handler                        0x08003e4d   Thumb Code   272  rtx_system.o(.text.osRtxTick_Handler)
    osRtxTimerSetup                          0x08003f5d   Thumb Code    48  rtx_timer.o(.text.osRtxTimerSetup)
    osRtxTimerThread                         0x08003f8d   Thumb Code    50  rtx_timer.o(.text.osRtxTimerThread)
    osThreadExit                             0x080040ad   Thumb Code    36  rtx_thread.o(.text.osThreadExit)
    osThreadNew                              0x080040d1   Thumb Code   114  rtx_thread.o(.text.osThreadNew)
    $Super$$_fp_init                         0x08005513   Thumb Code    26  fpinit.o(x$fpl$fpinit)
    __fplib_config_fpu_vfp                   0x0800552b   Thumb Code     0  fpinit.o(x$fpl$fpinit)
    __fplib_config_pureend_doubles           0x0800552b   Thumb Code     0  fpinit.o(x$fpl$fpinit)
    osRtxConfig                              0x0800552c   Data         112  rtx_lib.o(.rodata)
    os_cb_sections                           0x0800559c   Data          56  rtx_lib.o(.rodata)
    AHBPrescTable                            0x080055d4   Data          16  system_stm32f4xx.o(.rodata.AHBPrescTable)
    osRtxUserSVC                             0x080055e4   Data           4  rtx_lib.o(.rodata.osRtxUserSVC)
    Region$$Table$$Base                      0x08005654   Number         0  anon$$obj.o(Region$$Table)
    Region$$Table$$Limit                     0x08005674   Number         0  anon$$obj.o(Region$$Table)
    SystemCoreClock                          0x20000000   Data           4  system_stm32f4xx.o(.data.SystemCoreClock)
    osRtxInfo                                0x20000004   Data         164  rtx_kernel.o(.data.os)
    uwTickFreq                               0x200000a8   Data           1  stm32f4xx_hal.o(.data.uwTickFreq)
    uwTickPrio                               0x200000ac   Data           4  stm32f4xx_hal.o(.data.uwTickPrio)
    __libspace_start                         0x200000b0   Data          96  libspace.o(.bss)
    __temporary_stack_top$libspace           0x20000110   Data           0  libspace.o(.bss)
    .bss.os.msgqueue.cb$$Base                0x20008344   Number         0  rtx_lib.o(.bss.os.msgqueue.cb)
    .bss.os.msgqueue.cb$$Limit               0x20008378   Number         0  rtx_lib.o(.bss.os.msgqueue.cb)
    .bss.os.thread.cb$$Base                  0x200083c8   Number         0  rtx_lib.o(.bss.os.thread.cb)
    .bss.os.thread.cb$$Limit                 0x20008468   Number         0  rtx_lib.o(.bss.os.thread.cb)
    uwTick                                   0x2000886c   Data           4  stm32f4xx_hal.o(.bss.uwTick)



==============================================================================

Memory Map of the image

  Image Entry point : 0x08000369

  Load Region LR_1 (Base: 0x08000000, Size: 0x00005724, Max: 0xffffffff, ABSOLUTE)

    Execution Region ER_RO (Exec base: 0x08000000, Load base: 0x08000000, Size: 0x00005674, Max: 0xffffffff, ABSOLUTE)

    Exec Addr    Load Addr    Size         Type   Attr      Idx    E Section Name        Object

    0x08000000   0x08000000   0x00000194   Data   RO         1919    RESET               startup_stm32f401xe.o
    0x08000194   0x08000194   0x00000008   Code   RO         1952  * !!!main             c_w.l(__main.o)
    0x0800019c   0x0800019c   0x0000005c   Code   RO         2127    !!!scatter          c_w.l(__scatter.o)
    0x080001f8   0x080001f8   0x0000001a   Code   RO         2131    !!handler_copy      c_w.l(__scatter_copy.o)
    0x08000212   0x08000212   0x00000002   PAD
    0x08000214   0x08000214   0x00000002   Code   RO         2128    !!handler_null      c_w.l(__scatter.o)
    0x08000216   0x08000216   0x00000002   PAD
    0x08000218   0x08000218   0x0000001c   Code   RO         2133    !!handler_zi        c_w.l(__scatter_zi.o)
    0x08000234   0x08000234   0x00000002   Code   RO         1991    .ARM.Collect$$libinit$$00000000  c_w.l(libinit.o)
    0x08000236   0x08000236   0x00000004   Code   RO         2003    .ARM.Collect$$libinit$$00000001  c_w.l(libinit2.o)
    0x0800023a   0x0800023a   0x00000000   Code   RO         2006    .ARM.Collect$$libinit$$00000004  c_w.l(libinit2.o)
    0x0800023a   0x0800023a   0x00000000   Code   RO         2008    .ARM.Collect$$libinit$$00000006  c_w.l(libinit2.o)
    0x0800023a   0x0800023a   0x00000000   Code   RO         2011    .ARM.Collect$$libinit$$0000000C  c_w.l(libinit2.o)
    0x0800023a   0x0800023a   0x00000000   Code   RO         2013    .ARM.Collect$$libinit$$0000000E  c_w.l(libinit2.o)
    0x0800023a   0x0800023a   0x00000000   Code   RO         2015    .ARM.Collect$$libinit$$00000010  c_w.l(libinit2.o)
    0x0800023a   0x0800023a   0x00000000   Code   RO         2018    .ARM.Collect$$libinit$$00000013  c_w.l(libinit2.o)
    0x0800023a   0x0800023a   0x00000000   Code   RO         2020    .ARM.Collect$$libinit$$00000015  c_w.l(libinit2.o)
    0x0800023a   0x0800023a   0x00000000   Code   RO         2022    .ARM.Collect$$libinit$$00000017  c_w.l(libinit2.o)
    0x0800023a   0x0800023a   0x00000000   Code   RO         2024    .ARM.Collect$$libinit$$00000019  c_w.l(libinit2.o)
    0x0800023a   0x0800023a   0x00000000   Code   RO         2026    .ARM.Collect$$libinit$$0000001B  c_w.l(libinit2.o)
    0x0800023a   0x0800023a   0x00000000   Code   RO         2028    .ARM.Collect$$libinit$$0000001D  c_w.l(libinit2.o)
    0x0800023a   0x0800023a   0x00000000   Code   RO         2030    .ARM.Collect$$libinit$$0000001F  c_w.l(libinit2.o)
    0x0800023a   0x0800023a   0x00000000   Code   RO         2032    .ARM.Collect$$libinit$$00000021  c_w.l(libinit2.o)
    0x0800023a   0x0800023a   0x00000000   Code   RO         2034    .ARM.Collect$$libinit$$00000023  c_w.l(libinit2.o)
    0x0800023a   0x0800023a   0x00000000   Code   RO         2036    .ARM.Collect$$libinit$$00000025  c_w.l(libinit2.o)
    0x0800023a   0x0800023a   0x00000000   Code   RO         2038    .ARM.Collect$$libinit$$00000027  c_w.l(libinit2.o)
    0x0800023a   0x0800023a   0x00000000   Code   RO         2042    .ARM.Collect$$libinit$$0000002E  c_w.l(libinit2.o)
    0x0800023a   0x0800023a   0x00000000   Code   RO         2044    .ARM.Collect$$libinit$$00000030  c_w.l(libinit2.o)
    0x0800023a   0x0800023a   0x00000000   Code   RO         2046    .ARM.Collect$$libinit$$00000032  c_w.l(libinit2.o)
    0x0800023a   0x0800023a   0x00000000   Code   RO         2048    .ARM.Collect$$libinit$$00000034  c_w.l(libinit2.o)
    0x0800023a   0x0800023a   0x00000002   Code   RO         2049    .ARM.Collect$$libinit$$00000035  c_w.l(libinit2.o)
    0x0800023c   0x0800023c   0x00000002   Code   RO         2082    .ARM.Collect$$libshutdown$$00000000  c_w.l(libshutdown.o)
    0x0800023e   0x0800023e   0x00000000   Code   RO         2110    .ARM.Collect$$libshutdown$$00000002  c_w.l(libshutdown2.o)
    0x0800023e   0x0800023e   0x00000000   Code   RO         2112    .ARM.Collect$$libshutdown$$00000004  c_w.l(libshutdown2.o)
    0x0800023e   0x0800023e   0x00000000   Code   RO         2115    .ARM.Collect$$libshutdown$$00000007  c_w.l(libshutdown2.o)
    0x0800023e   0x0800023e   0x00000000   Code   RO         2118    .ARM.Collect$$libshutdown$$0000000A  c_w.l(libshutdown2.o)
    0x0800023e   0x0800023e   0x00000000   Code   RO         2120    .ARM.Collect$$libshutdown$$0000000C  c_w.l(libshutdown2.o)
    0x0800023e   0x0800023e   0x00000000   Code   RO         2123    .ARM.Collect$$libshutdown$$0000000F  c_w.l(libshutdown2.o)
    0x0800023e   0x0800023e   0x00000002   Code   RO         2124    .ARM.Collect$$libshutdown$$00000010  c_w.l(libshutdown2.o)
    0x08000240   0x08000240   0x00000000   Code   RO         1956    .ARM.Collect$$rtentry$$00000000  c_w.l(__rtentry.o)
    0x08000240   0x08000240   0x00000000   Code   RO         1964    .ARM.Collect$$rtentry$$00000002  c_w.l(__rtentry2.o)
    0x08000240   0x08000240   0x00000006   Code   RO         1976    .ARM.Collect$$rtentry$$00000004  c_w.l(__rtentry4.o)
    0x08000246   0x08000246   0x00000008   Code   RO         1965    .ARM.Collect$$rtentry$$00000008  c_w.l(__rtentry2.o)
    0x0800024e   0x0800024e   0x00000004   Code   RO         1967    .ARM.Collect$$rtentry$$0000000A  c_w.l(__rtentry2.o)
    0x08000252   0x08000252   0x00000000   Code   RO         1969    .ARM.Collect$$rtentry$$0000000C  c_w.l(__rtentry2.o)
    0x08000252   0x08000252   0x00000008   Code   RO         1970    .ARM.Collect$$rtentry$$0000000D  c_w.l(__rtentry2.o)
    0x0800025a   0x0800025a   0x00000002   Code   RO         1995    .ARM.Collect$$rtexit$$00000000  c_w.l(rtexit.o)
    0x0800025c   0x0800025c   0x00000000   Code   RO         2055    .ARM.Collect$$rtexit$$00000002  c_w.l(rtexit2.o)
    0x0800025c   0x0800025c   0x00000004   Code   RO         2056    .ARM.Collect$$rtexit$$00000003  c_w.l(rtexit2.o)
    0x08000260   0x08000260   0x00000006   Code   RO         2057    .ARM.Collect$$rtexit$$00000004  c_w.l(rtexit2.o)
    0x08000266   0x08000266   0x00000002   PAD
    0x08000268   0x08000268   0x00000100   Code   RO          649    .text               irq_armv7m.o
    0x08000368   0x08000368   0x00000040   Code   RO         1920  * .text               startup_stm32f401xe.o
    0x080003a8   0x080003a8   0x000000f0   Code   RO         1942    .text               c_w.l(lludivv7m.o)
    0x08000498   0x08000498   0x0000008a   Code   RO         1944    .text               c_w.l(rt_memcpy_v6.o)
    0x08000522   0x08000522   0x00000044   Code   RO         1946    .text               c_w.l(rt_memclr.o)
    0x08000566   0x08000566   0x0000004e   Code   RO         1948    .text               c_w.l(rt_memclr_w.o)
    0x080005b4   0x080005b4   0x00000006   Code   RO         1950    .text               c_w.l(heapauxi.o)
    0x080005ba   0x080005ba   0x00000064   Code   RO         1961    .text               c_w.l(rt_memcpy_w.o)
    0x0800061e   0x0800061e   0x0000004a   Code   RO         1980    .text               c_w.l(sys_stackheap_outer.o)
    0x08000668   0x08000668   0x00000012   Code   RO         1982    .text               c_w.l(exit.o)
    0x0800067a   0x0800067a   0x00000002   PAD
    0x0800067c   0x0800067c   0x00000008   Code   RO         1992    .text               c_w.l(libspace.o)
    0x08000684   0x08000684   0x0000000c   Code   RO         2050    .text               c_w.l(sys_exit.o)
    0x08000690   0x08000690   0x00000002   Code   RO         2071    .text               c_w.l(use_no_semi.o)
    0x08000692   0x08000692   0x00000000   Code   RO         2073    .text               c_w.l(indicate_semi.o)
    0x08000692   0x08000692   0x00000002   PAD
    0x08000694   0x08000694   0x00000016   Code   RO         1231    .text.$Sub$$_fp_init  rtx_lib.o
    0x080006aa   0x080006aa   0x00000002   PAD
    0x080006ac   0x080006ac   0x00000004   Code   RO           32    .text.BusFault_Handler  stm32f4xx_it.o
    0x080006b0   0x080006b0   0x00000002   Code   RO           36    .text.DebugMon_Handler  stm32f4xx_it.o
    0x080006b2   0x080006b2   0x00000002   PAD
    0x080006b4   0x080006b4   0x00000008   Code   RO          913    .text.EvrRtxDelay   rtx_evr.o
    0x080006bc   0x080006bc   0x00000008   Code   RO          921    .text.EvrRtxDelayCompleted  rtx_evr.o
    0x080006c4   0x080006c4   0x00000008   Code   RO          911    .text.EvrRtxDelayError  rtx_evr.o
    0x080006cc   0x080006cc   0x00000008   Code   RO          917    .text.EvrRtxDelayStarted  rtx_evr.o
    0x080006d4   0x080006d4   0x00000008   Code   RO          969    .text.EvrRtxEventFlagsWaitTimeout  rtx_evr.o
    0x080006dc   0x080006dc   0x00000008   Code   RO          757    .text.EvrRtxKernelError  rtx_evr.o
    0x080006e4   0x080006e4   0x0000000a   Code   RO          805    .text.EvrRtxKernelErrorNotify  rtx_evr.o
    0x080006ee   0x080006ee   0x00000002   PAD
    0x080006f0   0x080006f0   0x00000008   Code   RO          767    .text.EvrRtxKernelGetState  rtx_evr.o
    0x080006f8   0x080006f8   0x00000002   Code   RO          759    .text.EvrRtxKernelInitialize  rtx_evr.o
    0x080006fa   0x080006fa   0x00000002   PAD
    0x080006fc   0x080006fc   0x00000002   Code   RO          761    .text.EvrRtxKernelInitialized  rtx_evr.o
    0x080006fe   0x080006fe   0x00000002   PAD
    0x08000700   0x08000700   0x00000002   Code   RO          769    .text.EvrRtxKernelStart  rtx_evr.o
    0x08000702   0x08000702   0x00000002   PAD
    0x08000704   0x08000704   0x00000002   Code   RO          771    .text.EvrRtxKernelStarted  rtx_evr.o
    0x08000706   0x08000706   0x00000002   PAD
    0x08000708   0x08000708   0x0000000e   Code   RO          747    .text.EvrRtxMemoryAlloc  rtx_evr.o
    0x08000716   0x08000716   0x00000002   PAD
    0x08000718   0x08000718   0x0000000a   Code   RO          753    .text.EvrRtxMemoryBlockAlloc  rtx_evr.o
    0x08000722   0x08000722   0x00000002   PAD
    0x08000724   0x08000724   0x0000000c   Code   RO          755    .text.EvrRtxMemoryBlockFree  rtx_evr.o
    0x08000730   0x08000730   0x0000000e   Code   RO          751    .text.EvrRtxMemoryBlockInit  rtx_evr.o
    0x0800073e   0x0800073e   0x00000002   PAD
    0x08000740   0x08000740   0x0000000c   Code   RO          749    .text.EvrRtxMemoryFree  rtx_evr.o
    0x0800074c   0x0800074c   0x0000000c   Code   RO          745    .text.EvrRtxMemoryInit  rtx_evr.o
    0x08000758   0x08000758   0x00000008   Code   RO         1047    .text.EvrRtxMemoryPoolAllocTimeout  rtx_evr.o
    0x08000760   0x08000760   0x0000000a   Code   RO         1075    .text.EvrRtxMessageQueueCreated  rtx_evr.o
    0x0800076a   0x0800076a   0x00000002   PAD
    0x0800076c   0x0800076c   0x0000000a   Code   RO         1071    .text.EvrRtxMessageQueueError  rtx_evr.o
    0x08000776   0x08000776   0x00000002   PAD
    0x08000778   0x08000778   0x0000000e   Code   RO         1091    .text.EvrRtxMessageQueueGet  rtx_evr.o
    0x08000786   0x08000786   0x00000002   PAD
    0x08000788   0x08000788   0x0000000c   Code   RO         1093    .text.EvrRtxMessageQueueGetPending  rtx_evr.o
    0x08000794   0x08000794   0x00000008   Code   RO         1095    .text.EvrRtxMessageQueueGetTimeout  rtx_evr.o
    0x0800079c   0x0800079c   0x0000000a   Code   RO         1085    .text.EvrRtxMessageQueueInsertPending  rtx_evr.o
    0x080007a6   0x080007a6   0x00000002   PAD
    0x080007a8   0x080007a8   0x0000000a   Code   RO         1087    .text.EvrRtxMessageQueueInserted  rtx_evr.o
    0x080007b2   0x080007b2   0x00000002   PAD
    0x080007b4   0x080007b4   0x0000000a   Code   RO         1089    .text.EvrRtxMessageQueueNotInserted  rtx_evr.o
    0x080007be   0x080007be   0x00000002   PAD
    0x080007c0   0x080007c0   0x0000000a   Code   RO         1099    .text.EvrRtxMessageQueueNotRetrieved  rtx_evr.o
    0x080007ca   0x080007ca   0x00000002   PAD
    0x080007cc   0x080007cc   0x00000010   Code   RO         1079    .text.EvrRtxMessageQueuePut  rtx_evr.o
    0x080007dc   0x080007dc   0x0000000c   Code   RO         1081    .text.EvrRtxMessageQueuePutPending  rtx_evr.o
    0x080007e8   0x080007e8   0x00000008   Code   RO         1083    .text.EvrRtxMessageQueuePutTimeout  rtx_evr.o
    0x080007f0   0x080007f0   0x0000000a   Code   RO         1097    .text.EvrRtxMessageQueueRetrieved  rtx_evr.o
    0x080007fa   0x080007fa   0x00000002   PAD
    0x080007fc   0x080007fc   0x0000000a   Code   RO          987    .text.EvrRtxMutexAcquire  rtx_evr.o
    0x08000806   0x08000806   0x00000002   PAD
    0x08000808   0x08000808   0x0000000a   Code   RO          989    .text.EvrRtxMutexAcquirePending  rtx_evr.o
    0x08000812   0x08000812   0x00000002   PAD
    0x08000814   0x08000814   0x00000008   Code   RO          991    .text.EvrRtxMutexAcquireTimeout  rtx_evr.o
    0x0800081c   0x0800081c   0x0000000a   Code   RO          993    .text.EvrRtxMutexAcquired  rtx_evr.o
    0x08000826   0x08000826   0x00000002   PAD
    0x08000828   0x08000828   0x0000000a   Code   RO          983    .text.EvrRtxMutexCreated  rtx_evr.o
    0x08000832   0x08000832   0x00000002   PAD
    0x08000834   0x08000834   0x00000008   Code   RO         1003    .text.EvrRtxMutexDelete  rtx_evr.o
    0x0800083c   0x0800083c   0x00000008   Code   RO         1005    .text.EvrRtxMutexDestroyed  rtx_evr.o
    0x08000844   0x08000844   0x0000000a   Code   RO          979    .text.EvrRtxMutexError  rtx_evr.o
    0x0800084e   0x0800084e   0x00000002   PAD
    0x08000850   0x08000850   0x00000008   Code   RO          981    .text.EvrRtxMutexNew  rtx_evr.o
    0x08000858   0x08000858   0x00000008   Code   RO          995    .text.EvrRtxMutexNotAcquired  rtx_evr.o
    0x08000860   0x08000860   0x00000008   Code   RO          997    .text.EvrRtxMutexRelease  rtx_evr.o
    0x08000868   0x08000868   0x0000000a   Code   RO          999    .text.EvrRtxMutexReleased  rtx_evr.o
    0x08000872   0x08000872   0x00000002   PAD
    0x08000874   0x08000874   0x00000008   Code   RO         1019    .text.EvrRtxSemaphoreAcquireTimeout  rtx_evr.o
    0x0800087c   0x0800087c   0x0000000a   Code   RO          855    .text.EvrRtxThreadBlocked  rtx_evr.o
    0x08000886   0x08000886   0x00000002   PAD
    0x08000888   0x08000888   0x0000000c   Code   RO          813    .text.EvrRtxThreadCreated  rtx_evr.o
    0x08000894   0x08000894   0x00000008   Code   RO          867    .text.EvrRtxThreadDestroyed  rtx_evr.o
    0x0800089c   0x0800089c   0x0000000a   Code   RO          809    .text.EvrRtxThreadError  rtx_evr.o
    0x080008a6   0x080008a6   0x00000002   PAD
    0x080008a8   0x080008a8   0x00000002   Code   RO          863    .text.EvrRtxThreadExit  rtx_evr.o
    0x080008aa   0x080008aa   0x00000002   PAD
    0x080008ac   0x080008ac   0x0000000e   Code   RO          907    .text.EvrRtxThreadFlagsWaitCompleted  rtx_evr.o
    0x080008ba   0x080008ba   0x00000002   PAD
    0x080008bc   0x080008bc   0x00000008   Code   RO          905    .text.EvrRtxThreadFlagsWaitTimeout  rtx_evr.o
    0x080008c4   0x080008c4   0x00000008   Code   RO          853    .text.EvrRtxThreadJoined  rtx_evr.o
    0x080008cc   0x080008cc   0x0000000c   Code   RO          811    .text.EvrRtxThreadNew  rtx_evr.o
    0x080008d8   0x080008d8   0x00000008   Code   RO          859    .text.EvrRtxThreadPreempted  rtx_evr.o
    0x080008e0   0x080008e0   0x00000008   Code   RO          861    .text.EvrRtxThreadSwitched  rtx_evr.o
    0x080008e8   0x080008e8   0x0000000a   Code   RO          857    .text.EvrRtxThreadUnblocked  rtx_evr.o
    0x080008f2   0x080008f2   0x00000002   PAD
    0x080008f4   0x080008f4   0x0000000a   Code   RO          925    .text.EvrRtxTimerCallback  rtx_evr.o
    0x080008fe   0x080008fe   0x00000002   PAD
    0x08000900   0x08000900   0x00000362   Code   RO          385    .text.HAL_GPIO_Init  stm32f4xx_hal_gpio.o
    0x08000c62   0x08000c62   0x00000002   PAD
    0x08000c64   0x08000c64   0x00000026   Code   RO          393    .text.HAL_GPIO_TogglePin  stm32f4xx_hal_gpio.o
    0x08000c8a   0x08000c8a   0x00000002   PAD
    0x08000c8c   0x08000c8c   0x0000002e   Code   RO          391    .text.HAL_GPIO_WritePin  stm32f4xx_hal_gpio.o
    0x08000cba   0x08000cba   0x00000002   PAD
    0x08000cbc   0x08000cbc   0x0000000c   Code   RO           65    .text.HAL_GetTick   stm32f4xx_hal.o
    0x08000cc8   0x08000cc8   0x00000036   Code   RO           53    .text.HAL_Init      stm32f4xx_hal.o
    0x08000cfe   0x08000cfe   0x00000002   PAD
    0x08000d00   0x08000d00   0x00000070   Code   RO           55    .text.HAL_InitTick  stm32f4xx_hal.o
    0x08000d70   0x08000d70   0x0000004a   Code   RO           18    .text.HAL_MspInit   stm32f4xx_hal_msp.o
    0x08000dba   0x08000dba   0x00000002   PAD
    0x08000dbc   0x08000dbc   0x00000032   Code   RO          125    .text.HAL_NVIC_SetPriority  stm32f4xx_hal_cortex.o
    0x08000dee   0x08000dee   0x00000002   PAD
    0x08000df0   0x08000df0   0x00000010   Code   RO          121    .text.HAL_NVIC_SetPriorityGrouping  stm32f4xx_hal_cortex.o
    0x08000e00   0x08000e00   0x00000262   Code   RO          499    .text.HAL_RCC_ClockConfig  stm32f4xx_hal_rcc.o
    0x08001062   0x08001062   0x00000002   PAD
    0x08001064   0x08001064   0x000000e6   Code   RO          501    .text.HAL_RCC_GetSysClockFreq  stm32f4xx_hal_rcc.o
    0x0800114a   0x0800114a   0x00000002   PAD
    0x0800114c   0x0800114c   0x000006be   Code   RO          497    .text.HAL_RCC_OscConfig  stm32f4xx_hal_rcc.o
    0x0800180a   0x0800180a   0x00000002   PAD
    0x0800180c   0x0800180c   0x00000010   Code   RO          145    .text.HAL_SYSTICK_Config  stm32f4xx_hal_cortex.o
    0x0800181c   0x0800181c   0x00000004   Code   RO           28    .text.HardFault_Handler  stm32f4xx_it.o
    0x08001820   0x08001820   0x00000014   Code   RO          659    .text.IsException   rtx_delay.o
    0x08001834   0x08001834   0x00000014   Code   RO         1130    .text.IsException   rtx_kernel.o
    0x08001848   0x08001848   0x00000014   Code   RO         1373    .text.IsException   rtx_msgqueue.o
    0x0800185c   0x0800185c   0x00000014   Code   RO         1454    .text.IsException   rtx_mutex.o
    0x08001870   0x08001870   0x00000014   Code   RO         1657    .text.IsException   rtx_thread.o
    0x08001884   0x08001884   0x0000002e   Code   RO          661    .text.IsIrqMasked   rtx_delay.o
    0x080018b2   0x080018b2   0x00000002   PAD
    0x080018b4   0x080018b4   0x0000002e   Code   RO         1132    .text.IsIrqMasked   rtx_kernel.o
    0x080018e2   0x080018e2   0x00000002   PAD
    0x080018e4   0x080018e4   0x0000002e   Code   RO         1375    .text.IsIrqMasked   rtx_msgqueue.o
    0x08001912   0x08001912   0x00000002   PAD
    0x08001914   0x08001914   0x0000002e   Code   RO         1456    .text.IsIrqMasked   rtx_mutex.o
    0x08001942   0x08001942   0x00000002   PAD
    0x08001944   0x08001944   0x0000002e   Code   RO         1659    .text.IsIrqMasked   rtx_thread.o
    0x08001972   0x08001972   0x00000002   PAD
    0x08001974   0x08001974   0x00000022   Code   RO         1409    .text.IsMessageQueuePtrValid  rtx_msgqueue.o
    0x08001996   0x08001996   0x00000002   PAD
    0x08001998   0x08001998   0x00000022   Code   RO         1472    .text.IsMutexPtrValid  rtx_mutex.o
    0x080019ba   0x080019ba   0x00000002   PAD
    0x080019bc   0x080019bc   0x00000014   Code   RO         1136    .text.IsPrivileged  rtx_kernel.o
    0x080019d0   0x080019d0   0x00000022   Code   RO         1743    .text.IsThreadPtrValid  rtx_thread.o
    0x080019f2   0x080019f2   0x00000002   PAD
    0x080019f4   0x080019f4   0x0000005e   Code   RO            4    .text.LED_Init      main.o
    0x08001a52   0x08001a52   0x00000002   PAD
    0x08001a54   0x08001a54   0x00000018   Code   RO         1275    .text.MemBlockPtr   rtx_memory.o
    0x08001a6c   0x08001a6c   0x0000000a   Code   RO         1273    .text.MemHeadPtr    rtx_memory.o
    0x08001a76   0x08001a76   0x00000002   PAD
    0x08001a78   0x08001a78   0x00000004   Code   RO           30    .text.MemManage_Handler  stm32f4xx_it.o
    0x08001a7c   0x08001a7c   0x00000052   Code   RO         1425    .text.MessageQueueGet  rtx_msgqueue.o
    0x08001ace   0x08001ace   0x00000002   PAD
    0x08001ad0   0x08001ad0   0x000000ac   Code   RO         1417    .text.MessageQueuePut  rtx_msgqueue.o
    0x08001b7c   0x08001b7c   0x00000042   Code   RO         1413    .text.MessageQueueRemove  rtx_msgqueue.o
    0x08001bbe   0x08001bbe   0x00000002   PAD
    0x08001bc0   0x08001bc0   0x00000004   Code   RO           26    .text.NMI_Handler   stm32f4xx_it.o
    0x08001bc4   0x08001bc4   0x0000006c   Code   RO          131    .text.NVIC_EncodePriority  stm32f4xx_hal_cortex.o
    0x08001c30   0x08001c30   0x0000000c   Code   RO         1887    .text.OS_Tick_AcknowledgeIRQ  os_systick.o
    0x08001c3c   0x08001c3c   0x0000003c   Code   RO         1883    .text.OS_Tick_Enable  os_systick.o
    0x08001c78   0x08001c78   0x00000006   Code   RO         1889    .text.OS_Tick_GetIRQn  os_systick.o
    0x08001c7e   0x08001c7e   0x00000002   PAD
    0x08001c80   0x08001c80   0x0000007e   Code   RO         1881    .text.OS_Tick_Setup  os_systick.o
    0x08001cfe   0x08001cfe   0x00000002   PAD
    0x08001d00   0x08001d00   0x00000068   Code   RO         1194    .text.SVC_Setup     rtx_kernel.o
    0x08001d68   0x08001d68   0x00000010   Code   RO         1578    .text.SetPendSV     rtx_system.o
    0x08001d78   0x08001d78   0x00000034   Code   RO         1623    .text.SetPrivileged  rtx_thread.o
    0x08001dac   0x08001dac   0x00000018   Code   RO         1619    .text.StackOffsetR0  rtx_thread.o
    0x08001dc4   0x08001dc4   0x00000052   Code   RO          147    .text.SysTick_Config  stm32f4xx_hal_cortex.o
    0x08001e16   0x08001e16   0x00000002   PAD
    0x08001e18   0x08001e18   0x000000b8   Code   RO           45    .text.SystemClock_Config  system_clock_config.o
    0x08001ed0   0x08001ed0   0x0000012e   Code   RO         1929    .text.SystemCoreClockUpdate  system_stm32f4xx.o
    0x08001ffe   0x08001ffe   0x00000002   PAD
    0x08002000   0x08002000   0x00000012   Code   RO         1927    .text.SystemInit    system_stm32f4xx.o
    0x08002012   0x08002012   0x00000002   PAD
    0x08002014   0x08002014   0x0000007c   Code   RO         1751    .text.ThreadFlagsCheck  rtx_thread.o
    0x08002090   0x08002090   0x0000009e   Code   RO         1854    .text.TimerInsert   rtx_timer.o
    0x0800212e   0x0800212e   0x00000002   PAD
    0x08002130   0x08002130   0x00000028   Code   RO         1850    .text.TimerUnlink   rtx_timer.o
    0x08002158   0x08002158   0x00000004   Code   RO           34    .text.UsageFault_Handler  stm32f4xx_it.o
    0x0800215c   0x0800215c   0x00000010   Code   RO          127    .text.__NVIC_GetPriorityGrouping  stm32f4xx_hal_cortex.o
    0x0800216c   0x0800216c   0x00000010   Code   RO         1196    .text.__NVIC_GetPriorityGrouping  rtx_kernel.o
    0x0800217c   0x0800217c   0x00000042   Code   RO          129    .text.__NVIC_SetPriority  stm32f4xx_hal_cortex.o
    0x080021be   0x080021be   0x00000002   PAD
    0x080021c0   0x080021c0   0x0000003c   Code   RO          123    .text.__NVIC_SetPriorityGrouping  stm32f4xx_hal_cortex.o
    0x080021fc   0x080021fc   0x00000020   Code   RO         1243    .text._mutex_acquire  rtx_lib.o
    0x0800221c   0x0800221c   0x00000012   Code   RO         1247    .text._mutex_free   rtx_lib.o
    0x0800222e   0x0800222e   0x00000002   PAD
    0x08002230   0x08002230   0x00000032   Code   RO         1241    .text._mutex_initialize  rtx_lib.o
    0x08002262   0x08002262   0x00000002   PAD
    0x08002264   0x08002264   0x0000001c   Code   RO         1245    .text._mutex_release  rtx_lib.o
    0x08002280   0x08002280   0x00000008   Code   RO         1229    .text._platform_post_stackheap_init  rtx_lib.o
    0x08002288   0x08002288   0x00000008   Code   RO            6    .text.app_main      main.o
    0x08002290   0x08002290   0x00000038   Code   RO         1753    .text.atomic_chk32_all  rtx_thread.o
    0x080022c8   0x080022c8   0x00000034   Code   RO         1755    .text.atomic_chk32_any  rtx_thread.o
    0x080022fc   0x080022fc   0x0000002c   Code   RO         1580    .text.atomic_dec16_nz  rtx_system.o
    0x08002328   0x08002328   0x00000020   Code   RO         1300    .text.atomic_dec32  rtx_mempool.o
    0x08002348   0x08002348   0x00000028   Code   RO         1427    .text.atomic_dec32_nz  rtx_msgqueue.o
    0x08002370   0x08002370   0x00000034   Code   RO         1582    .text.atomic_inc16_lim  rtx_system.o
    0x080023a4   0x080023a4   0x00000038   Code   RO         1586    .text.atomic_inc16_lt  rtx_system.o
    0x080023dc   0x080023dc   0x00000020   Code   RO         1294    .text.atomic_inc32  rtx_mempool.o
    0x080023fc   0x080023fc   0x00000020   Code   RO         1419    .text.atomic_inc32  rtx_msgqueue.o
    0x0800241c   0x0800241c   0x00000028   Code   RO         1292    .text.atomic_link_get  rtx_mempool.o
    0x08002444   0x08002444   0x00000030   Code   RO         1298    .text.atomic_link_put  rtx_mempool.o
    0x08002474   0x08002474   0x00000028   Code   RO         1429    .text.atomic_wr8    rtx_msgqueue.o
    0x0800249c   0x0800249c   0x000000ac   Code   RO         1387    .text.isrRtxMessageQueueGet  rtx_msgqueue.o
    0x08002548   0x08002548   0x000000bc   Code   RO         1383    .text.isrRtxMessageQueuePut  rtx_msgqueue.o
    0x08002604   0x08002604   0x00000054   Code   RO         1562    .text.isr_queue_get  rtx_system.o
    0x08002658   0x08002658   0x0000005e   Code   RO         1576    .text.isr_queue_put  rtx_system.o
    0x080026b6   0x080026b6   0x00000002   PAD
    0x080026b8   0x080026b8   0x0000001a   Code   RO            8    .text.led_blink_thread  main.o
    0x080026d2   0x080026d2   0x00000002   PAD
    0x080026d4   0x080026d4   0x00000046   Code   RO            2    .text.main          main.o
    0x0800271a   0x0800271a   0x00000002   PAD
    0x0800271c   0x0800271c   0x00000054   Code   RO          657    .text.osDelay       rtx_delay.o
    0x08002770   0x08002770   0x00000042   Code   RO         1140    .text.osKernelGetState  rtx_kernel.o
    0x080027b2   0x080027b2   0x00000002   PAD
    0x080027b4   0x080027b4   0x0000004a   Code   RO         1128    .text.osKernelInitialize  rtx_kernel.o
    0x080027fe   0x080027fe   0x00000002   PAD
    0x08002800   0x08002800   0x00000046   Code   RO         1144    .text.osKernelStart  rtx_kernel.o
    0x08002846   0x08002846   0x00000002   PAD
    0x08002848   0x08002848   0x0000007e   Code   RO         1385    .text.osMessageQueueGet  rtx_msgqueue.o
    0x080028c6   0x080028c6   0x00000002   PAD
    0x080028c8   0x080028c8   0x0000008a   Code   RO         1381    .text.osMessageQueuePut  rtx_msgqueue.o
    0x08002952   0x08002952   0x00000002   PAD
    0x08002954   0x08002954   0x00000064   Code   RO         1462    .text.osMutexAcquire  rtx_mutex.o
    0x080029b8   0x080029b8   0x00000056   Code   RO         1468    .text.osMutexDelete  rtx_mutex.o
    0x08002a0e   0x08002a0e   0x00000002   PAD
    0x08002a10   0x08002a10   0x00000056   Code   RO         1452    .text.osMutexNew    rtx_mutex.o
    0x08002a66   0x08002a66   0x00000002   PAD
    0x08002a68   0x08002a68   0x00000056   Code   RO         1464    .text.osMutexRelease  rtx_mutex.o
    0x08002abe   0x08002abe   0x00000002   PAD
    0x08002ac0   0x08002ac0   0x00000030   Code   RO         1909    .text.osRtxErrorNotify  rtx_config.o
    0x08002af0   0x08002af0   0x0000000a   Code   RO         1566    .text.osRtxEventFlagsObject  rtx_system.o
    0x08002afa   0x08002afa   0x00000002   PAD
    0x08002afc   0x08002afc   0x00000008   Code   RO         1907    .text.osRtxIdleThread  rtx_config.o
    0x08002b04   0x08002b04   0x00000002   Code   RO         1124    .text.osRtxKernelBeforeInit  rtx_kernel.o
    0x08002b06   0x08002b06   0x00000002   PAD
    0x08002b08   0x08002b08   0x0000001c   Code   RO         1126    .text.osRtxKernelErrorNotify  rtx_kernel.o
    0x08002b24   0x08002b24   0x0000000c   Code   RO         1558    .text.osRtxKernelGetState  rtx_system.o
    0x08002b30   0x08002b30   0x0000000c   Code   RO         1627    .text.osRtxKernelGetState  rtx_thread.o
    0x08002b3c   0x08002b3c   0x0000000c   Code   RO         1190    .text.osRtxKernelState  rtx_kernel.o
    0x08002b48   0x08002b48   0x0000014c   Code   RO         1277    .text.osRtxMemoryAlloc  rtx_memory.o
    0x08002c94   0x08002c94   0x000000c2   Code   RO         1279    .text.osRtxMemoryFree  rtx_memory.o
    0x08002d56   0x08002d56   0x00000002   PAD
    0x08002d58   0x08002d58   0x00000096   Code   RO         1271    .text.osRtxMemoryInit  rtx_memory.o
    0x08002dee   0x08002dee   0x00000002   PAD
    0x08002df0   0x08002df0   0x0000004a   Code   RO         1290    .text.osRtxMemoryPoolAlloc  rtx_mempool.o
    0x08002e3a   0x08002e3a   0x00000002   PAD
    0x08002e3c   0x08002e3c   0x00000064   Code   RO         1296    .text.osRtxMemoryPoolFree  rtx_mempool.o
    0x08002ea0   0x08002ea0   0x00000098   Code   RO         1288    .text.osRtxMemoryPoolInit  rtx_mempool.o
    0x08002f38   0x08002f38   0x0000000a   Code   RO         1570    .text.osRtxMemoryPoolObject  rtx_system.o
    0x08002f42   0x08002f42   0x00000002   PAD
    0x08002f44   0x08002f44   0x0000000a   Code   RO         1572    .text.osRtxMessageObject  rtx_system.o
    0x08002f4e   0x08002f4e   0x00000002   PAD
    0x08002f50   0x08002f50   0x0000000a   Code   RO         1367    .text.osRtxMessageQueueId  rtx_msgqueue.o
    0x08002f5a   0x08002f5a   0x00000002   PAD
    0x08002f5c   0x08002f5c   0x00000144   Code   RO         1411    .text.osRtxMessageQueuePostProcess  rtx_msgqueue.o
    0x080030a0   0x080030a0   0x0000003e   Code   RO         1365    .text.osRtxMessageQueueTimerSetup  rtx_msgqueue.o
    0x080030de   0x080030de   0x00000002   PAD
    0x080030e0   0x080030e0   0x0000005a   Code   RO         1488    .text.osRtxMutexDestroy  rtx_mutex.o
    0x0800313a   0x0800313a   0x00000002   PAD
    0x0800313c   0x0800313c   0x0000000a   Code   RO         1474    .text.osRtxMutexId  rtx_mutex.o
    0x08003146   0x08003146   0x00000002   PAD
    0x08003148   0x08003148   0x0000000a   Code   RO         1615    .text.osRtxMutexObject  rtx_thread.o
    0x08003152   0x08003152   0x00000002   PAD
    0x08003154   0x08003154   0x00000098   Code   RO         1446    .text.osRtxMutexOwnerRelease  rtx_mutex.o
    0x080031ec   0x080031ec   0x000000ac   Code   RO         1450    .text.osRtxMutexOwnerRestore  rtx_mutex.o
    0x08003298   0x08003298   0x000000fc   Code   RO         1486    .text.osRtxMutexOwnerUnlock  rtx_mutex.o
    0x08003394   0x08003394   0x0000000a   Code   RO         1415    .text.osRtxObject   rtx_msgqueue.o
    0x0800339e   0x0800339e   0x00000002   PAD
    0x080033a0   0x080033a0   0x0000000a   Code   RO         1448    .text.osRtxObject   rtx_mutex.o
    0x080033aa   0x080033aa   0x00000002   PAD
    0x080033ac   0x080033ac   0x0000000a   Code   RO         1584    .text.osRtxObject   rtx_system.o
    0x080033b6   0x080033b6   0x00000002   PAD
    0x080033b8   0x080033b8   0x0000000a   Code   RO         1603    .text.osRtxObject   rtx_thread.o
    0x080033c2   0x080033c2   0x00000002   PAD
    0x080033c4   0x080033c4   0x000000b8   Code   RO         1560    .text.osRtxPendSV_Handler  rtx_system.o
    0x0800347c   0x0800347c   0x00000042   Code   RO         1574    .text.osRtxPostProcess  rtx_system.o
    0x080034be   0x080034be   0x00000002   PAD
    0x080034c0   0x080034c0   0x0000000a   Code   RO         1568    .text.osRtxSemaphoreObject  rtx_system.o
    0x080034ca   0x080034ca   0x00000002   PAD
    0x080034cc   0x080034cc   0x00000010   Code   RO         1237    .text.osRtxThreadBeforeFree  rtx_lib.o
    0x080034dc   0x080034dc   0x00000088   Code   RO         1631    .text.osRtxThreadBlock  rtx_thread.o
    0x08003564   0x08003564   0x000000fa   Code   RO         1637    .text.osRtxThreadDelayInsert  rtx_thread.o
    0x0800365e   0x0800365e   0x00000002   PAD
    0x08003660   0x08003660   0x0000009c   Code   RO         1609    .text.osRtxThreadDelayRemove  rtx_thread.o
    0x080036fc   0x080036fc   0x00000150   Code   RO         1611    .text.osRtxThreadDelayTick  rtx_thread.o
    0x0800384c   0x0800384c   0x00000060   Code   RO         1643    .text.osRtxThreadDestroy  rtx_thread.o
    0x080038ac   0x080038ac   0x00000096   Code   RO         1625    .text.osRtxThreadDispatch  rtx_thread.o
    0x08003942   0x08003942   0x00000002   PAD
    0x08003944   0x08003944   0x000000a2   Code   RO         1645    .text.osRtxThreadFree  rtx_thread.o
    0x080039e6   0x080039e6   0x00000002   PAD
    0x080039e8   0x080039e8   0x0000000c   Code   RO         1423    .text.osRtxThreadGetRunning  rtx_msgqueue.o
    0x080039f4   0x080039f4   0x0000000c   Code   RO         1478    .text.osRtxThreadGetRunning  rtx_mutex.o
    0x08003a00   0x08003a00   0x0000000c   Code   RO         1629    .text.osRtxThreadGetRunning  rtx_thread.o
    0x08003a0c   0x08003a0c   0x0000000c   Code   RO         1848    .text.osRtxThreadGetRunning  rtx_timer.o
    0x08003a18   0x08003a18   0x0000000a   Code   RO         1651    .text.osRtxThreadId  rtx_thread.o
    0x08003a22   0x08003a22   0x00000002   PAD
    0x08003a24   0x08003a24   0x0000003c   Code   RO         1641    .text.osRtxThreadJoinWakeup  rtx_thread.o
    0x08003a60   0x08003a60   0x00000036   Code   RO         1599    .text.osRtxThreadListGet  rtx_thread.o
    0x08003a96   0x08003a96   0x00000002   PAD
    0x08003a98   0x08003a98   0x00000076   Code   RO         1595    .text.osRtxThreadListPut  rtx_thread.o
    0x08003b0e   0x08003b0e   0x00000002   PAD
    0x08003b10   0x08003b10   0x00000032   Code   RO         1605    .text.osRtxThreadListRemove  rtx_thread.o
    0x08003b42   0x08003b42   0x00000002   PAD
    0x08003b44   0x08003b44   0x00000022   Code   RO         1613    .text.osRtxThreadListRoot  rtx_thread.o
    0x08003b66   0x08003b66   0x00000002   PAD
    0x08003b68   0x08003b68   0x00000058   Code   RO         1601    .text.osRtxThreadListSort  rtx_thread.o
    0x08003bc0   0x08003bc0   0x0000000a   Code   RO         1564    .text.osRtxThreadObject  rtx_system.o
    0x08003bca   0x08003bca   0x00000002   PAD
    0x08003bcc   0x08003bcc   0x0000000a   Code   RO         1597    .text.osRtxThreadObject  rtx_thread.o
    0x08003bd6   0x08003bd6   0x00000002   PAD
    0x08003bd8   0x08003bd8   0x00000044   Code   RO         1749    .text.osRtxThreadPostProcess  rtx_thread.o
    0x08003c1c   0x08003c1c   0x00000020   Code   RO         1607    .text.osRtxThreadReadyPut  rtx_thread.o
    0x08003c3c   0x08003c3c   0x00000022   Code   RO         1617    .text.osRtxThreadRegPtr  rtx_thread.o
    0x08003c5e   0x08003c5e   0x00000002   PAD
    0x08003c60   0x08003c60   0x00000014   Code   RO         1785    .text.osRtxThreadSetRunning  rtx_thread.o
    0x08003c74   0x08003c74   0x00000014   Code   RO         1852    .text.osRtxThreadSetRunning  rtx_timer.o
    0x08003c88   0x08003c88   0x0000003c   Code   RO         1639    .text.osRtxThreadStackCheck  rtx_thread.o
    0x08003cc4   0x08003cc4   0x00000096   Code   RO         1649    .text.osRtxThreadStartup  rtx_thread.o
    0x08003d5a   0x08003d5a   0x00000002   PAD
    0x08003d5c   0x08003d5c   0x0000002e   Code   RO         1621    .text.osRtxThreadSwitch  rtx_thread.o
    0x08003d8a   0x08003d8a   0x00000002   PAD
    0x08003d8c   0x08003d8c   0x00000076   Code   RO         1635    .text.osRtxThreadWaitEnter  rtx_thread.o
    0x08003e02   0x08003e02   0x00000002   PAD
    0x08003e04   0x08003e04   0x00000046   Code   RO         1633    .text.osRtxThreadWaitExit  rtx_thread.o
    0x08003e4a   0x08003e4a   0x00000002   PAD
    0x08003e4c   0x08003e4c   0x00000110   Code   RO         1556    .text.osRtxTick_Handler  rtx_system.o
    0x08003f5c   0x08003f5c   0x00000030   Code   RO         1824    .text.osRtxTimerSetup  rtx_timer.o
    0x08003f8c   0x08003f8c   0x00000032   Code   RO         1828    .text.osRtxTimerThread  rtx_timer.o
    0x08003fbe   0x08003fbe   0x00000002   PAD
    0x08003fc0   0x08003fc0   0x000000dc   Code   RO         1826    .text.osRtxTimerTick  rtx_timer.o
    0x0800409c   0x0800409c   0x00000010   Code   RO         1745    .text.osThreadEntry  rtx_thread.o
    0x080040ac   0x080040ac   0x00000024   Code   RO         1697    .text.osThreadExit  rtx_thread.o
    0x080040d0   0x080040d0   0x00000072   Code   RO         1655    .text.osThreadNew   rtx_thread.o
    0x08004142   0x08004142   0x00000002   PAD
    0x08004144   0x08004144   0x00000036   Code   RO         1235    .text.os_kernel_is_active  rtx_lib.o
    0x0800417a   0x0800417a   0x00000002   PAD
    0x0800417c   0x0800417c   0x00000050   Code   RO          665    .text.svcRtxDelay   rtx_delay.o
    0x080041cc   0x080041cc   0x00000016   Code   RO         1142    .text.svcRtxKernelGetState  rtx_kernel.o
    0x080041e2   0x080041e2   0x00000002   PAD
    0x080041e4   0x080041e4   0x00000304   Code   RO         1188    .text.svcRtxKernelInitialize  rtx_kernel.o
    0x080044e8   0x080044e8   0x000000a4   Code   RO         1192    .text.svcRtxKernelStart  rtx_kernel.o
    0x0800458c   0x0800458c   0x00000168   Code   RO         1431    .text.svcRtxMessageQueueGet  rtx_msgqueue.o
    0x080046f4   0x080046f4   0x000002c4   Code   RO         1369    .text.svcRtxMessageQueueNew  rtx_msgqueue.o
    0x080049b8   0x080049b8   0x0000015c   Code   RO         1421    .text.svcRtxMessageQueuePut  rtx_msgqueue.o
    0x08004b14   0x08004b14   0x00000176   Code   RO         1476    .text.svcRtxMutexAcquire  rtx_mutex.o
    0x08004c8a   0x08004c8a   0x00000002   PAD
    0x08004c8c   0x08004c8c   0x00000058   Code   RO         1484    .text.svcRtxMutexDelete  rtx_mutex.o
    0x08004ce4   0x08004ce4   0x00000142   Code   RO         1470    .text.svcRtxMutexNew  rtx_mutex.o
    0x08004e26   0x08004e26   0x00000002   PAD
    0x08004e28   0x08004e28   0x000001a0   Code   RO         1480    .text.svcRtxMutexRelease  rtx_mutex.o
    0x08004fc8   0x08004fc8   0x00000084   Code   RO         1783    .text.svcRtxThreadExit  rtx_thread.o
    0x0800504c   0x0800504c   0x0000046a   Code   RO         1653    .text.svcRtxThreadNew  rtx_thread.o
    0x080054b6   0x080054b6   0x00000002   PAD
    0x080054b8   0x080054b8   0x00000048   Code   RO         1239    .text.user_perthread_libspace_free  rtx_lib.o
    0x08005500   0x08005500   0x00000012   Code   RO         1747    .text.xPSR_InitVal  rtx_thread.o
    0x08005512   0x08005512   0x0000001a   Code   RO         1954    x$fpl$fpinit        fz_wm.l(fpinit.o)
    0x0800552c   0x0800552c   0x00000070   Data   RO         1253    .rodata             rtx_lib.o
    0x0800559c   0x0800559c   0x00000038   Data   RO         1256    .rodata             rtx_lib.o
    0x080055d4   0x080055d4   0x00000010   Data   RO         1932    .rodata.AHBPrescTable  system_stm32f4xx.o
    0x080055e4   0x080055e4   0x00000004   Data   RO         1255    .rodata.osRtxUserSVC  rtx_lib.o
    0x080055e8   0x080055e8   0x00000024   Data   RO         1250    .rodata.os_idle_thread_attr  rtx_lib.o
    0x0800560c   0x0800560c   0x00000018   Data   RO         1252    .rodata.os_timer_mq_attr  rtx_lib.o
    0x08005624   0x08005624   0x00000024   Data   RO         1251    .rodata.os_timer_thread_attr  rtx_lib.o
    0x08005648   0x08005648   0x0000000b   Data   RO         1220    .rodata.str1.1      rtx_kernel.o
    0x08005653   0x08005653   0x00000001   PAD
    0x08005654   0x08005654   0x00000020   Data   RO         2126    Region$$Table       anon$$obj.o


    Execution Region ER_RW (Exec base: 0x20000000, Load base: 0x08005674, Size: 0x000000b0, Max: 0xffffffff, ABSOLUTE)

    Exec Addr    Load Addr    Size         Type   Attr      Idx    E Section Name        Object

    0x20000000   0x08005674   0x00000004   Data   RW         1931    .data.SystemCoreClock  system_stm32f4xx.o
    0x20000004   0x08005678   0x000000a4   Data   RW         1221    .data.os            rtx_kernel.o
    0x200000a8   0x0800571c   0x00000001   Data   RW          108    .data.uwTickFreq    stm32f4xx_hal.o
    0x200000a9   0x0800571d   0x00000003   PAD
    0x200000ac   0x08005720   0x00000004   Data   RW          107    .data.uwTickPrio    stm32f4xx_hal.o


    Execution Region ER_ZI (Exec base: 0x200000b0, Load base: 0x08005724, Size: 0x00008dc0, Max: 0xffffffff, ABSOLUTE)

    Exec Addr    Load Addr    Size         Type   Attr      Idx    E Section Name        Object

    0x200000b0        -       0x00000060   Zero   RW         1993    .bss                c_w.l(libspace.o)
    0x20000110        -       0x00008040   Zero   RW         1249    .bss.os             rtx_lib.o
    0x20008150        -       0x00000001   Zero   RW         1899    .bss.os             os_systick.o
    0x20008151   0x08005724   0x00000003   PAD
    0x20008154        -       0x000001f0   Zero   RW         1257    .bss.os.libspace    rtx_lib.o
    0x20008344        -       0x00000034   Zero   RW         1261    .bss.os.msgqueue.cb  rtx_lib.o
    0x20008378        -       0x00000050   Zero   RW         1262    .bss.os.msgqueue.mem  rtx_lib.o
    0x200083c8        -       0x000000a0   Zero   RW         1258    .bss.os.thread.cb   rtx_lib.o
    0x20008468        -       0x00000200   Zero   RW         1259    .bss.os.thread.idle.stack  rtx_lib.o
    0x20008668        -       0x00000200   Zero   RW         1260    .bss.os.thread.timer.stack  rtx_lib.o
    0x20008868        -       0x00000001   Zero   RW         1263    .bss.os_kernel_is_active.os_kernel_active  rtx_lib.o
    0x20008869   0x08005724   0x00000003   PAD
    0x2000886c        -       0x00000004   Zero   RW          109    .bss.uwTick         stm32f4xx_hal.o
    0x20008870        -       0x00000200   Zero   RW         1918    HEAP                startup_stm32f401xe.o
    0x20008a70        -       0x00000400   Zero   RW         1917    STACK               startup_stm32f401xe.o


==============================================================================

Image component sizes


      Code (inc. data)   RO Data    RW Data    ZI Data      Debug   Object Name

       256         16          0          0          0        790   irq_armv7m.o
       198          0          0          0          0       2475   main.o
       204          0          0          0          1       4108   os_systick.o
        56          6          0          0          0        744   rtx_config.o
       230          0          0          0          0       2778   rtx_delay.o
       532          0          0          0          0      26568   rtx_evr.o
      1416          0         11        164          0      17362   rtx_kernel.o
       300          0        268          0      34645       7922   rtx_lib.o
       710          0          0          0          0       2391   rtx_memory.o
       478          0          0          0          0      12775   rtx_mempool.o
      2990          0          0          0          0      15403   rtx_msgqueue.o
      2356          0          0          0          0       9432   rtx_mutex.o
       940         10          0          0          0       6219   rtx_system.o
      4206          0          0          0          0      33438   rtx_thread.o
       548          0          0          0          0       9340   rtx_timer.o
        64         26        404          0       1536        888   startup_stm32f401xe.o
       178          0          0          5          4       6673   stm32f4xx_hal.o
       414          0          0          0          0       9214   stm32f4xx_hal_cortex.o
       950          0          0          0          0       5095   stm32f4xx_hal_gpio.o
        74          0          0          0          0       1539   stm32f4xx_hal_msp.o
      2566          0          0          0          0       7655   stm32f4xx_hal_rcc.o
        22          0          0          0          0        760   stm32f4xx_it.o
       184          0          0          0          0       2492   system_clock_config.o
       320          0         16          4          0       2617   system_stm32f4xx.o

    ----------------------------------------------------------------------
     20414         58        732        176      36192     188678   Object Totals
         0          0         32          0          0          0   (incl. Generated)
       222          0          1          3          6          0   (incl. Padding)

    ----------------------------------------------------------------------

      Code (inc. data)   RO Data    RW Data    ZI Data      Debug   Library Member Name

         8          0          0          0          0         68   __main.o
         0          0          0          0          0          0   __rtentry.o
        20          0          0          0          0          0   __rtentry2.o
         6          0          0          0          0          0   __rtentry4.o
        94          8          0          0          0          0   __scatter.o
        26          0          0          0          0          0   __scatter_copy.o
        28          0          0          0          0          0   __scatter_zi.o
        18          0          0          0          0         80   exit.o
         6          0          0          0          0        152   heapauxi.o
         0          0          0          0          0          0   indicate_semi.o
         2          0          0          0          0          0   libinit.o
         6          0          0          0          0          0   libinit2.o
         2          0          0          0          0          0   libshutdown.o
         2          0          0          0          0          0   libshutdown2.o
         8          4          0          0         96         68   libspace.o
       240          0          0          0          0        100   lludivv7m.o
        68          0          0          0          0         68   rt_memclr.o
        78          0          0          0          0         80   rt_memclr_w.o
       138          0          0          0          0         68   rt_memcpy_v6.o
       100          0          0          0          0         80   rt_memcpy_w.o
         2          0          0          0          0          0   rtexit.o
        10          0          0          0          0          0   rtexit2.o
        12          4          0          0          0         68   sys_exit.o
        74          0          0          0          0         80   sys_stackheap_outer.o
         2          0          0          0          0         68   use_no_semi.o
        26          0          0          0          0        116   fpinit.o

    ----------------------------------------------------------------------
       986         16          0          0         96       1096   Library Totals
        10          0          0          0          0          0   (incl. Padding)

    ----------------------------------------------------------------------

      Code (inc. data)   RO Data    RW Data    ZI Data      Debug   Library Name

       950         16          0          0         96        980   c_w.l
        26          0          0          0          0        116   fz_wm.l

    ----------------------------------------------------------------------
       986         16          0          0         96       1096   Library Totals

    ----------------------------------------------------------------------

==============================================================================


      Code (inc. data)   RO Data    RW Data    ZI Data      Debug   

     21400         74        732        176      36288     189006   Grand Totals
     21400         74        732        176      36288     189006   ELF Image Totals
     21400         74        732        176          0          0   ROM Totals

==============================================================================

    Total RO  Size (Code + RO Data)                22132 (  21.61kB)
    Total RW  Size (RW Data + ZI Data)             36464 (  35.61kB)
    Total ROM Size (Code + RO Data + RW Data)      22308 (  21.79kB)

==============================================================================

