Component: Arm Compiler for Embedded 6.23 Tool: armlink [5f102400]

==============================================================================

Section Cross References

    main.o(.text._write) refers to main.o(.bss.huart2) for huart2
    main.o(.ARM.exidx.text._write) refers to main.o(.text._write) for [Anonymous Symbol]
    main.o(.text.main) refers to stm32f4xx_hal_1.o(.text.HAL_Init) for HAL_Init
    main.o(.text.main) refers to system_clock_config.o(.text.SystemClock_Config) for SystemClock_Config
    main.o(.text.main) refers to delay.o(.text.DWT_Delay_Init) for DWT_Delay_Init
    main.o(.text.main) refers to main.o(.text.LED_Init) for LED_Init
    main.o(.text.main) refers to main.o(.text.UART_Init) for UART_Init
    main.o(.text.main) refers to dht11.o(.text.DHT11_Init) for DHT11_Init
    main.o(.text.main) refers to rtx_kernel.o(.text.osKernelInitialize) for osKernelInitialize
    main.o(.text.main) refers to rtx_mutex.o(.text.osMutexNew) for osMutexNew
    main.o(.text.main) refers to main.o(.bss.g_dhtMutex) for g_dhtMutex
    main.o(.text.main) refers to main.o(.text.led_thread) for led_thread
    main.o(.text.main) refers to rtx_thread.o(.text.osThreadNew) for osThreadNew
    main.o(.text.main) refers to main.o(.text.dht_thread) for dht_thread
    main.o(.text.main) refers to main.o(.text.overheat_thread) for overheat_thread
    main.o(.text.main) refers to main.o(.text.logger_thread) for logger_thread
    main.o(.text.main) refers to rtx_kernel.o(.text.osKernelStart) for osKernelStart
    main.o(.ARM.exidx.text.main) refers to main.o(.text.main) for [Anonymous Symbol]
    main.o(.text.LED_Init) refers to stm32f4xx_hal_gpio_1.o(.text.HAL_GPIO_Init) for HAL_GPIO_Init
    main.o(.text.LED_Init) refers to stm32f4xx_hal_gpio_1.o(.text.HAL_GPIO_WritePin) for HAL_GPIO_WritePin
    main.o(.ARM.exidx.text.LED_Init) refers to main.o(.text.LED_Init) for [Anonymous Symbol]
    main.o(.text.UART_Init) refers to main.o(.bss.huart2) for huart2
    main.o(.ARM.exidx.text.UART_Init) refers to main.o(.text.UART_Init) for [Anonymous Symbol]
    main.o(.text.led_thread) refers to main.o(.bss.g_overheat) for g_overheat
    main.o(.text.led_thread) refers to stm32f4xx_hal_gpio_1.o(.text.HAL_GPIO_WritePin) for HAL_GPIO_WritePin
    main.o(.text.led_thread) refers to stm32f4xx_hal_gpio_1.o(.text.HAL_GPIO_TogglePin) for HAL_GPIO_TogglePin
    main.o(.text.led_thread) refers to rtx_delay.o(.text.osDelay) for osDelay
    main.o(.ARM.exidx.text.led_thread) refers to main.o(.text.led_thread) for [Anonymous Symbol]
    main.o(.text.dht_thread) refers to stm32f4xx_hal_gpio_1.o(.text.HAL_GPIO_TogglePin) for HAL_GPIO_TogglePin
    main.o(.text.dht_thread) refers to dht11.o(.text.DHT11_Read) for DHT11_Read
    main.o(.text.dht_thread) refers to main.o(.bss.g_dhtMutex) for g_dhtMutex
    main.o(.text.dht_thread) refers to rtx_mutex.o(.text.osMutexAcquire) for osMutexAcquire
    main.o(.text.dht_thread) refers to main.o(.bss.g_temperature) for g_temperature
    main.o(.text.dht_thread) refers to main.o(.bss.g_humidity) for g_humidity
    main.o(.text.dht_thread) refers to rtx_mutex.o(.text.osMutexRelease) for osMutexRelease
    main.o(.text.dht_thread) refers to rtx_delay.o(.text.osDelay) for osDelay
    main.o(.ARM.exidx.text.dht_thread) refers to main.o(.text.dht_thread) for [Anonymous Symbol]
    main.o(.text.overheat_thread) refers to main.o(.bss.g_dhtMutex) for g_dhtMutex
    main.o(.text.overheat_thread) refers to rtx_mutex.o(.text.osMutexAcquire) for osMutexAcquire
    main.o(.text.overheat_thread) refers to main.o(.bss.g_temperature) for g_temperature
    main.o(.text.overheat_thread) refers to rtx_mutex.o(.text.osMutexRelease) for osMutexRelease
    main.o(.text.overheat_thread) refers to main.o(.bss.g_overheat) for g_overheat
    main.o(.text.overheat_thread) refers to rtx_delay.o(.text.osDelay) for osDelay
    main.o(.ARM.exidx.text.overheat_thread) refers to main.o(.text.overheat_thread) for [Anonymous Symbol]
    main.o(.text.logger_thread) refers to main.o(.bss.g_dhtMutex) for g_dhtMutex
    main.o(.text.logger_thread) refers to rtx_mutex.o(.text.osMutexAcquire) for osMutexAcquire
    main.o(.text.logger_thread) refers to main.o(.bss.g_temperature) for g_temperature
    main.o(.text.logger_thread) refers to main.o(.bss.g_humidity) for g_humidity
    main.o(.text.logger_thread) refers to rtx_mutex.o(.text.osMutexRelease) for osMutexRelease
    main.o(.text.logger_thread) refers to main.o(.rodata.str1.1) for .L.str
    main.o(.text.logger_thread) refers to snprintf.o(.text) for snprintf
    main.o(.text.logger_thread) refers to main.o(.bss.huart2) for huart2
    main.o(.text.logger_thread) refers to rtx_delay.o(.text.osDelay) for osDelay
    main.o(.ARM.exidx.text.logger_thread) refers to main.o(.text.logger_thread) for [Anonymous Symbol]
    stm32f4xx_hal_msp.o(.ARM.exidx.text.HAL_MspInit) refers to stm32f4xx_hal_msp.o(.text.HAL_MspInit) for [Anonymous Symbol]
[...]

Removing Unused input sections from the image.

    Removing main.o(.text), (0 bytes).
    Removing main.o(.text._write), (38 bytes).
    Removing main.o(.ARM.exidx.text._write), (8 bytes).
    Removing main.o(.ARM.exidx.text.main), (8 bytes).
    Removing main.o(.ARM.exidx.text.LED_Init), (8 bytes).
    Removing main.o(.ARM.exidx.text.UART_Init), (8 bytes).
    Removing main.o(.ARM.exidx.text.led_thread), (8 bytes).
    Removing main.o(.ARM.exidx.text.dht_thread), (8 bytes).
    Removing main.o(.ARM.exidx.text.overheat_thread), (8 bytes).
    Removing main.o(.ARM.exidx.text.logger_thread), (8 bytes).
    Removing main.o(.ARM.use_no_argv), (4 bytes).
    Removing stm32f4xx_hal_msp.o(.text), (0 bytes).
    Removing stm32f4xx_hal_msp.o(.ARM.exidx.text.HAL_MspInit), (8 bytes).
    Removing stm32f4xx_it.o(.text), (0 bytes).
    Removing stm32f4xx_it.o(.ARM.exidx.text.NMI_Handler), (8 bytes).
    Removing stm32f4xx_it.o(.ARM.exidx.text.HardFault_Handler), (8 bytes).
    Removing stm32f4xx_it.o(.ARM.exidx.text.MemManage_Handler), (8 bytes).
    Removing stm32f4xx_it.o(.ARM.exidx.text.BusFault_Handler), (8 bytes).
    Removing stm32f4xx_it.o(.ARM.exidx.text.UsageFault_Handler), (8 bytes).
    Removing stm32f4xx_it.o(.ARM.exidx.text.DebugMon_Handler), (8 bytes).
    Removing system_clock_config.o(.text), (0 bytes).
    Removing system_clock_config.o(.ARM.exidx.text.SystemClock_Config), (8 bytes).
    Removing delay.o(.text), (0 bytes).
    Removing delay.o(.ARM.exidx.text.DWT_Delay_Init), (8 bytes).
    Removing delay.o(.ARM.exidx.text.delay_us), (8 bytes).
    Removing dht11.o(.text), (0 bytes).
    Removing dht11.o(.ARM.exidx.text.DHT11_Init), (8 bytes).
    Removing dht11.o(.ARM.exidx.text.DHT11_Read), (8 bytes).
    Removing dht11.o(.ARM.exidx.text.DHT11_ReadRaw), (8 bytes).
    Removing dht11.o(.ARM.exidx.text.DHT_Pin_Output), (8 bytes).
    Removing dht11.o(.ARM.exidx.text.DHT_Pin_Input), (8 bytes).
    Removing dht11.o(.ARM.exidx.text.DHT_Wait_Pin), (8 bytes).
    Removing irq_armv7m.o(.rodata), (2 bytes).
    Removing irq_armv7m.o(.ARM.exidx), (24 bytes).
    Removing rtx_delay.o(.text), (0 bytes).
    Removing rtx_delay.o(.ARM.exidx.text.osDelay), (8 bytes).
    Removing rtx_delay.o(.ARM.exidx.text.IsException), (8 bytes).
    Removing rtx_delay.o(.ARM.exidx.text.IsIrqMasked), (8 bytes).
    Removing rtx_delay.o(.text.osDelayUntil), (84 bytes).
    Removing rtx_delay.o(.ARM.exidx.text.osDelayUntil), (8 bytes).
    Removing rtx_delay.o(.ARM.exidx.text.svcRtxDelay), (8 bytes).
    Removing rtx_delay.o(.text.svcRtxDelayUntil), (106 bytes).
    Removing rtx_delay.o(.ARM.exidx.text.svcRtxDelayUntil), (8 bytes).
    Removing rtx_evflags.o(.text), (0 bytes).
    Removing rtx_evflags.o(.text.osEventFlagsNew), (86 bytes).
    Removing rtx_evflags.o(.ARM.exidx.text.osEventFlagsNew), (8 bytes).
    Removing rtx_evflags.o(.text.IsException), (20 bytes).
    Removing rtx_evflags.o(.ARM.exidx.text.IsException), (8 bytes).
    Removing rtx_evflags.o(.text.IsIrqMasked), (46 bytes).
    Removing rtx_evflags.o(.ARM.exidx.text.IsIrqMasked), (8 bytes).
    Removing rtx_evflags.o(.text.osEventFlagsGetName), (72 bytes).
    Removing rtx_evflags.o(.ARM.exidx.text.osEventFlagsGetName), (8 bytes).
    Removing rtx_evflags.o(.text.svcRtxEventFlagsGetName), (72 bytes).
    Removing rtx_evflags.o(.ARM.exidx.text.svcRtxEventFlagsGetName), (8 bytes).
    Removing rtx_evflags.o(.text.osEventFlagsSet), (94 bytes).
    Removing rtx_evflags.o(.ARM.exidx.text.osEventFlagsSet), (8 bytes).
    Removing rtx_evflags.o(.text.isrRtxEventFlagsSet), (106 bytes).
    Removing rtx_evflags.o(.ARM.exidx.text.isrRtxEventFlagsSet), (8 bytes).
    Removing rtx_evflags.o(.text.osEventFlagsClear), (94 bytes).
    Removing rtx_evflags.o(.ARM.exidx.text.osEventFlagsClear), (8 bytes).
    Removing rtx_evflags.o(.text.svcRtxEventFlagsClear), (96 bytes).
    Removing rtx_evflags.o(.ARM.exidx.text.svcRtxEventFlagsClear), (8 bytes).
    Removing rtx_evflags.o(.text.osEventFlagsGet), (72 bytes).
    Removing rtx_evflags.o(.ARM.exidx.text.osEventFlagsGet), (8 bytes).
    Removing rtx_evflags.o(.text.svcRtxEventFlagsGet), (72 bytes).
    Removing rtx_evflags.o(.ARM.exidx.text.svcRtxEventFlagsGet), (8 bytes).
    Removing rtx_evflags.o(.text.osEventFlagsWait), (126 bytes).
    Removing rtx_evflags.o(.ARM.exidx.text.osEventFlagsWait), (8 bytes).
    Removing rtx_evflags.o(.text.isrRtxEventFlagsWait), (138 bytes).
    Removing rtx_evflags.o(.ARM.exidx.text.isrRtxEventFlagsWait), (8 bytes).
    Removing rtx_evflags.o(.text.osEventFlagsDelete), (86 bytes).
    Removing rtx_evflags.o(.ARM.exidx.text.osEventFlagsDelete), (8 bytes).
    Removing rtx_evflags.o(.text.svcRtxEventFlagsNew), (320 bytes).
    Removing rtx_evflags.o(.ARM.exidx.text.svcRtxEventFlagsNew), (8 bytes).
    Removing rtx_evflags.o(.text.IsEventFlagsPtrValid), (34 bytes).
    Removing rtx_evflags.o(.ARM.exidx.text.IsEventFlagsPtrValid), (8 bytes).
    Removing rtx_evflags.o(.text.osRtxEventFlagsPostProcess), (92 bytes).
    Removing rtx_evflags.o(.ARM.exidx.text.osRtxEventFlagsPostProcess), (8 bytes).
    Removing rtx_evflags.o(.text.EventFlagsCheck), (124 bytes).
    Removing rtx_evflags.o(.ARM.exidx.text.EventFlagsCheck), (8 bytes).
    Removing rtx_evflags.o(.text.atomic_chk32_all), (56 bytes).
    Removing rtx_evflags.o(.ARM.exidx.text.atomic_chk32_all), (8 bytes).
    Removing rtx_evflags.o(.text.atomic_chk32_any), (52 bytes).
    Removing rtx_evflags.o(.ARM.exidx.text.atomic_chk32_any), (8 bytes).
    Removing rtx_evflags.o(.text.osRtxEventFlagsId), (10 bytes).
    Removing rtx_evflags.o(.ARM.exidx.text.osRtxEventFlagsId), (8 bytes).
    Removing rtx_evflags.o(.text.EventFlagsSet), (26 bytes).
    Removing rtx_evflags.o(.ARM.exidx.text.EventFlagsSet), (8 bytes).
    Removing rtx_evflags.o(.text.osRtxObject), (10 bytes).
    Removing rtx_evflags.o(.ARM.exidx.text.osRtxObject), (8 bytes).
    Removing rtx_evflags.o(.text.atomic_set32), (40 bytes).
    Removing rtx_evflags.o(.ARM.exidx.text.atomic_set32), (8 bytes).
    Removing rtx_evflags.o(.text.svcRtxEventFlagsSet), (216 bytes).
    Removing rtx_evflags.o(.ARM.exidx.text.svcRtxEventFlagsSet), (8 bytes).
    Removing rtx_evflags.o(.text.EventFlagsClear), (26 bytes).
    Removing rtx_evflags.o(.ARM.exidx.text.EventFlagsClear), (8 bytes).
    Removing rtx_evflags.o(.text.atomic_clr32), (40 bytes).
    Removing rtx_evflags.o(.ARM.exidx.text.atomic_clr32), (8 bytes).
    Removing rtx_evflags.o(.text.svcRtxEventFlagsWait), (214 bytes).
    Removing rtx_evflags.o(.ARM.exidx.text.svcRtxEventFlagsWait), (8 bytes).
    Removing rtx_evflags.o(.text.osRtxThreadGetRunning), (12 bytes).
    Removing rtx_evflags.o(.ARM.exidx.text.osRtxThreadGetRunning), (8 bytes).
    Removing rtx_evflags.o(.text.svcRtxEventFlagsDelete), (124 bytes).
    Removing rtx_evflags.o(.ARM.exidx.text.svcRtxEventFlagsDelete), (8 bytes).
    Removing rtx_evflags.o(.text.osRtxEventFlagsDestroy), (90 bytes).
    Removing rtx_evflags.o(.ARM.exidx.text.osRtxEventFlagsDestroy), (8 bytes).
    Removing rtx_evr.o(.text), (0 bytes).
    Removing rtx_evr.o(.ARM.exidx.text.EvrRtxMemoryInit), (8 bytes).
    Removing rtx_evr.o(.ARM.exidx.text.EvrRtxMemoryAlloc), (8 bytes).
    Removing rtx_evr.o(.ARM.exidx.text.EvrRtxMemoryFree), (8 bytes).
    Removing rtx_evr.o(.ARM.exidx.text.EvrRtxMemoryBlockInit), (8 bytes).
    Removing rtx_evr.o(.ARM.exidx.text.EvrRtxMemoryBlockAlloc), (8 bytes).
    Removing rtx_evr.o(.ARM.exidx.text.EvrRtxMemoryBlockFree), (8 bytes).
    Removing rtx_evr.o(.ARM.exidx.text.EvrRtxKernelError), (8 bytes).
    Removing rtx_evr.o(.ARM.exidx.text.EvrRtxKernelInitialize), (8 bytes).
    Removing rtx_evr.o(.ARM.exidx.text.EvrRtxKernelInitialized), (8 bytes).
    Removing rtx_evr.o(.text.EvrRtxKernelGetInfo), (12 bytes).
    Removing rtx_evr.o(.ARM.exidx.text.EvrRtxKernelGetInfo), (8 bytes).
    Removing rtx_evr.o(.text.EvrRtxKernelInfoRetrieved), (12 bytes).
    Removing rtx_evr.o(.ARM.exidx.text.EvrRtxKernelInfoRetrieved), (8 bytes).
    Removing rtx_evr.o(.ARM.exidx.text.EvrRtxKernelGetState), (8 bytes).
    Removing rtx_evr.o(.ARM.exidx.text.EvrRtxKernelStart), (8 bytes).
    Removing rtx_evr.o(.ARM.exidx.text.EvrRtxKernelStarted), (8 bytes).
    Removing rtx_evr.o(.text.EvrRtxKernelLock), (2 bytes).
    Removing rtx_evr.o(.ARM.exidx.text.EvrRtxKernelLock), (8 bytes).
    Removing rtx_evr.o(.text.EvrRtxKernelLocked), (8 bytes).
    Removing rtx_evr.o(.ARM.exidx.text.EvrRtxKernelLocked), (8 bytes).
    Removing rtx_evr.o(.text.EvrRtxKernelUnlock), (2 bytes).
    Removing rtx_evr.o(.ARM.exidx.text.EvrRtxKernelUnlock), (8 bytes).
    Removing rtx_evr.o(.text.EvrRtxKernelUnlocked), (8 bytes).
    Removing rtx_evr.o(.ARM.exidx.text.EvrRtxKernelUnlocked), (8 bytes).
    Removing rtx_evr.o(.text.EvrRtxKernelRestoreLock), (8 bytes).
    Removing rtx_evr.o(.ARM.exidx.text.EvrRtxKernelRestoreLock), (8 bytes).
    Removing rtx_evr.o(.text.EvrRtxKernelLockRestored), (8 bytes).
    Removing rtx_evr.o(.ARM.exidx.text.EvrRtxKernelLockRestored), (8 bytes).
    Removing rtx_evr.o(.text.EvrRtxKernelSuspend), (2 bytes).
    Removing rtx_evr.o(.ARM.exidx.text.EvrRtxKernelSuspend), (8 bytes).
    Removing rtx_evr.o(.text.EvrRtxKernelSuspended), (8 bytes).
    Removing rtx_evr.o(.ARM.exidx.text.EvrRtxKernelSuspended), (8 bytes).
    Removing rtx_evr.o(.text.EvrRtxKernelResume), (8 bytes).
    Removing rtx_evr.o(.ARM.exidx.text.EvrRtxKernelResume), (8 bytes).
    Removing rtx_evr.o(.text.EvrRtxKernelResumed), (2 bytes).
    Removing rtx_evr.o(.ARM.exidx.text.EvrRtxKernelResumed), (8 bytes).
    Removing rtx_evr.o(.text.EvrRtxKernelProtect), (8 bytes).
    Removing rtx_evr.o(.ARM.exidx.text.EvrRtxKernelProtect), (8 bytes).
    Removing rtx_evr.o(.text.EvrRtxKernelProtected), (2 bytes).
    Removing rtx_evr.o(.ARM.exidx.text.EvrRtxKernelProtected), (8 bytes).
    Removing rtx_evr.o(.text.EvrRtxKernelGetTickCount), (8 bytes).
    Removing rtx_evr.o(.ARM.exidx.text.EvrRtxKernelGetTickCount), (8 bytes).
    Removing rtx_evr.o(.text.EvrRtxKernelGetTickFreq), (8 bytes).
    Removing rtx_evr.o(.ARM.exidx.text.EvrRtxKernelGetTickFreq), (8 bytes).
    Removing rtx_evr.o(.text.EvrRtxKernelGetSysTimerCount), (8 bytes).
    Removing rtx_evr.o(.ARM.exidx.text.EvrRtxKernelGetSysTimerCount), (8 bytes).
    Removing rtx_evr.o(.text.EvrRtxKernelGetSysTimerFreq), (8 bytes).
    Removing rtx_evr.o(.ARM.exidx.text.EvrRtxKernelGetSysTimerFreq), (8 bytes).
    Removing rtx_evr.o(.ARM.exidx.text.EvrRtxKernelErrorNotify), (8 bytes).
    Removing rtx_evr.o(.text.EvrRtxKernelDestroyClass), (10 bytes).
    Removing rtx_evr.o(.ARM.exidx.text.EvrRtxKernelDestroyClass), (8 bytes).
    Removing rtx_evr.o(.ARM.exidx.text.EvrRtxThreadError), (8 bytes).
    Removing rtx_evr.o(.ARM.exidx.text.EvrRtxThreadNew), (8 bytes).
    Removing rtx_evr.o(.ARM.exidx.text.EvrRtxThreadCreated), (8 bytes).
    Removing rtx_evr.o(.text.EvrRtxThreadGetName), (10 bytes).
    Removing rtx_evr.o(.ARM.exidx.text.EvrRtxThreadGetName), (8 bytes).
    Removing rtx_evr.o(.text.EvrRtxThreadGetClass), (10 bytes).
    Removing rtx_evr.o(.ARM.exidx.text.EvrRtxThreadGetClass), (8 bytes).
    Removing rtx_evr.o(.text.EvrRtxThreadGetZone), (10 bytes).
    Removing rtx_evr.o(.ARM.exidx.text.EvrRtxThreadGetZone), (8 bytes).
    Removing rtx_evr.o(.text.EvrRtxThreadGetId), (8 bytes).
    Removing rtx_evr.o(.ARM.exidx.text.EvrRtxThreadGetId), (8 bytes).
    Removing rtx_evr.o(.text.EvrRtxThreadGetState), (10 bytes).
    Removing rtx_evr.o(.ARM.exidx.text.EvrRtxThreadGetState), (8 bytes).
    Removing rtx_evr.o(.text.EvrRtxThreadGetStackSize), (10 bytes).
    Removing rtx_evr.o(.ARM.exidx.text.EvrRtxThreadGetStackSize), (8 bytes).
    Removing rtx_evr.o(.text.EvrRtxThreadGetStackSpace), (10 bytes).
    Removing rtx_evr.o(.ARM.exidx.text.EvrRtxThreadGetStackSpace), (8 bytes).
    Removing rtx_evr.o(.text.EvrRtxThreadSetPriority), (10 bytes).
    Removing rtx_evr.o(.ARM.exidx.text.EvrRtxThreadSetPriority), (8 bytes).
    Removing rtx_evr.o(.text.EvrRtxThreadPriorityUpdated), (10 bytes).
    Removing rtx_evr.o(.ARM.exidx.text.EvrRtxThreadPriorityUpdated), (8 bytes).
    Removing rtx_evr.o(.text.EvrRtxThreadGetPriority), (10 bytes).
    Removing rtx_evr.o(.ARM.exidx.text.EvrRtxThreadGetPriority), (8 bytes).
    Removing rtx_evr.o(.text.EvrRtxThreadYield), (2 bytes).
    Removing rtx_evr.o(.ARM.exidx.text.EvrRtxThreadYield), (8 bytes).
    Removing rtx_evr.o(.text.EvrRtxThreadSuspend), (8 bytes).
    Removing rtx_evr.o(.ARM.exidx.text.EvrRtxThreadSuspend), (8 bytes).
    Removing rtx_evr.o(.text.EvrRtxThreadSuspended), (8 bytes).
    Removing rtx_evr.o(.ARM.exidx.text.EvrRtxThreadSuspended), (8 bytes).
    Removing rtx_evr.o(.text.EvrRtxThreadResume), (8 bytes).
    Removing rtx_evr.o(.ARM.exidx.text.EvrRtxThreadResume), (8 bytes).
    Removing rtx_evr.o(.text.EvrRtxThreadResumed), (8 bytes).
    Removing rtx_evr.o(.ARM.exidx.text.EvrRtxThreadResumed), (8 bytes).
    Removing rtx_evr.o(.text.EvrRtxThreadDetach), (8 bytes).
    Removing rtx_evr.o(.ARM.exidx.text.EvrRtxThreadDetach), (8 bytes).
    Removing rtx_evr.o(.text.EvrRtxThreadDetached), (8 bytes).
    Removing rtx_evr.o(.ARM.exidx.text.EvrRtxThreadDetached), (8 bytes).
    Removing rtx_evr.o(.text.EvrRtxThreadJoin), (8 bytes).
    Removing rtx_evr.o(.ARM.exidx.text.EvrRtxThreadJoin), (8 bytes).
    Removing rtx_evr.o(.text.EvrRtxThreadJoinPending), (8 bytes).
    Removing rtx_evr.o(.ARM.exidx.text.EvrRtxThreadJoinPending), (8 bytes).
    Removing rtx_evr.o(.ARM.exidx.text.EvrRtxThreadJoined), (8 bytes).
    Removing rtx_evr.o(.ARM.exidx.text.EvrRtxThreadBlocked), (8 bytes).
    Removing rtx_evr.o(.ARM.exidx.text.EvrRtxThreadUnblocked), (8 bytes).
    Removing rtx_evr.o(.ARM.exidx.text.EvrRtxThreadPreempted), (8 bytes).
    Removing rtx_evr.o(.ARM.exidx.text.EvrRtxThreadSwitched), (8 bytes).
    Removing rtx_evr.o(.ARM.exidx.text.EvrRtxThreadExit), (8 bytes).
    Removing rtx_evr.o(.text.EvrRtxThreadTerminate), (8 bytes).
    Removing rtx_evr.o(.ARM.exidx.text.EvrRtxThreadTerminate), (8 bytes).
    Removing rtx_evr.o(.ARM.exidx.text.EvrRtxThreadDestroyed), (8 bytes).
    Removing rtx_evr.o(.text.EvrRtxThreadFeedWatchdog), (8 bytes).
    Removing rtx_evr.o(.ARM.exidx.text.EvrRtxThreadFeedWatchdog), (8 bytes).
    Removing rtx_evr.o(.text.EvrRtxThreadFeedWatchdogDone), (2 bytes).
    Removing rtx_evr.o(.ARM.exidx.text.EvrRtxThreadFeedWatchdogDone), (8 bytes).
    Removing rtx_evr.o(.text.EvrRtxThreadProtectPrivileged), (2 bytes).
    Removing rtx_evr.o(.ARM.exidx.text.EvrRtxThreadProtectPrivileged), (8 bytes).
    Removing rtx_evr.o(.text.EvrRtxThreadPrivilegedProtected), (2 bytes).
    Removing rtx_evr.o(.ARM.exidx.text.EvrRtxThreadPrivilegedProtected), (8 bytes).
    Removing rtx_evr.o(.text.EvrRtxThreadGetCount), (8 bytes).
    Removing rtx_evr.o(.ARM.exidx.text.EvrRtxThreadGetCount), (8 bytes).
    Removing rtx_evr.o(.text.EvrRtxThreadEnumerate), (12 bytes).
    Removing rtx_evr.o(.ARM.exidx.text.EvrRtxThreadEnumerate), (8 bytes).
    Removing rtx_evr.o(.text.EvrRtxThreadSuspendClass), (10 bytes).
    Removing rtx_evr.o(.ARM.exidx.text.EvrRtxThreadSuspendClass), (8 bytes).
    Removing rtx_evr.o(.text.EvrRtxThreadResumeClass), (10 bytes).
    Removing rtx_evr.o(.ARM.exidx.text.EvrRtxThreadResumeClass), (8 bytes).
    Removing rtx_evr.o(.text.EvrRtxThreadTerminateZone), (8 bytes).
    Removing rtx_evr.o(.ARM.exidx.text.EvrRtxThreadTerminateZone), (8 bytes).
    Removing rtx_evr.o(.text.EvrRtxThreadWatchdogExpired), (8 bytes).
    Removing rtx_evr.o(.ARM.exidx.text.EvrRtxThreadWatchdogExpired), (8 bytes).
    Removing rtx_evr.o(.text.EvrRtxThreadFlagsError), (10 bytes).
    Removing rtx_evr.o(.ARM.exidx.text.EvrRtxThreadFlagsError), (8 bytes).
    Removing rtx_evr.o(.text.EvrRtxThreadFlagsSet), (10 bytes).
    Removing rtx_evr.o(.ARM.exidx.text.EvrRtxThreadFlagsSet), (8 bytes).
    Removing rtx_evr.o(.text.EvrRtxThreadFlagsSetDone), (10 bytes).
    Removing rtx_evr.o(.ARM.exidx.text.EvrRtxThreadFlagsSetDone), (8 bytes).
    Removing rtx_evr.o(.text.EvrRtxThreadFlagsClear), (8 bytes).
    Removing rtx_evr.o(.ARM.exidx.text.EvrRtxThreadFlagsClear), (8 bytes).
    Removing rtx_evr.o(.text.EvrRtxThreadFlagsClearDone), (8 bytes).
    Removing rtx_evr.o(.ARM.exidx.text.EvrRtxThreadFlagsClearDone), (8 bytes).
    Removing rtx_evr.o(.text.EvrRtxThreadFlagsGet), (8 bytes).
    Removing rtx_evr.o(.ARM.exidx.text.EvrRtxThreadFlagsGet), (8 bytes).
    Removing rtx_evr.o(.text.EvrRtxThreadFlagsWait), (12 bytes).
    Removing rtx_evr.o(.ARM.exidx.text.EvrRtxThreadFlagsWait), (8 bytes).
    Removing rtx_evr.o(.text.EvrRtxThreadFlagsWaitPending), (12 bytes).
    Removing rtx_evr.o(.ARM.exidx.text.EvrRtxThreadFlagsWaitPending), (8 bytes).
    Removing rtx_evr.o(.ARM.exidx.text.EvrRtxThreadFlagsWaitTimeout), (8 bytes).
    Removing rtx_evr.o(.ARM.exidx.text.EvrRtxThreadFlagsWaitCompleted), (8 bytes).
    Removing rtx_evr.o(.text.EvrRtxThreadFlagsWaitNotCompleted), (10 bytes).
    Removing rtx_evr.o(.ARM.exidx.text.EvrRtxThreadFlagsWaitNotCompleted), (8 bytes).
    Removing rtx_evr.o(.ARM.exidx.text.EvrRtxDelayError), (8 bytes).
    Removing rtx_evr.o(.ARM.exidx.text.EvrRtxDelay), (8 bytes).
    Removing rtx_evr.o(.text.EvrRtxDelayUntil), (8 bytes).
    Removing rtx_evr.o(.ARM.exidx.text.EvrRtxDelayUntil), (8 bytes).
    Removing rtx_evr.o(.ARM.exidx.text.EvrRtxDelayStarted), (8 bytes).
    Removing rtx_evr.o(.text.EvrRtxDelayUntilStarted), (8 bytes).
    Removing rtx_evr.o(.ARM.exidx.text.EvrRtxDelayUntilStarted), (8 bytes).
    Removing rtx_evr.o(.ARM.exidx.text.EvrRtxDelayCompleted), (8 bytes).
    Removing rtx_evr.o(.text.EvrRtxTimerError), (10 bytes).
    Removing rtx_evr.o(.ARM.exidx.text.EvrRtxTimerError), (8 bytes).
    Removing rtx_evr.o(.ARM.exidx.text.EvrRtxTimerCallback), (8 bytes).
    Removing rtx_evr.o(.text.EvrRtxTimerNew), (16 bytes).
    Removing rtx_evr.o(.ARM.exidx.text.EvrRtxTimerNew), (8 bytes).
    Removing rtx_evr.o(.text.EvrRtxTimerCreated), (10 bytes).
    Removing rtx_evr.o(.ARM.exidx.text.EvrRtxTimerCreated), (8 bytes).
    Removing rtx_evr.o(.text.EvrRtxTimerGetName), (10 bytes).
    Removing rtx_evr.o(.ARM.exidx.text.EvrRtxTimerGetName), (8 bytes).
    Removing rtx_evr.o(.text.EvrRtxTimerStart), (10 bytes).
    Removing rtx_evr.o(.ARM.exidx.text.EvrRtxTimerStart), (8 bytes).
    Removing rtx_evr.o(.text.EvrRtxTimerStarted), (8 bytes).
    Removing rtx_evr.o(.ARM.exidx.text.EvrRtxTimerStarted), (8 bytes).
    Removing rtx_evr.o(.text.EvrRtxTimerStop), (8 bytes).
    Removing rtx_evr.o(.ARM.exidx.text.EvrRtxTimerStop), (8 bytes).
    Removing rtx_evr.o(.text.EvrRtxTimerStopped), (8 bytes).
    Removing rtx_evr.o(.ARM.exidx.text.EvrRtxTimerStopped), (8 bytes).
    Removing rtx_evr.o(.text.EvrRtxTimerIsRunning), (10 bytes).
    Removing rtx_evr.o(.ARM.exidx.text.EvrRtxTimerIsRunning), (8 bytes).
    Removing rtx_evr.o(.text.EvrRtxTimerDelete), (8 bytes).
    Removing rtx_evr.o(.ARM.exidx.text.EvrRtxTimerDelete), (8 bytes).
    Removing rtx_evr.o(.text.EvrRtxTimerDestroyed), (8 bytes).
    Removing rtx_evr.o(.ARM.exidx.text.EvrRtxTimerDestroyed), (8 bytes).
    Removing rtx_evr.o(.text.EvrRtxEventFlagsError), (10 bytes).
    Removing rtx_evr.o(.ARM.exidx.text.EvrRtxEventFlagsError), (8 bytes).
    Removing rtx_evr.o(.text.EvrRtxEventFlagsNew), (8 bytes).
    Removing rtx_evr.o(.ARM.exidx.text.EvrRtxEventFlagsNew), (8 bytes).
    Removing rtx_evr.o(.text.EvrRtxEventFlagsCreated), (10 bytes).
    Removing rtx_evr.o(.ARM.exidx.text.EvrRtxEventFlagsCreated), (8 bytes).
    Removing rtx_evr.o(.text.EvrRtxEventFlagsGetName), (10 bytes).
    Removing rtx_evr.o(.ARM.exidx.text.EvrRtxEventFlagsGetName), (8 bytes).
    Removing rtx_evr.o(.text.EvrRtxEventFlagsSet), (10 bytes).
    Removing rtx_evr.o(.ARM.exidx.text.EvrRtxEventFlagsSet), (8 bytes).
    Removing rtx_evr.o(.text.EvrRtxEventFlagsSetDone), (10 bytes).
    Removing rtx_evr.o(.ARM.exidx.text.EvrRtxEventFlagsSetDone), (8 bytes).
    Removing rtx_evr.o(.text.EvrRtxEventFlagsClear), (10 bytes).
    Removing rtx_evr.o(.ARM.exidx.text.EvrRtxEventFlagsClear), (8 bytes).
    Removing rtx_evr.o(.text.EvrRtxEventFlagsClearDone), (10 bytes).
    Removing rtx_evr.o(.ARM.exidx.text.EvrRtxEventFlagsClearDone), (8 bytes).
    Removing rtx_evr.o(.text.EvrRtxEventFlagsGet), (10 bytes).
    Removing rtx_evr.o(.ARM.exidx.text.EvrRtxEventFlagsGet), (8 bytes).
    Removing rtx_evr.o(.text.EvrRtxEventFlagsWait), (14 bytes).
    Removing rtx_evr.o(.ARM.exidx.text.EvrRtxEventFlagsWait), (8 bytes).
    Removing rtx_evr.o(.text.EvrRtxEventFlagsWaitPending), (14 bytes).
    Removing rtx_evr.o(.ARM.exidx.text.EvrRtxEventFlagsWaitPending), (8 bytes).
    Removing rtx_evr.o(.ARM.exidx.text.EvrRtxEventFlagsWaitTimeout), (8 bytes).
    Removing rtx_evr.o(.text.EvrRtxEventFlagsWaitCompleted), (14 bytes).
    Removing rtx_evr.o(.ARM.exidx.text.EvrRtxEventFlagsWaitCompleted), (8 bytes).
    Removing rtx_evr.o(.text.EvrRtxEventFlagsWaitNotCompleted), (12 bytes).
    Removing rtx_evr.o(.ARM.exidx.text.EvrRtxEventFlagsWaitNotCompleted), (8 bytes).
    Removing rtx_evr.o(.text.EvrRtxEventFlagsDelete), (8 bytes).
    Removing rtx_evr.o(.ARM.exidx.text.EvrRtxEventFlagsDelete), (8 bytes).
    Removing rtx_evr.o(.text.EvrRtxEventFlagsDestroyed), (8 bytes).
    Removing rtx_evr.o(.ARM.exidx.text.EvrRtxEventFlagsDestroyed), (8 bytes).
    Removing rtx_evr.o(.ARM.exidx.text.EvrRtxMutexError), (8 bytes).
    Removing rtx_evr.o(.ARM.exidx.text.EvrRtxMutexNew), (8 bytes).
    Removing rtx_evr.o(.ARM.exidx.text.EvrRtxMutexCreated), (8 bytes).
    Removing rtx_evr.o(.text.EvrRtxMutexGetName), (10 bytes).
    Removing rtx_evr.o(.ARM.exidx.text.EvrRtxMutexGetName), (8 bytes).
    Removing rtx_evr.o(.ARM.exidx.text.EvrRtxMutexAcquire), (8 bytes).
    Removing rtx_evr.o(.ARM.exidx.text.EvrRtxMutexAcquirePending), (8 bytes).
    Removing rtx_evr.o(.ARM.exidx.text.EvrRtxMutexAcquireTimeout), (8 bytes).
    Removing rtx_evr.o(.ARM.exidx.text.EvrRtxMutexAcquired), (8 bytes).
    Removing rtx_evr.o(.ARM.exidx.text.EvrRtxMutexNotAcquired), (8 bytes).
    Removing rtx_evr.o(.ARM.exidx.text.EvrRtxMutexRelease), (8 bytes).
    Removing rtx_evr.o(.ARM.exidx.text.EvrRtxMutexReleased), (8 bytes).
    Removing rtx_evr.o(.text.EvrRtxMutexGetOwner), (10 bytes).
    Removing rtx_evr.o(.ARM.exidx.text.EvrRtxMutexGetOwner), (8 bytes).
    Removing rtx_evr.o(.ARM.exidx.text.EvrRtxMutexDelete), (8 bytes).
    Removing rtx_evr.o(.ARM.exidx.text.EvrRtxMutexDestroyed), (8 bytes).
    Removing rtx_evr.o(.text.EvrRtxSemaphoreError), (10 bytes).
    Removing rtx_evr.o(.ARM.exidx.text.EvrRtxSemaphoreError), (8 bytes).
    Removing rtx_evr.o(.text.EvrRtxSemaphoreNew), (12 bytes).
    Removing rtx_evr.o(.ARM.exidx.text.EvrRtxSemaphoreNew), (8 bytes).
    Removing rtx_evr.o(.text.EvrRtxSemaphoreCreated), (10 bytes).
    Removing rtx_evr.o(.ARM.exidx.text.EvrRtxSemaphoreCreated), (8 bytes).
    Removing rtx_evr.o(.text.EvrRtxSemaphoreGetName), (10 bytes).
    Removing rtx_evr.o(.ARM.exidx.text.EvrRtxSemaphoreGetName), (8 bytes).
    Removing rtx_evr.o(.text.EvrRtxSemaphoreAcquire), (10 bytes).
    Removing rtx_evr.o(.ARM.exidx.text.EvrRtxSemaphoreAcquire), (8 bytes).
    Removing rtx_evr.o(.text.EvrRtxSemaphoreAcquirePending), (10 bytes).
    Removing rtx_evr.o(.ARM.exidx.text.EvrRtxSemaphoreAcquirePending), (8 bytes).
    Removing rtx_evr.o(.ARM.exidx.text.EvrRtxSemaphoreAcquireTimeout), (8 bytes).
    Removing rtx_evr.o(.text.EvrRtxSemaphoreAcquired), (10 bytes).
    Removing rtx_evr.o(.ARM.exidx.text.EvrRtxSemaphoreAcquired), (8 bytes).
    Removing rtx_evr.o(.text.EvrRtxSemaphoreNotAcquired), (8 bytes).
    Removing rtx_evr.o(.ARM.exidx.text.EvrRtxSemaphoreNotAcquired), (8 bytes).
    Removing rtx_evr.o(.text.EvrRtxSemaphoreRelease), (8 bytes).
    Removing rtx_evr.o(.ARM.exidx.text.EvrRtxSemaphoreRelease), (8 bytes).
    Removing rtx_evr.o(.text.EvrRtxSemaphoreReleased), (10 bytes).
    Removing rtx_evr.o(.ARM.exidx.text.EvrRtxSemaphoreReleased), (8 bytes).
    Removing rtx_evr.o(.text.EvrRtxSemaphoreGetCount), (10 bytes).
    Removing rtx_evr.o(.ARM.exidx.text.EvrRtxSemaphoreGetCount), (8 bytes).
    Removing rtx_evr.o(.text.EvrRtxSemaphoreDelete), (8 bytes).
    Removing rtx_evr.o(.ARM.exidx.text.EvrRtxSemaphoreDelete), (8 bytes).
    Removing rtx_evr.o(.text.EvrRtxSemaphoreDestroyed), (8 bytes).
    Removing rtx_evr.o(.ARM.exidx.text.EvrRtxSemaphoreDestroyed), (8 bytes).
    Removing rtx_evr.o(.text.EvrRtxMemoryPoolError), (10 bytes).
    Removing rtx_evr.o(.ARM.exidx.text.EvrRtxMemoryPoolError), (8 bytes).
    Removing rtx_evr.o(.text.EvrRtxMemoryPoolNew), (12 bytes).
    Removing rtx_evr.o(.ARM.exidx.text.EvrRtxMemoryPoolNew), (8 bytes).
    Removing rtx_evr.o(.text.EvrRtxMemoryPoolCreated), (10 bytes).
    Removing rtx_evr.o(.ARM.exidx.text.EvrRtxMemoryPoolCreated), (8 bytes).
    Removing rtx_evr.o(.text.EvrRtxMemoryPoolGetName), (10 bytes).
    Removing rtx_evr.o(.ARM.exidx.text.EvrRtxMemoryPoolGetName), (8 bytes).
    Removing rtx_evr.o(.text.EvrRtxMemoryPoolAlloc), (10 bytes).
    Removing rtx_evr.o(.ARM.exidx.text.EvrRtxMemoryPoolAlloc), (8 bytes).
    Removing rtx_evr.o(.text.EvrRtxMemoryPoolAllocPending), (10 bytes).
    Removing rtx_evr.o(.ARM.exidx.text.EvrRtxMemoryPoolAllocPending), (8 bytes).
    Removing rtx_evr.o(.ARM.exidx.text.EvrRtxMemoryPoolAllocTimeout), (8 bytes).
    Removing rtx_evr.o(.text.EvrRtxMemoryPoolAllocated), (10 bytes).
    Removing rtx_evr.o(.ARM.exidx.text.EvrRtxMemoryPoolAllocated), (8 bytes).
    Removing rtx_evr.o(.text.EvrRtxMemoryPoolAllocFailed), (8 bytes).
    Removing rtx_evr.o(.ARM.exidx.text.EvrRtxMemoryPoolAllocFailed), (8 bytes).
    Removing rtx_evr.o(.text.EvrRtxMemoryPoolFree), (10 bytes).
    Removing rtx_evr.o(.ARM.exidx.text.EvrRtxMemoryPoolFree), (8 bytes).
    Removing rtx_evr.o(.text.EvrRtxMemoryPoolDeallocated), (10 bytes).
    Removing rtx_evr.o(.ARM.exidx.text.EvrRtxMemoryPoolDeallocated), (8 bytes).
    Removing rtx_evr.o(.text.EvrRtxMemoryPoolFreeFailed), (10 bytes).
    Removing rtx_evr.o(.ARM.exidx.text.EvrRtxMemoryPoolFreeFailed), (8 bytes).
    Removing rtx_evr.o(.text.EvrRtxMemoryPoolGetCapacity), (10 bytes).
    Removing rtx_evr.o(.ARM.exidx.text.EvrRtxMemoryPoolGetCapacity), (8 bytes).
    Removing rtx_evr.o(.text.EvrRtxMemoryPoolGetBlockSize), (10 bytes).
    Removing rtx_evr.o(.ARM.exidx.text.EvrRtxMemoryPoolGetBlockSize), (8 bytes).
    Removing rtx_evr.o(.text.EvrRtxMemoryPoolGetCount), (10 bytes).
    Removing rtx_evr.o(.ARM.exidx.text.EvrRtxMemoryPoolGetCount), (8 bytes).
    Removing rtx_evr.o(.text.EvrRtxMemoryPoolGetSpace), (10 bytes).
    Removing rtx_evr.o(.ARM.exidx.text.EvrRtxMemoryPoolGetSpace), (8 bytes).
    Removing rtx_evr.o(.text.EvrRtxMemoryPoolDelete), (8 bytes).
    Removing rtx_evr.o(.ARM.exidx.text.EvrRtxMemoryPoolDelete), (8 bytes).
    Removing rtx_evr.o(.text.EvrRtxMemoryPoolDestroyed), (8 bytes).
    Removing rtx_evr.o(.ARM.exidx.text.EvrRtxMemoryPoolDestroyed), (8 bytes).
    Removing rtx_evr.o(.ARM.exidx.text.EvrRtxMessageQueueError), (8 bytes).
    Removing rtx_evr.o(.text.EvrRtxMessageQueueNew), (12 bytes).
    Removing rtx_evr.o(.ARM.exidx.text.EvrRtxMessageQueueNew), (8 bytes).
    Removing rtx_evr.o(.ARM.exidx.text.EvrRtxMessageQueueCreated), (8 bytes).
    Removing rtx_evr.o(.text.EvrRtxMessageQueueGetName), (10 bytes).
    Removing rtx_evr.o(.ARM.exidx.text.EvrRtxMessageQueueGetName), (8 bytes).
    Removing rtx_evr.o(.ARM.exidx.text.EvrRtxMessageQueuePut), (8 bytes).
    Removing rtx_evr.o(.ARM.exidx.text.EvrRtxMessageQueuePutPending), (8 bytes).
    Removing rtx_evr.o(.ARM.exidx.text.EvrRtxMessageQueuePutTimeout), (8 bytes).
    Removing rtx_evr.o(.ARM.exidx.text.EvrRtxMessageQueueInsertPending), (8 bytes).
    Removing rtx_evr.o(.ARM.exidx.text.EvrRtxMessageQueueInserted), (8 bytes).
    Removing rtx_evr.o(.ARM.exidx.text.EvrRtxMessageQueueNotInserted), (8 bytes).
    Removing rtx_evr.o(.ARM.exidx.text.EvrRtxMessageQueueGet), (8 bytes).
    Removing rtx_evr.o(.ARM.exidx.text.EvrRtxMessageQueueGetPending), (8 bytes).
    Removing rtx_evr.o(.ARM.exidx.text.EvrRtxMessageQueueGetTimeout), (8 bytes).
    Removing rtx_evr.o(.ARM.exidx.text.EvrRtxMessageQueueRetrieved), (8 bytes).
    Removing rtx_evr.o(.ARM.exidx.text.EvrRtxMessageQueueNotRetrieved), (8 bytes).
    Removing rtx_evr.o(.text.EvrRtxMessageQueueGetCapacity), (10 bytes).
    Removing rtx_evr.o(.ARM.exidx.text.EvrRtxMessageQueueGetCapacity), (8 bytes).
    Removing rtx_evr.o(.text.EvrRtxMessageQueueGetMsgSize), (10 bytes).
    Removing rtx_evr.o(.ARM.exidx.text.EvrRtxMessageQueueGetMsgSize), (8 bytes).
    Removing rtx_evr.o(.text.EvrRtxMessageQueueGetCount), (10 bytes).
    Removing rtx_evr.o(.ARM.exidx.text.EvrRtxMessageQueueGetCount), (8 bytes).
    Removing rtx_evr.o(.text.EvrRtxMessageQueueGetSpace), (10 bytes).
    Removing rtx_evr.o(.ARM.exidx.text.EvrRtxMessageQueueGetSpace), (8 bytes).
    Removing rtx_evr.o(.text.EvrRtxMessageQueueReset), (8 bytes).
    Removing rtx_evr.o(.ARM.exidx.text.EvrRtxMessageQueueReset), (8 bytes).
    Removing rtx_evr.o(.text.EvrRtxMessageQueueResetDone), (8 bytes).
    Removing rtx_evr.o(.ARM.exidx.text.EvrRtxMessageQueueResetDone), (8 bytes).
    Removing rtx_evr.o(.text.EvrRtxMessageQueueDelete), (8 bytes).
    Removing rtx_evr.o(.ARM.exidx.text.EvrRtxMessageQueueDelete), (8 bytes).
    Removing rtx_evr.o(.text.EvrRtxMessageQueueDestroyed), (8 bytes).
    Removing rtx_evr.o(.ARM.exidx.text.EvrRtxMessageQueueDestroyed), (8 bytes).
    Removing rtx_kernel.o(.text), (0 bytes).
    Removing rtx_kernel.o(.ARM.exidx.text.osRtxKernelBeforeInit), (8 bytes).
    Removing rtx_kernel.o(.ARM.exidx.text.osRtxKernelErrorNotify), (8 bytes).
    Removing rtx_kernel.o(.ARM.exidx.text.osKernelInitialize), (8 bytes).
    Removing rtx_kernel.o(.ARM.exidx.text.IsException), (8 bytes).
    Removing rtx_kernel.o(.ARM.exidx.text.IsIrqMasked), (8 bytes).
    Removing rtx_kernel.o(.text.osKernelGetInfo), (118 bytes).
    Removing rtx_kernel.o(.ARM.exidx.text.osKernelGetInfo), (8 bytes).
    Removing rtx_kernel.o(.ARM.exidx.text.IsPrivileged), (8 bytes).
    Removing rtx_kernel.o(.text.svcRtxKernelGetInfo), (108 bytes).
    Removing rtx_kernel.o(.ARM.exidx.text.svcRtxKernelGetInfo), (8 bytes).
    Removing rtx_kernel.o(.ARM.exidx.text.osKernelGetState), (8 bytes).
    Removing rtx_kernel.o(.ARM.exidx.text.svcRtxKernelGetState), (8 bytes).
    Removing rtx_kernel.o(.ARM.exidx.text.osKernelStart), (8 bytes).
    Removing rtx_kernel.o(.text.osKernelLock), (70 bytes).
    Removing rtx_kernel.o(.ARM.exidx.text.osKernelLock), (8 bytes).
    Removing rtx_kernel.o(.text.osKernelUnlock), (70 bytes).
    Removing rtx_kernel.o(.ARM.exidx.text.osKernelUnlock), (8 bytes).
    Removing rtx_kernel.o(.text.osKernelRestoreLock), (138 bytes).
    Removing rtx_kernel.o(.ARM.exidx.text.osKernelRestoreLock), (8 bytes).
    Removing rtx_kernel.o(.text.IsFault), (48 bytes).
    Removing rtx_kernel.o(.ARM.exidx.text.IsFault), (8 bytes).
    Removing rtx_kernel.o(.text.IsSVCallIrq), (22 bytes).
    Removing rtx_kernel.o(.ARM.exidx.text.IsSVCallIrq), (8 bytes).
    Removing rtx_kernel.o(.text.IsPendSvIrq), (22 bytes).
    Removing rtx_kernel.o(.ARM.exidx.text.IsPendSvIrq), (8 bytes).
    Removing rtx_kernel.o(.text.IsTickIrq), (28 bytes).
    Removing rtx_kernel.o(.ARM.exidx.text.IsTickIrq), (8 bytes).
    Removing rtx_kernel.o(.text.svcRtxKernelRestoreLock), (132 bytes).
    Removing rtx_kernel.o(.ARM.exidx.text.svcRtxKernelRestoreLock), (8 bytes).
    Removing rtx_kernel.o(.text.osKernelSuspend), (68 bytes).
    Removing rtx_kernel.o(.ARM.exidx.text.osKernelSuspend), (8 bytes).
    Removing rtx_kernel.o(.text.osKernelResume), (72 bytes).
    Removing rtx_kernel.o(.ARM.exidx.text.osKernelResume), (8 bytes).
    Removing rtx_kernel.o(.text.osKernelProtect), (84 bytes).
    Removing rtx_kernel.o(.ARM.exidx.text.osKernelProtect), (8 bytes).
    Removing rtx_kernel.o(.text.osKernelDestroyClass), (130 bytes).
    Removing rtx_kernel.o(.ARM.exidx.text.osKernelDestroyClass), (8 bytes).
    Removing rtx_kernel.o(.text.svcRtxKernelDestroyClass), (14 bytes).
    Removing rtx_kernel.o(.ARM.exidx.text.svcRtxKernelDestroyClass), (8 bytes).
    Removing rtx_kernel.o(.text.osKernelGetTickCount), (58 bytes).
    Removing rtx_kernel.o(.ARM.exidx.text.osKernelGetTickCount), (8 bytes).
    Removing rtx_kernel.o(.text.svcRtxKernelGetTickCount), (28 bytes).
    Removing rtx_kernel.o(.ARM.exidx.text.svcRtxKernelGetTickCount), (8 bytes).
    Removing rtx_kernel.o(.text.osKernelGetTickFreq), (58 bytes).
    Removing rtx_kernel.o(.ARM.exidx.text.osKernelGetTickFreq), (8 bytes).
    Removing rtx_kernel.o(.text.svcRtxKernelGetTickFreq), (28 bytes).
    Removing rtx_kernel.o(.ARM.exidx.text.svcRtxKernelGetTickFreq), (8 bytes).
    Removing rtx_kernel.o(.text.osKernelGetSysTimerCount), (58 bytes).
    Removing rtx_kernel.o(.ARM.exidx.text.osKernelGetSysTimerCount), (8 bytes).
    Removing rtx_kernel.o(.text.svcRtxKernelGetSysTimerCount), (76 bytes).
    Removing rtx_kernel.o(.ARM.exidx.text.svcRtxKernelGetSysTimerCount), (8 bytes).
    Removing rtx_kernel.o(.text.osKernelGetSysTimerFreq), (58 bytes).
    Removing rtx_kernel.o(.ARM.exidx.text.osKernelGetSysTimerFreq), (8 bytes).
    Removing rtx_kernel.o(.text.svcRtxKernelGetSysTimerFreq), (22 bytes).
    Removing rtx_kernel.o(.ARM.exidx.text.svcRtxKernelGetSysTimerFreq), (8 bytes).
    Removing rtx_kernel.o(.ARM.exidx.text.svcRtxKernelInitialize), (8 bytes).
    Removing rtx_kernel.o(.ARM.exidx.text.osRtxKernelState), (8 bytes).
    Removing rtx_kernel.o(.ARM.exidx.text.svcRtxKernelStart), (8 bytes).
    Removing rtx_kernel.o(.ARM.exidx.text.SVC_Setup), (8 bytes).
    Removing rtx_kernel.o(.ARM.exidx.text.__NVIC_GetPriorityGrouping), (8 bytes).
    Removing rtx_kernel.o(.text.svcRtxKernelLock), (94 bytes).
    Removing rtx_kernel.o(.ARM.exidx.text.svcRtxKernelLock), (8 bytes).
    Removing rtx_kernel.o(.text.svcRtxKernelUnlock), (94 bytes).
    Removing rtx_kernel.o(.ARM.exidx.text.svcRtxKernelUnlock), (8 bytes).
    Removing rtx_kernel.o(.text.svcRtxKernelSuspend), (74 bytes).
    Removing rtx_kernel.o(.ARM.exidx.text.svcRtxKernelSuspend), (8 bytes).
    Removing rtx_kernel.o(.text.KernelBlock), (50 bytes).
    Removing rtx_kernel.o(.ARM.exidx.text.KernelBlock), (8 bytes).
    Removing rtx_kernel.o(.text.GetKernelSleepTime), (80 bytes).
    Removing rtx_kernel.o(.ARM.exidx.text.GetKernelSleepTime), (8 bytes).
    Removing rtx_kernel.o(.text.GetPendSV), (18 bytes).
    Removing rtx_kernel.o(.ARM.exidx.text.GetPendSV), (8 bytes).
    Removing rtx_kernel.o(.text.ClrPendSV), (16 bytes).
    Removing rtx_kernel.o(.ARM.exidx.text.ClrPendSV), (8 bytes).
    Removing rtx_kernel.o(.text.svcRtxKernelResume), (238 bytes).
    Removing rtx_kernel.o(.ARM.exidx.text.svcRtxKernelResume), (8 bytes).
    Removing rtx_kernel.o(.text.KernelUnblock), (48 bytes).
    Removing rtx_kernel.o(.ARM.exidx.text.KernelUnblock), (8 bytes).
    Removing rtx_kernel.o(.text.SetPendSV), (16 bytes).
    Removing rtx_kernel.o(.ARM.exidx.text.SetPendSV), (8 bytes).
    Removing rtx_kernel.o(.text.svcRtxKernelProtect), (12 bytes).
    Removing rtx_kernel.o(.ARM.exidx.text.svcRtxKernelProtect), (8 bytes).
    Removing rtx_lib.o(.text), (0 bytes).
    Removing rtx_lib.o(.ARM.exidx.text._platform_post_stackheap_init), (8 bytes).
    Removing rtx_lib.o(.ARM.exidx.text.$Sub$$_fp_init), (8 bytes).
    Removing rtx_lib.o(.text.__user_perthread_libspace), (150 bytes).
    Removing rtx_lib.o(.ARM.exidx.text.__user_perthread_libspace), (8 bytes).
    Removing rtx_lib.o(.ARM.exidx.text.os_kernel_is_active), (8 bytes).
    Removing rtx_lib.o(.ARM.exidx.text.osRtxThreadBeforeFree), (8 bytes).
    Removing rtx_lib.o(.ARM.exidx.text.user_perthread_libspace_free), (8 bytes).
    Removing rtx_lib.o(.ARM.exidx.text._mutex_initialize), (8 bytes).
    Removing rtx_lib.o(.ARM.exidx.text._mutex_acquire), (8 bytes).
    Removing rtx_lib.o(.ARM.exidx.text._mutex_release), (8 bytes).
    Removing rtx_lib.o(.ARM.exidx.text._mutex_free), (8 bytes).
    Removing rtx_lib.o(.rodata.irqRtxLibRef), (4 bytes).
    Removing rtx_memory.o(.text), (0 bytes).
    Removing rtx_memory.o(.ARM.exidx.text.osRtxMemoryInit), (8 bytes).
    Removing rtx_memory.o(.ARM.exidx.text.MemHeadPtr), (8 bytes).
    Removing rtx_memory.o(.ARM.exidx.text.MemBlockPtr), (8 bytes).
    Removing rtx_memory.o(.ARM.exidx.text.osRtxMemoryAlloc), (8 bytes).
    Removing rtx_memory.o(.ARM.exidx.text.osRtxMemoryFree), (8 bytes).
    Removing rtx_mempool.o(.text), (0 bytes).
    Removing rtx_mempool.o(.ARM.exidx.text.osRtxMemoryPoolInit), (8 bytes).
    Removing rtx_mempool.o(.ARM.exidx.text.osRtxMemoryPoolAlloc), (8 bytes).
    Removing rtx_mempool.o(.ARM.exidx.text.atomic_link_get), (8 bytes).
    Removing rtx_mempool.o(.ARM.exidx.text.atomic_inc32), (8 bytes).
    Removing rtx_mempool.o(.ARM.exidx.text.osRtxMemoryPoolFree), (8 bytes).
    Removing rtx_mempool.o(.ARM.exidx.text.atomic_link_put), (8 bytes).
    Removing rtx_mempool.o(.ARM.exidx.text.atomic_dec32), (8 bytes).
    Removing rtx_mempool.o(.text.osMemoryPoolNew), (114 bytes).
    Removing rtx_mempool.o(.ARM.exidx.text.osMemoryPoolNew), (8 bytes).
    Removing rtx_mempool.o(.text.IsException), (20 bytes).
    Removing rtx_mempool.o(.ARM.exidx.text.IsException), (8 bytes).
    Removing rtx_mempool.o(.text.IsIrqMasked), (46 bytes).
    Removing rtx_mempool.o(.ARM.exidx.text.IsIrqMasked), (8 bytes).
    Removing rtx_mempool.o(.text.osMemoryPoolGetName), (72 bytes).
    Removing rtx_mempool.o(.ARM.exidx.text.osMemoryPoolGetName), (8 bytes).
    Removing rtx_mempool.o(.text.svcRtxMemoryPoolGetName), (72 bytes).
    Removing rtx_mempool.o(.ARM.exidx.text.svcRtxMemoryPoolGetName), (8 bytes).
    Removing rtx_mempool.o(.text.osMemoryPoolAlloc), (94 bytes).
    Removing rtx_mempool.o(.ARM.exidx.text.osMemoryPoolAlloc), (8 bytes).
    Removing rtx_mempool.o(.text.isrRtxMemoryPoolAlloc), (104 bytes).
    Removing rtx_mempool.o(.ARM.exidx.text.isrRtxMemoryPoolAlloc), (8 bytes).
    Removing rtx_mempool.o(.text.osMemoryPoolFree), (94 bytes).
    Removing rtx_mempool.o(.ARM.exidx.text.osMemoryPoolFree), (8 bytes).
    Removing rtx_mempool.o(.text.isrRtxMemoryPoolFree), (114 bytes).
    Removing rtx_mempool.o(.ARM.exidx.text.isrRtxMemoryPoolFree), (8 bytes).
    Removing rtx_mempool.o(.text.osMemoryPoolGetCapacity), (72 bytes).
    Removing rtx_mempool.o(.ARM.exidx.text.osMemoryPoolGetCapacity), (8 bytes).
    Removing rtx_mempool.o(.text.svcRtxMemoryPoolGetCapacity), (72 bytes).
    Removing rtx_mempool.o(.ARM.exidx.text.svcRtxMemoryPoolGetCapacity), (8 bytes).
    Removing rtx_mempool.o(.text.osMemoryPoolGetBlockSize), (72 bytes).
    Removing rtx_mempool.o(.ARM.exidx.text.osMemoryPoolGetBlockSize), (8 bytes).
    Removing rtx_mempool.o(.text.svcRtxMemoryPoolGetBlockSize), (72 bytes).
    Removing rtx_mempool.o(.ARM.exidx.text.svcRtxMemoryPoolGetBlockSize), (8 bytes).
    Removing rtx_mempool.o(.text.osMemoryPoolGetCount), (72 bytes).
    Removing rtx_mempool.o(.ARM.exidx.text.osMemoryPoolGetCount), (8 bytes).
    Removing rtx_mempool.o(.text.svcRtxMemoryPoolGetCount), (72 bytes).
    Removing rtx_mempool.o(.ARM.exidx.text.svcRtxMemoryPoolGetCount), (8 bytes).
    Removing rtx_mempool.o(.text.osMemoryPoolGetSpace), (72 bytes).
    Removing rtx_mempool.o(.ARM.exidx.text.osMemoryPoolGetSpace), (8 bytes).
    Removing rtx_mempool.o(.text.svcRtxMemoryPoolGetSpace), (80 bytes).
    Removing rtx_mempool.o(.ARM.exidx.text.svcRtxMemoryPoolGetSpace), (8 bytes).
    Removing rtx_mempool.o(.text.osMemoryPoolDelete), (86 bytes).
    Removing rtx_mempool.o(.ARM.exidx.text.osMemoryPoolDelete), (8 bytes).
    Removing rtx_mempool.o(.text.svcRtxMemoryPoolNew), (692 bytes).
    Removing rtx_mempool.o(.ARM.exidx.text.svcRtxMemoryPoolNew), (8 bytes).
    Removing rtx_mempool.o(.text.IsMemoryPoolPtrValid), (34 bytes).
    Removing rtx_mempool.o(.ARM.exidx.text.IsMemoryPoolPtrValid), (8 bytes).
    Removing rtx_mempool.o(.text.osRtxMemoryPoolPostProcess), (68 bytes).
    Removing rtx_mempool.o(.ARM.exidx.text.osRtxMemoryPoolPostProcess), (8 bytes).
    Removing rtx_mempool.o(.text.osRtxObject), (10 bytes).
    Removing rtx_mempool.o(.ARM.exidx.text.osRtxObject), (8 bytes).
    Removing rtx_mempool.o(.text.osRtxMemoryPoolId), (10 bytes).
    Removing rtx_mempool.o(.ARM.exidx.text.osRtxMemoryPoolId), (8 bytes).
    Removing rtx_mempool.o(.text.svcRtxMemoryPoolAlloc), (158 bytes).
    Removing rtx_mempool.o(.ARM.exidx.text.svcRtxMemoryPoolAlloc), (8 bytes).
    Removing rtx_mempool.o(.text.osRtxThreadGetRunning), (12 bytes).
    Removing rtx_mempool.o(.ARM.exidx.text.osRtxThreadGetRunning), (8 bytes).
    Removing rtx_mempool.o(.text.svcRtxMemoryPoolFree), (162 bytes).
    Removing rtx_mempool.o(.ARM.exidx.text.svcRtxMemoryPoolFree), (8 bytes).
    Removing rtx_mempool.o(.text.svcRtxMemoryPoolDelete), (122 bytes).
    Removing rtx_mempool.o(.ARM.exidx.text.svcRtxMemoryPoolDelete), (8 bytes).
    Removing rtx_mempool.o(.text.osRtxMemoryPoolDestroy), (122 bytes).
    Removing rtx_mempool.o(.ARM.exidx.text.osRtxMemoryPoolDestroy), (8 bytes).
    Removing rtx_msgqueue.o(.text), (0 bytes).
    Removing rtx_msgqueue.o(.ARM.exidx.text.osRtxMessageQueueTimerSetup), (8 bytes).
    Removing rtx_msgqueue.o(.ARM.exidx.text.osRtxMessageQueueId), (8 bytes).
    Removing rtx_msgqueue.o(.ARM.exidx.text.svcRtxMessageQueueNew), (8 bytes).
    Removing rtx_msgqueue.o(.text.osMessageQueueNew), (114 bytes).
    Removing rtx_msgqueue.o(.ARM.exidx.text.osMessageQueueNew), (8 bytes).
    Removing rtx_msgqueue.o(.ARM.exidx.text.IsException), (8 bytes).
    Removing rtx_msgqueue.o(.ARM.exidx.text.IsIrqMasked), (8 bytes).
    Removing rtx_msgqueue.o(.text.osMessageQueueGetName), (72 bytes).
    Removing rtx_msgqueue.o(.ARM.exidx.text.osMessageQueueGetName), (8 bytes).
    Removing rtx_msgqueue.o(.text.svcRtxMessageQueueGetName), (72 bytes).
    Removing rtx_msgqueue.o(.ARM.exidx.text.svcRtxMessageQueueGetName), (8 bytes).
    Removing rtx_msgqueue.o(.ARM.exidx.text.osMessageQueuePut), (8 bytes).
    Removing rtx_msgqueue.o(.ARM.exidx.text.isrRtxMessageQueuePut), (8 bytes).
    Removing rtx_msgqueue.o(.ARM.exidx.text.osMessageQueueGet), (8 bytes).
    Removing rtx_msgqueue.o(.ARM.exidx.text.isrRtxMessageQueueGet), (8 bytes).
    Removing rtx_msgqueue.o(.text.osMessageQueueGetCapacity), (72 bytes).
    Removing rtx_msgqueue.o(.ARM.exidx.text.osMessageQueueGetCapacity), (8 bytes).
    Removing rtx_msgqueue.o(.text.svcRtxMessageQueueGetCapacity), (72 bytes).
    Removing rtx_msgqueue.o(.ARM.exidx.text.svcRtxMessageQueueGetCapacity), (8 bytes).
    Removing rtx_msgqueue.o(.text.osMessageQueueGetMsgSize), (72 bytes).
    Removing rtx_msgqueue.o(.ARM.exidx.text.osMessageQueueGetMsgSize), (8 bytes).
    Removing rtx_msgqueue.o(.text.svcRtxMessageQueueGetMsgSize), (72 bytes).
    Removing rtx_msgqueue.o(.ARM.exidx.text.svcRtxMessageQueueGetMsgSize), (8 bytes).
    Removing rtx_msgqueue.o(.text.osMessageQueueGetCount), (72 bytes).
    Removing rtx_msgqueue.o(.ARM.exidx.text.osMessageQueueGetCount), (8 bytes).
    Removing rtx_msgqueue.o(.text.svcRtxMessageQueueGetCount), (72 bytes).
    Removing rtx_msgqueue.o(.ARM.exidx.text.svcRtxMessageQueueGetCount), (8 bytes).
    Removing rtx_msgqueue.o(.text.osMessageQueueGetSpace), (72 bytes).
    Removing rtx_msgqueue.o(.ARM.exidx.text.osMessageQueueGetSpace), (8 bytes).
    Removing rtx_msgqueue.o(.text.svcRtxMessageQueueGetSpace), (80 bytes).
    Removing rtx_msgqueue.o(.ARM.exidx.text.svcRtxMessageQueueGetSpace), (8 bytes).
    Removing rtx_msgqueue.o(.text.osMessageQueueReset), (86 bytes).
    Removing rtx_msgqueue.o(.ARM.exidx.text.osMessageQueueReset), (8 bytes).
    Removing rtx_msgqueue.o(.text.osMessageQueueDelete), (86 bytes).
    Removing rtx_msgqueue.o(.ARM.exidx.text.osMessageQueueDelete), (8 bytes).
    Removing rtx_msgqueue.o(.ARM.exidx.text.IsMessageQueuePtrValid), (8 bytes).
    Removing rtx_msgqueue.o(.ARM.exidx.text.osRtxMessageQueuePostProcess), (8 bytes).
    Removing rtx_msgqueue.o(.ARM.exidx.text.MessageQueueRemove), (8 bytes).
    Removing rtx_msgqueue.o(.ARM.exidx.text.osRtxObject), (8 bytes).
    Removing rtx_msgqueue.o(.ARM.exidx.text.MessageQueuePut), (8 bytes).
    Removing rtx_msgqueue.o(.ARM.exidx.text.atomic_inc32), (8 bytes).
    Removing rtx_msgqueue.o(.ARM.exidx.text.svcRtxMessageQueuePut), (8 bytes).
    Removing rtx_msgqueue.o(.ARM.exidx.text.osRtxThreadGetRunning), (8 bytes).
    Removing rtx_msgqueue.o(.ARM.exidx.text.MessageQueueGet), (8 bytes).
    Removing rtx_msgqueue.o(.ARM.exidx.text.atomic_dec32_nz), (8 bytes).
    Removing rtx_msgqueue.o(.ARM.exidx.text.atomic_wr8), (8 bytes).
    Removing rtx_msgqueue.o(.ARM.exidx.text.svcRtxMessageQueueGet), (8 bytes).
    Removing rtx_msgqueue.o(.text.svcRtxMessageQueueReset), (298 bytes).
    Removing rtx_msgqueue.o(.ARM.exidx.text.svcRtxMessageQueueReset), (8 bytes).
    Removing rtx_msgqueue.o(.text.svcRtxMessageQueueDelete), (124 bytes).
    Removing rtx_msgqueue.o(.ARM.exidx.text.svcRtxMessageQueueDelete), (8 bytes).
    Removing rtx_msgqueue.o(.text.osRtxMessageQueueDestroy), (122 bytes).
    Removing rtx_msgqueue.o(.ARM.exidx.text.osRtxMessageQueueDestroy), (8 bytes).
    Removing rtx_mutex.o(.text), (0 bytes).
    Removing rtx_mutex.o(.ARM.exidx.text.osRtxMutexOwnerRelease), (8 bytes).
    Removing rtx_mutex.o(.ARM.exidx.text.osRtxObject), (8 bytes).
    Removing rtx_mutex.o(.ARM.exidx.text.osRtxMutexOwnerRestore), (8 bytes).
    Removing rtx_mutex.o(.ARM.exidx.text.osMutexNew), (8 bytes).
    Removing rtx_mutex.o(.ARM.exidx.text.IsException), (8 bytes).
    Removing rtx_mutex.o(.ARM.exidx.text.IsIrqMasked), (8 bytes).
    Removing rtx_mutex.o(.text.osMutexGetName), (72 bytes).
    Removing rtx_mutex.o(.ARM.exidx.text.osMutexGetName), (8 bytes).
    Removing rtx_mutex.o(.text.svcRtxMutexGetName), (72 bytes).
    Removing rtx_mutex.o(.ARM.exidx.text.svcRtxMutexGetName), (8 bytes).
    Removing rtx_mutex.o(.ARM.exidx.text.osMutexAcquire), (8 bytes).
    Removing rtx_mutex.o(.ARM.exidx.text.osMutexRelease), (8 bytes).
    Removing rtx_mutex.o(.text.osMutexGetOwner), (78 bytes).
    Removing rtx_mutex.o(.ARM.exidx.text.osMutexGetOwner), (8 bytes).
    Removing rtx_mutex.o(.ARM.exidx.text.osMutexDelete), (8 bytes).
    Removing rtx_mutex.o(.ARM.exidx.text.svcRtxMutexNew), (8 bytes).
    Removing rtx_mutex.o(.ARM.exidx.text.IsMutexPtrValid), (8 bytes).
    Removing rtx_mutex.o(.ARM.exidx.text.osRtxMutexId), (8 bytes).
    Removing rtx_mutex.o(.ARM.exidx.text.svcRtxMutexAcquire), (8 bytes).
    Removing rtx_mutex.o(.ARM.exidx.text.osRtxThreadGetRunning), (8 bytes).
    Removing rtx_mutex.o(.ARM.exidx.text.svcRtxMutexRelease), (8 bytes).
    Removing rtx_mutex.o(.text.svcRtxMutexGetOwner), (96 bytes).
    Removing rtx_mutex.o(.ARM.exidx.text.svcRtxMutexGetOwner), (8 bytes).
    Removing rtx_mutex.o(.ARM.exidx.text.svcRtxMutexDelete), (8 bytes).
    Removing rtx_mutex.o(.ARM.exidx.text.osRtxMutexOwnerUnlock), (8 bytes).
    Removing rtx_mutex.o(.ARM.exidx.text.osRtxMutexDestroy), (8 bytes).
    Removing rtx_semaphore.o(.text), (0 bytes).
    Removing rtx_semaphore.o(.text.osSemaphoreNew), (114 bytes).
    Removing rtx_semaphore.o(.ARM.exidx.text.osSemaphoreNew), (8 bytes).
    Removing rtx_semaphore.o(.text.IsException), (20 bytes).
    Removing rtx_semaphore.o(.ARM.exidx.text.IsException), (8 bytes).
    Removing rtx_semaphore.o(.text.IsIrqMasked), (46 bytes).
    Removing rtx_semaphore.o(.ARM.exidx.text.IsIrqMasked), (8 bytes).
    Removing rtx_semaphore.o(.text.osSemaphoreGetName), (72 bytes).
    Removing rtx_semaphore.o(.ARM.exidx.text.osSemaphoreGetName), (8 bytes).
    Removing rtx_semaphore.o(.text.svcRtxSemaphoreGetName), (72 bytes).
    Removing rtx_semaphore.o(.ARM.exidx.text.svcRtxSemaphoreGetName), (8 bytes).
    Removing rtx_semaphore.o(.text.osSemaphoreAcquire), (94 bytes).
    Removing rtx_semaphore.o(.ARM.exidx.text.osSemaphoreAcquire), (8 bytes).
    Removing rtx_semaphore.o(.text.isrRtxSemaphoreAcquire), (110 bytes).
    Removing rtx_semaphore.o(.ARM.exidx.text.isrRtxSemaphoreAcquire), (8 bytes).
    Removing rtx_semaphore.o(.text.osSemaphoreRelease), (78 bytes).
    Removing rtx_semaphore.o(.ARM.exidx.text.osSemaphoreRelease), (8 bytes).
    Removing rtx_semaphore.o(.text.isrRtxSemaphoreRelease), (116 bytes).
    Removing rtx_semaphore.o(.ARM.exidx.text.isrRtxSemaphoreRelease), (8 bytes).
    Removing rtx_semaphore.o(.text.osSemaphoreGetCount), (72 bytes).
    Removing rtx_semaphore.o(.ARM.exidx.text.osSemaphoreGetCount), (8 bytes).
    Removing rtx_semaphore.o(.text.svcRtxSemaphoreGetCount), (72 bytes).
    Removing rtx_semaphore.o(.ARM.exidx.text.svcRtxSemaphoreGetCount), (8 bytes).
    Removing rtx_semaphore.o(.text.osSemaphoreDelete), (86 bytes).
    Removing rtx_semaphore.o(.ARM.exidx.text.osSemaphoreDelete), (8 bytes).
    Removing rtx_semaphore.o(.text.svcRtxSemaphoreNew), (374 bytes).
    Removing rtx_semaphore.o(.ARM.exidx.text.svcRtxSemaphoreNew), (8 bytes).
    Removing rtx_semaphore.o(.text.IsSemaphorePtrValid), (34 bytes).
    Removing rtx_semaphore.o(.ARM.exidx.text.IsSemaphorePtrValid), (8 bytes).
    Removing rtx_semaphore.o(.text.osRtxSemaphorePostProcess), (62 bytes).
    Removing rtx_semaphore.o(.ARM.exidx.text.osRtxSemaphorePostProcess), (8 bytes).
    Removing rtx_semaphore.o(.text.SemaphoreTokenDecrement), (36 bytes).
    Removing rtx_semaphore.o(.ARM.exidx.text.SemaphoreTokenDecrement), (8 bytes).
    Removing rtx_semaphore.o(.text.osRtxObject), (10 bytes).
    Removing rtx_semaphore.o(.ARM.exidx.text.osRtxObject), (8 bytes).
    Removing rtx_semaphore.o(.text.atomic_dec16_nz), (44 bytes).
    Removing rtx_semaphore.o(.ARM.exidx.text.atomic_dec16_nz), (8 bytes).
    Removing rtx_semaphore.o(.text.osRtxSemaphoreId), (10 bytes).
    Removing rtx_semaphore.o(.ARM.exidx.text.osRtxSemaphoreId), (8 bytes).
    Removing rtx_semaphore.o(.text.svcRtxSemaphoreAcquire), (170 bytes).
    Removing rtx_semaphore.o(.ARM.exidx.text.svcRtxSemaphoreAcquire), (8 bytes).
    Removing rtx_semaphore.o(.text.osRtxThreadGetRunning), (12 bytes).
    Removing rtx_semaphore.o(.ARM.exidx.text.osRtxThreadGetRunning), (8 bytes).
    Removing rtx_semaphore.o(.text.SemaphoreTokenIncrement), (46 bytes).
    Removing rtx_semaphore.o(.ARM.exidx.text.SemaphoreTokenIncrement), (8 bytes).
    Removing rtx_semaphore.o(.text.atomic_inc16_lt), (56 bytes).
    Removing rtx_semaphore.o(.ARM.exidx.text.atomic_inc16_lt), (8 bytes).
    Removing rtx_semaphore.o(.text.svcRtxSemaphoreRelease), (162 bytes).
    Removing rtx_semaphore.o(.ARM.exidx.text.svcRtxSemaphoreRelease), (8 bytes).
    Removing rtx_semaphore.o(.text.svcRtxSemaphoreDelete), (124 bytes).
    Removing rtx_semaphore.o(.ARM.exidx.text.svcRtxSemaphoreDelete), (8 bytes).
    Removing rtx_semaphore.o(.text.osRtxSemaphoreDestroy), (90 bytes).
    Removing rtx_semaphore.o(.ARM.exidx.text.osRtxSemaphoreDestroy), (8 bytes).
    Removing rtx_system.o(.text), (0 bytes).
    Removing rtx_system.o(.ARM.exidx.text.osRtxTick_Handler), (8 bytes).
    Removing rtx_system.o(.ARM.exidx.text.osRtxKernelGetState), (8 bytes).
    Removing rtx_system.o(.ARM.exidx.text.osRtxPendSV_Handler), (8 bytes).
    Removing rtx_system.o(.ARM.exidx.text.isr_queue_get), (8 bytes).
    Removing rtx_system.o(.ARM.exidx.text.osRtxThreadObject), (8 bytes).
    Removing rtx_system.o(.ARM.exidx.text.osRtxEventFlagsObject), (8 bytes).
    Removing rtx_system.o(.ARM.exidx.text.osRtxSemaphoreObject), (8 bytes).
    Removing rtx_system.o(.ARM.exidx.text.osRtxMemoryPoolObject), (8 bytes).
    Removing rtx_system.o(.ARM.exidx.text.osRtxMessageObject), (8 bytes).
    Removing rtx_system.o(.ARM.exidx.text.osRtxPostProcess), (8 bytes).
    Removing rtx_system.o(.ARM.exidx.text.isr_queue_put), (8 bytes).
    Removing rtx_system.o(.ARM.exidx.text.SetPendSV), (8 bytes).
    Removing rtx_system.o(.ARM.exidx.text.atomic_dec16_nz), (8 bytes).
    Removing rtx_system.o(.ARM.exidx.text.atomic_inc16_lim), (8 bytes).
    Removing rtx_system.o(.ARM.exidx.text.osRtxObject), (8 bytes).
    Removing rtx_system.o(.ARM.exidx.text.atomic_inc16_lt), (8 bytes).
    Removing rtx_thread.o(.text), (0 bytes).
    Removing rtx_thread.o(.ARM.exidx.text.osRtxThreadListPut), (8 bytes).
    Removing rtx_thread.o(.ARM.exidx.text.osRtxThreadObject), (8 bytes).
    Removing rtx_thread.o(.ARM.exidx.text.osRtxThreadListGet), (8 bytes).
    Removing rtx_thread.o(.ARM.exidx.text.osRtxThreadListSort), (8 bytes).
    Removing rtx_thread.o(.ARM.exidx.text.osRtxObject), (8 bytes).
    Removing rtx_thread.o(.ARM.exidx.text.osRtxThreadListRemove), (8 bytes).
    Removing rtx_thread.o(.ARM.exidx.text.osRtxThreadReadyPut), (8 bytes).
    Removing rtx_thread.o(.ARM.exidx.text.osRtxThreadDelayRemove), (8 bytes).
    Removing rtx_thread.o(.ARM.exidx.text.osRtxThreadDelayTick), (8 bytes).
    Removing rtx_thread.o(.ARM.exidx.text.osRtxThreadListRoot), (8 bytes).
    Removing rtx_thread.o(.ARM.exidx.text.osRtxMutexObject), (8 bytes).
    Removing rtx_thread.o(.ARM.exidx.text.osRtxThreadRegPtr), (8 bytes).
    Removing rtx_thread.o(.ARM.exidx.text.StackOffsetR0), (8 bytes).
    Removing rtx_thread.o(.ARM.exidx.text.osRtxThreadSwitch), (8 bytes).
    Removing rtx_thread.o(.ARM.exidx.text.SetPrivileged), (8 bytes).
    Removing rtx_thread.o(.ARM.exidx.text.osRtxThreadDispatch), (8 bytes).
    Removing rtx_thread.o(.ARM.exidx.text.osRtxKernelGetState), (8 bytes).
    Removing rtx_thread.o(.ARM.exidx.text.osRtxThreadGetRunning), (8 bytes).
    Removing rtx_thread.o(.ARM.exidx.text.osRtxThreadBlock), (8 bytes).
    Removing rtx_thread.o(.ARM.exidx.text.osRtxThreadWaitExit), (8 bytes).
    Removing rtx_thread.o(.ARM.exidx.text.osRtxThreadWaitEnter), (8 bytes).
    Removing rtx_thread.o(.ARM.exidx.text.osRtxThreadDelayInsert), (8 bytes).
    Removing rtx_thread.o(.ARM.exidx.text.osRtxThreadStackCheck), (8 bytes).
    Removing rtx_thread.o(.ARM.exidx.text.osRtxThreadJoinWakeup), (8 bytes).
    Removing rtx_thread.o(.ARM.exidx.text.osRtxThreadDestroy), (8 bytes).
    Removing rtx_thread.o(.ARM.exidx.text.osRtxThreadFree), (8 bytes).
    Removing rtx_thread.o(.text.osRtxThreadBeforeFree), (8 bytes).
    Removing rtx_thread.o(.ARM.exidx.text.osRtxThreadBeforeFree), (8 bytes).
    Removing rtx_thread.o(.ARM.exidx.text.osRtxThreadStartup), (8 bytes).
    Removing rtx_thread.o(.ARM.exidx.text.osRtxThreadId), (8 bytes).
    Removing rtx_thread.o(.ARM.exidx.text.svcRtxThreadNew), (8 bytes).
    Removing rtx_thread.o(.ARM.exidx.text.osThreadNew), (8 bytes).
    Removing rtx_thread.o(.ARM.exidx.text.IsException), (8 bytes).
    Removing rtx_thread.o(.ARM.exidx.text.IsIrqMasked), (8 bytes).
    Removing rtx_thread.o(.text.osThreadGetName), (72 bytes).
    Removing rtx_thread.o(.ARM.exidx.text.osThreadGetName), (8 bytes).
    Removing rtx_thread.o(.text.svcRtxThreadGetName), (72 bytes).
    Removing rtx_thread.o(.ARM.exidx.text.svcRtxThreadGetName), (8 bytes).
    Removing rtx_thread.o(.text.osThreadGetClass), (72 bytes).
    Removing rtx_thread.o(.ARM.exidx.text.osThreadGetClass), (8 bytes).
    Removing rtx_thread.o(.text.svcRtxThreadGetClass), (12 bytes).
    Removing rtx_thread.o(.ARM.exidx.text.svcRtxThreadGetClass), (8 bytes).
    Removing rtx_thread.o(.text.osThreadGetZone), (72 bytes).
    Removing rtx_thread.o(.ARM.exidx.text.osThreadGetZone), (8 bytes).
    Removing rtx_thread.o(.text.svcRtxThreadGetZone), (12 bytes).
    Removing rtx_thread.o(.ARM.exidx.text.svcRtxThreadGetZone), (8 bytes).
    Removing rtx_thread.o(.text.osThreadGetId), (58 bytes).
    Removing rtx_thread.o(.ARM.exidx.text.osThreadGetId), (8 bytes).
    Removing rtx_thread.o(.text.svcRtxThreadGetId), (22 bytes).
    Removing rtx_thread.o(.ARM.exidx.text.svcRtxThreadGetId), (8 bytes).
    Removing rtx_thread.o(.text.osThreadGetState), (80 bytes).
    Removing rtx_thread.o(.ARM.exidx.text.osThreadGetState), (8 bytes).
    Removing rtx_thread.o(.text.osThreadGetStackSize), (78 bytes).
    Removing rtx_thread.o(.ARM.exidx.text.osThreadGetStackSize), (8 bytes).
    Removing rtx_thread.o(.text.osThreadGetStackSpace), (78 bytes).
    Removing rtx_thread.o(.ARM.exidx.text.osThreadGetStackSpace), (8 bytes).
    Removing rtx_thread.o(.text.osThreadSetPriority), (100 bytes).
    Removing rtx_thread.o(.ARM.exidx.text.osThreadSetPriority), (8 bytes).
    Removing rtx_thread.o(.text.osThreadGetPriority), (80 bytes).
    Removing rtx_thread.o(.ARM.exidx.text.osThreadGetPriority), (8 bytes).
    Removing rtx_thread.o(.text.osThreadYield), (72 bytes).
    Removing rtx_thread.o(.ARM.exidx.text.osThreadYield), (8 bytes).
    Removing rtx_thread.o(.text.osThreadSuspend), (86 bytes).
    Removing rtx_thread.o(.ARM.exidx.text.osThreadSuspend), (8 bytes).
    Removing rtx_thread.o(.text.osThreadResume), (86 bytes).
    Removing rtx_thread.o(.ARM.exidx.text.osThreadResume), (8 bytes).
    Removing rtx_thread.o(.text.osThreadDetach), (86 bytes).
    Removing rtx_thread.o(.ARM.exidx.text.osThreadDetach), (8 bytes).
    Removing rtx_thread.o(.text.osThreadJoin), (86 bytes).
    Removing rtx_thread.o(.ARM.exidx.text.osThreadJoin), (8 bytes).
    Removing rtx_thread.o(.ARM.exidx.text.osThreadExit), (8 bytes).
    Removing rtx_thread.o(.text.osThreadTerminate), (86 bytes).
    Removing rtx_thread.o(.ARM.exidx.text.osThreadTerminate), (8 bytes).
    Removing rtx_thread.o(.text.osThreadFeedWatchdog), (86 bytes).
    Removing rtx_thread.o(.ARM.exidx.text.osThreadFeedWatchdog), (8 bytes).
    Removing rtx_thread.o(.text.osThreadProtectPrivileged), (72 bytes).
    Removing rtx_thread.o(.ARM.exidx.text.osThreadProtectPrivileged), (8 bytes).
    Removing rtx_thread.o(.text.osThreadSuspendClass), (132 bytes).
    Removing rtx_thread.o(.ARM.exidx.text.osThreadSuspendClass), (8 bytes).
    Removing rtx_thread.o(.text.IsTickIrq), (28 bytes).
    Removing rtx_thread.o(.ARM.exidx.text.IsTickIrq), (8 bytes).
    Removing rtx_thread.o(.text.svcRtxThreadSuspendClass), (14 bytes).
    Removing rtx_thread.o(.ARM.exidx.text.svcRtxThreadSuspendClass), (8 bytes).
    Removing rtx_thread.o(.text.osThreadResumeClass), (132 bytes).
    Removing rtx_thread.o(.ARM.exidx.text.osThreadResumeClass), (8 bytes).
    Removing rtx_thread.o(.text.svcRtxThreadResumeClass), (14 bytes).
    Removing rtx_thread.o(.ARM.exidx.text.svcRtxThreadResumeClass), (8 bytes).
    Removing rtx_thread.o(.text.osThreadTerminateZone), (126 bytes).
    Removing rtx_thread.o(.ARM.exidx.text.osThreadTerminateZone), (8 bytes).
    Removing rtx_thread.o(.text.IsFault), (48 bytes).
    Removing rtx_thread.o(.ARM.exidx.text.IsFault), (8 bytes).
    Removing rtx_thread.o(.text.IsSVCallIrq), (22 bytes).
    Removing rtx_thread.o(.ARM.exidx.text.IsSVCallIrq), (8 bytes).
    Removing rtx_thread.o(.text.IsPendSvIrq), (22 bytes).
    Removing rtx_thread.o(.ARM.exidx.text.IsPendSvIrq), (8 bytes).
    Removing rtx_thread.o(.text.svcRtxThreadTerminateZone), (12 bytes).
    Removing rtx_thread.o(.ARM.exidx.text.svcRtxThreadTerminateZone), (8 bytes).
    Removing rtx_thread.o(.text.osThreadSetAffinityMask), (82 bytes).
    Removing rtx_thread.o(.ARM.exidx.text.osThreadSetAffinityMask), (8 bytes).
    Removing rtx_thread.o(.text.osThreadGetAffinityMask), (68 bytes).
    Removing rtx_thread.o(.ARM.exidx.text.osThreadGetAffinityMask), (8 bytes).
    Removing rtx_thread.o(.text.osThreadGetCount), (64 bytes).
    Removing rtx_thread.o(.ARM.exidx.text.osThreadGetCount), (8 bytes).
    Removing rtx_thread.o(.text.osThreadEnumerate), (92 bytes).
    Removing rtx_thread.o(.ARM.exidx.text.osThreadEnumerate), (8 bytes).
    Removing rtx_thread.o(.text.osThreadFlagsSet), (94 bytes).
    Removing rtx_thread.o(.ARM.exidx.text.osThreadFlagsSet), (8 bytes).
    Removing rtx_thread.o(.text.isrRtxThreadFlagsSet), (134 bytes).
    Removing rtx_thread.o(.ARM.exidx.text.isrRtxThreadFlagsSet), (8 bytes).
    Removing rtx_thread.o(.text.osThreadFlagsClear), (86 bytes).
    Removing rtx_thread.o(.ARM.exidx.text.osThreadFlagsClear), (8 bytes).
    Removing rtx_thread.o(.text.osThreadFlagsGet), (64 bytes).
    Removing rtx_thread.o(.ARM.exidx.text.osThreadFlagsGet), (8 bytes).
    Removing rtx_thread.o(.text.osThreadFlagsWait), (114 bytes).
    Removing rtx_thread.o(.ARM.exidx.text.osThreadFlagsWait), (8 bytes).
    Removing rtx_thread.o(.ARM.exidx.text.IsThreadPtrValid), (8 bytes).
    Removing rtx_thread.o(.ARM.exidx.text.osThreadEntry), (8 bytes).
    Removing rtx_thread.o(.ARM.exidx.text.xPSR_InitVal), (8 bytes).
    Removing rtx_thread.o(.ARM.exidx.text.osRtxThreadPostProcess), (8 bytes).
    Removing rtx_thread.o(.ARM.exidx.text.ThreadFlagsCheck), (8 bytes).
    Removing rtx_thread.o(.ARM.exidx.text.atomic_chk32_all), (8 bytes).
    Removing rtx_thread.o(.ARM.exidx.text.atomic_chk32_any), (8 bytes).
    Removing rtx_thread.o(.text.svcRtxThreadGetState), (80 bytes).
    Removing rtx_thread.o(.ARM.exidx.text.svcRtxThreadGetState), (8 bytes).
    Removing rtx_thread.o(.text.osRtxThreadState), (24 bytes).
    Removing rtx_thread.o(.ARM.exidx.text.osRtxThreadState), (8 bytes).
    Removing rtx_thread.o(.text.svcRtxThreadGetStackSize), (72 bytes).
    Removing rtx_thread.o(.ARM.exidx.text.svcRtxThreadGetStackSize), (8 bytes).
    Removing rtx_thread.o(.text.svcRtxThreadGetStackSpace), (186 bytes).
    Removing rtx_thread.o(.ARM.exidx.text.svcRtxThreadGetStackSpace), (8 bytes).
    Removing rtx_thread.o(.text.svcRtxThreadSetPriority), (164 bytes).
    Removing rtx_thread.o(.ARM.exidx.text.svcRtxThreadSetPriority), (8 bytes).
    Removing rtx_thread.o(.text.svcRtxThreadGetPriority), (108 bytes).
    Removing rtx_thread.o(.ARM.exidx.text.svcRtxThreadGetPriority), (8 bytes).
    Removing rtx_thread.o(.text.osRtxThreadPriority), (14 bytes).
    Removing rtx_thread.o(.ARM.exidx.text.osRtxThreadPriority), (8 bytes).
    Removing rtx_thread.o(.text.svcRtxThreadYield), (90 bytes).
    Removing rtx_thread.o(.ARM.exidx.text.svcRtxThreadYield), (8 bytes).
    Removing rtx_thread.o(.text.svcRtxThreadSuspend), (252 bytes).
    Removing rtx_thread.o(.ARM.exidx.text.svcRtxThreadSuspend), (8 bytes).
    Removing rtx_thread.o(.text.svcRtxThreadResume), (120 bytes).
    Removing rtx_thread.o(.ARM.exidx.text.svcRtxThreadResume), (8 bytes).
    Removing rtx_thread.o(.text.svcRtxThreadDetach), (144 bytes).
    Removing rtx_thread.o(.ARM.exidx.text.svcRtxThreadDetach), (8 bytes).
    Removing rtx_thread.o(.text.osRtxThreadListUnlink), (62 bytes).
    Removing rtx_thread.o(.ARM.exidx.text.osRtxThreadListUnlink), (8 bytes).
    Removing rtx_thread.o(.text.svcRtxThreadJoin), (234 bytes).
    Removing rtx_thread.o(.ARM.exidx.text.svcRtxThreadJoin), (8 bytes).
    Removing rtx_thread.o(.ARM.exidx.text.svcRtxThreadExit), (8 bytes).
    Removing rtx_thread.o(.ARM.exidx.text.osRtxThreadSetRunning), (8 bytes).
    Removing rtx_thread.o(.text.svcRtxThreadTerminate), (310 bytes).
    Removing rtx_thread.o(.ARM.exidx.text.svcRtxThreadTerminate), (8 bytes).
    Removing rtx_thread.o(.text.svcRtxThreadFeedWatchdog), (12 bytes).
    Removing rtx_thread.o(.ARM.exidx.text.svcRtxThreadFeedWatchdog), (8 bytes).
    Removing rtx_thread.o(.text.svcRtxThreadProtectPrivileged), (6 bytes).
    Removing rtx_thread.o(.ARM.exidx.text.svcRtxThreadProtectPrivileged), (8 bytes).
    Removing rtx_thread.o(.text.svcRtxThreadSetAffinityMask), (14 bytes).
    Removing rtx_thread.o(.ARM.exidx.text.svcRtxThreadSetAffinityMask), (8 bytes).
    Removing rtx_thread.o(.text.svcRtxThreadGetAffinityMask), (10 bytes).
    Removing rtx_thread.o(.ARM.exidx.text.svcRtxThreadGetAffinityMask), (8 bytes).
    Removing rtx_thread.o(.text.svcRtxThreadGetCount), (128 bytes).
    Removing rtx_thread.o(.ARM.exidx.text.svcRtxThreadGetCount), (8 bytes).
    Removing rtx_thread.o(.text.svcRtxThreadEnumerate), (310 bytes).
    Removing rtx_thread.o(.ARM.exidx.text.svcRtxThreadEnumerate), (8 bytes).
    Removing rtx_thread.o(.text.ThreadFlagsSet), (26 bytes).
    Removing rtx_thread.o(.ARM.exidx.text.ThreadFlagsSet), (8 bytes).
    Removing rtx_thread.o(.text.atomic_set32), (40 bytes).
    Removing rtx_thread.o(.ARM.exidx.text.atomic_set32), (8 bytes).
    Removing rtx_thread.o(.text.svcRtxThreadFlagsSet), (214 bytes).
    Removing rtx_thread.o(.ARM.exidx.text.svcRtxThreadFlagsSet), (8 bytes).
    Removing rtx_thread.o(.text.svcRtxThreadFlagsClear), (94 bytes).
    Removing rtx_thread.o(.ARM.exidx.text.svcRtxThreadFlagsClear), (8 bytes).
    Removing rtx_thread.o(.text.ThreadFlagsClear), (26 bytes).
    Removing rtx_thread.o(.ARM.exidx.text.ThreadFlagsClear), (8 bytes).
    Removing rtx_thread.o(.text.atomic_clr32), (40 bytes).
    Removing rtx_thread.o(.ARM.exidx.text.atomic_clr32), (8 bytes).
    Removing rtx_thread.o(.text.svcRtxThreadFlagsGet), (52 bytes).
    Removing rtx_thread.o(.ARM.exidx.text.svcRtxThreadFlagsGet), (8 bytes).
    Removing rtx_thread.o(.text.svcRtxThreadFlagsWait), (190 bytes).
    Removing rtx_thread.o(.ARM.exidx.text.svcRtxThreadFlagsWait), (8 bytes).
    Removing rtx_timer.o(.text), (0 bytes).
    Removing rtx_timer.o(.ARM.exidx.text.osRtxTimerSetup), (8 bytes).
    Removing rtx_timer.o(.ARM.exidx.text.osRtxTimerTick), (8 bytes).
    Removing rtx_timer.o(.ARM.exidx.text.osRtxTimerThread), (8 bytes).
    Removing rtx_timer.o(.text.osTimerNew), (138 bytes).
    Removing rtx_timer.o(.ARM.exidx.text.osTimerNew), (8 bytes).
    Removing rtx_timer.o(.text.IsException), (20 bytes).
    Removing rtx_timer.o(.ARM.exidx.text.IsException), (8 bytes).
    Removing rtx_timer.o(.text.IsIrqMasked), (46 bytes).
    Removing rtx_timer.o(.ARM.exidx.text.IsIrqMasked), (8 bytes).
    Removing rtx_timer.o(.text.osTimerGetName), (72 bytes).
    Removing rtx_timer.o(.ARM.exidx.text.osTimerGetName), (8 bytes).
    Removing rtx_timer.o(.text.svcRtxTimerGetName), (72 bytes).
    Removing rtx_timer.o(.ARM.exidx.text.svcRtxTimerGetName), (8 bytes).
    Removing rtx_timer.o(.text.osTimerStart), (100 bytes).
    Removing rtx_timer.o(.ARM.exidx.text.osTimerStart), (8 bytes).
    Removing rtx_timer.o(.text.osTimerStop), (86 bytes).
    Removing rtx_timer.o(.ARM.exidx.text.osTimerStop), (8 bytes).
    Removing rtx_timer.o(.text.osTimerIsRunning), (78 bytes).
    Removing rtx_timer.o(.ARM.exidx.text.osTimerIsRunning), (8 bytes).
    Removing rtx_timer.o(.text.osTimerDelete), (86 bytes).
    Removing rtx_timer.o(.ARM.exidx.text.osTimerDelete), (8 bytes).
    Removing rtx_timer.o(.ARM.exidx.text.osRtxThreadGetRunning), (8 bytes).
    Removing rtx_timer.o(.ARM.exidx.text.TimerUnlink), (8 bytes).
    Removing rtx_timer.o(.ARM.exidx.text.osRtxThreadSetRunning), (8 bytes).
    Removing rtx_timer.o(.ARM.exidx.text.TimerInsert), (8 bytes).
    Removing rtx_timer.o(.text.svcRtxTimerNew), (400 bytes).
    Removing rtx_timer.o(.ARM.exidx.text.svcRtxTimerNew), (8 bytes).
    Removing rtx_timer.o(.text.IsTimerPtrValid), (34 bytes).
    Removing rtx_timer.o(.ARM.exidx.text.IsTimerPtrValid), (8 bytes).
    Removing rtx_timer.o(.text.osRtxTimerId), (10 bytes).
    Removing rtx_timer.o(.ARM.exidx.text.osRtxTimerId), (8 bytes).
    Removing rtx_timer.o(.text.svcRtxTimerStart), (158 bytes).
    Removing rtx_timer.o(.ARM.exidx.text.svcRtxTimerStart), (8 bytes).
    Removing rtx_timer.o(.text.TimerRemove), (72 bytes).
    Removing rtx_timer.o(.ARM.exidx.text.TimerRemove), (8 bytes).
    Removing rtx_timer.o(.text.svcRtxTimerStop), (110 bytes).
    Removing rtx_timer.o(.ARM.exidx.text.svcRtxTimerStop), (8 bytes).
    Removing rtx_timer.o(.text.svcRtxTimerIsRunning), (104 bytes).
    Removing rtx_timer.o(.ARM.exidx.text.svcRtxTimerIsRunning), (8 bytes).
    Removing rtx_timer.o(.text.svcRtxTimerDelete), (88 bytes).
    Removing rtx_timer.o(.ARM.exidx.text.svcRtxTimerDelete), (8 bytes).
    Removing rtx_timer.o(.text.osRtxTimerDestroy), (94 bytes).
    Removing rtx_timer.o(.ARM.exidx.text.osRtxTimerDestroy), (8 bytes).
    Removing os_systick.o(.text), (0 bytes).
    Removing os_systick.o(.ARM.exidx.text.OS_Tick_Setup), (8 bytes).
    Removing os_systick.o(.ARM.exidx.text.OS_Tick_Enable), (8 bytes).
    Removing os_systick.o(.text.OS_Tick_Disable), (64 bytes).
    Removing os_systick.o(.ARM.exidx.text.OS_Tick_Disable), (8 bytes).
    Removing os_systick.o(.ARM.exidx.text.OS_Tick_AcknowledgeIRQ), (8 bytes).
    Removing os_systick.o(.ARM.exidx.text.OS_Tick_GetIRQn), (8 bytes).
    Removing os_systick.o(.text.OS_Tick_GetClock), (12 bytes).
    Removing os_systick.o(.ARM.exidx.text.OS_Tick_GetClock), (8 bytes).
    Removing os_systick.o(.text.OS_Tick_GetInterval), (14 bytes).
    Removing os_systick.o(.ARM.exidx.text.OS_Tick_GetInterval), (8 bytes).
    Removing os_systick.o(.text.OS_Tick_GetCount), (52 bytes).
    Removing os_systick.o(.ARM.exidx.text.OS_Tick_GetCount), (8 bytes).
    Removing os_systick.o(.text.OS_Tick_GetOverflow), (16 bytes).
    Removing os_systick.o(.ARM.exidx.text.OS_Tick_GetOverflow), (8 bytes).
    Removing rtx_config.o(.text), (0 bytes).
    Removing rtx_config.o(.ARM.exidx.text.osRtxIdleThread), (8 bytes).
    Removing rtx_config.o(.ARM.exidx.text.osRtxErrorNotify), (8 bytes).
    Removing usart_stm32f4xx.o(.text), (0 bytes).
    Removing usart_stm32f4xx.o(.ARM.exidx.text.USART_IRQHandler), (8 bytes).
    Removing usart_stm32f4xx.o(.ARM.exidx.text.USART2_IRQHandler), (8 bytes).
    Removing usart_stm32f4xx.o(.text.USARTx_GetVersion), (18 bytes).
    Removing usart_stm32f4xx.o(.ARM.exidx.text.USARTx_GetVersion), (8 bytes).
    Removing usart_stm32f4xx.o(.text.USART2_GetCapabilities), (24 bytes).
    Removing usart_stm32f4xx.o(.ARM.exidx.text.USART2_GetCapabilities), (8 bytes).
    Removing usart_stm32f4xx.o(.text.USART2_Initialize), (24 bytes).
    Removing usart_stm32f4xx.o(.ARM.exidx.text.USART2_Initialize), (8 bytes).
    Removing usart_stm32f4xx.o(.text.USART2_Uninitialize), (16 bytes).
    Removing usart_stm32f4xx.o(.ARM.exidx.text.USART2_Uninitialize), (8 bytes).
    Removing usart_stm32f4xx.o(.text.USART2_PowerControl), (28 bytes).
    Removing usart_stm32f4xx.o(.ARM.exidx.text.USART2_PowerControl), (8 bytes).
    Removing usart_stm32f4xx.o(.text.USART2_Send), (28 bytes).
    Removing usart_stm32f4xx.o(.ARM.exidx.text.USART2_Send), (8 bytes).
    Removing usart_stm32f4xx.o(.text.USART2_Receive), (28 bytes).
    Removing usart_stm32f4xx.o(.ARM.exidx.text.USART2_Receive), (8 bytes).
    Removing usart_stm32f4xx.o(.text.USART2_Transfer), (32 bytes).
    Removing usart_stm32f4xx.o(.ARM.exidx.text.USART2_Transfer), (8 bytes).
    Removing usart_stm32f4xx.o(.text.USART2_GetTxCount), (16 bytes).
    Removing usart_stm32f4xx.o(.ARM.exidx.text.USART2_GetTxCount), (8 bytes).
    Removing usart_stm32f4xx.o(.text.USART2_GetRxCount), (16 bytes).
    Removing usart_stm32f4xx.o(.ARM.exidx.text.USART2_GetRxCount), (8 bytes).
    Removing usart_stm32f4xx.o(.text.USART2_Control), (28 bytes).
    Removing usart_stm32f4xx.o(.ARM.exidx.text.USART2_Control), (8 bytes).
    Removing usart_stm32f4xx.o(.text.USART2_GetStatus), (24 bytes).
    Removing usart_stm32f4xx.o(.ARM.exidx.text.USART2_GetStatus), (8 bytes).
    Removing usart_stm32f4xx.o(.text.USART2_SetModemControl), (28 bytes).
    Removing usart_stm32f4xx.o(.ARM.exidx.text.USART2_SetModemControl), (8 bytes).
    Removing usart_stm32f4xx.o(.text.USART2_GetModemStatus), (24 bytes).
    Removing usart_stm32f4xx.o(.ARM.exidx.text.USART2_GetModemStatus), (8 bytes).
    Removing usart_stm32f4xx.o(.text.USART_GetCapabilities), (16 bytes).
    Removing usart_stm32f4xx.o(.ARM.exidx.text.USART_GetCapabilities), (8 bytes).
    Removing usart_stm32f4xx.o(.text.USART_Initialize), (224 bytes).
    Removing usart_stm32f4xx.o(.ARM.exidx.text.USART_Initialize), (8 bytes).
    Removing usart_stm32f4xx.o(.text.Enable_GPIO_Clock), (318 bytes).
    Removing usart_stm32f4xx.o(.ARM.exidx.text.Enable_GPIO_Clock), (8 bytes).
    Removing usart_stm32f4xx.o(.text.USART_Uninitialize), (192 bytes).
    Removing usart_stm32f4xx.o(.ARM.exidx.text.USART_Uninitialize), (8 bytes).
    Removing usart_stm32f4xx.o(.text.USART_PowerControl), (644 bytes).
    Removing usart_stm32f4xx.o(.ARM.exidx.text.USART_PowerControl), (8 bytes).
    Removing usart_stm32f4xx.o(.text.__NVIC_ClearPendingIRQ), (48 bytes).
    Removing usart_stm32f4xx.o(.ARM.exidx.text.__NVIC_ClearPendingIRQ), (8 bytes).
    Removing usart_stm32f4xx.o(.text.__NVIC_EnableIRQ), (48 bytes).
    Removing usart_stm32f4xx.o(.ARM.exidx.text.__NVIC_EnableIRQ), (8 bytes).
    Removing usart_stm32f4xx.o(.text.USART_PeripheralReset), (228 bytes).
    Removing usart_stm32f4xx.o(.ARM.exidx.text.USART_PeripheralReset), (8 bytes).
    Removing usart_stm32f4xx.o(.text.USART_Send), (162 bytes).
    Removing usart_stm32f4xx.o(.ARM.exidx.text.USART_Send), (8 bytes).
    Removing usart_stm32f4xx.o(.text.USART_Receive), (228 bytes).
    Removing usart_stm32f4xx.o(.ARM.exidx.text.USART_Receive), (8 bytes).
    Removing usart_stm32f4xx.o(.text.USART_Transfer), (150 bytes).
    Removing usart_stm32f4xx.o(.ARM.exidx.text.USART_Transfer), (8 bytes).
    Removing usart_stm32f4xx.o(.text.USART_GetTxCount), (14 bytes).
    Removing usart_stm32f4xx.o(.ARM.exidx.text.USART_GetTxCount), (8 bytes).
    Removing usart_stm32f4xx.o(.text.USART_GetRxCount), (14 bytes).
    Removing usart_stm32f4xx.o(.ARM.exidx.text.USART_GetRxCount), (8 bytes).
    Removing usart_stm32f4xx.o(.text.USART_Control), (3462 bytes).
    Removing usart_stm32f4xx.o(.ARM.exidx.text.USART_Control), (8 bytes).
    Removing usart_stm32f4xx.o(.text.USART_GetStatus), (212 bytes).
    Removing usart_stm32f4xx.o(.ARM.exidx.text.USART_GetStatus), (8 bytes).
    Removing usart_stm32f4xx.o(.text.USART_SetModemControl), (226 bytes).
    Removing usart_stm32f4xx.o(.ARM.exidx.text.USART_SetModemControl), (8 bytes).
    Removing usart_stm32f4xx.o(.text.USART_GetModemStatus), (106 bytes).
    Removing usart_stm32f4xx.o(.ARM.exidx.text.USART_GetModemStatus), (8 bytes).
    Removing usart_stm32f4xx.o(.rodata.Driver_USART2), (56 bytes).
    Removing usart_stm32f4xx.o(.rodata.usart_driver_version), (4 bytes).
    Removing system_stm32f4xx.o(.text), (0 bytes).
    Removing system_stm32f4xx.o(.ARM.exidx.text.SystemInit), (8 bytes).
    Removing system_stm32f4xx.o(.text.SystemCoreClockUpdate), (302 bytes).
    Removing system_stm32f4xx.o(.ARM.exidx.text.SystemCoreClockUpdate), (8 bytes).
    Removing stm32f4xx_hal_1.o(.text), (0 bytes).
    Removing stm32f4xx_hal_1.o(.ARM.exidx.text.HAL_Init), (8 bytes).
    Removing stm32f4xx_hal_1.o(.ARM.exidx.text.HAL_InitTick), (8 bytes).
    Removing stm32f4xx_hal_1.o(.text.HAL_MspInit), (2 bytes).
    Removing stm32f4xx_hal_1.o(.ARM.exidx.text.HAL_MspInit), (8 bytes).
    Removing stm32f4xx_hal_1.o(.text.HAL_DeInit), (82 bytes).
    Removing stm32f4xx_hal_1.o(.ARM.exidx.text.HAL_DeInit), (8 bytes).
    Removing stm32f4xx_hal_1.o(.text.HAL_MspDeInit), (2 bytes).
    Removing stm32f4xx_hal_1.o(.ARM.exidx.text.HAL_MspDeInit), (8 bytes).
    Removing stm32f4xx_hal_1.o(.text.HAL_IncTick), (26 bytes).
    Removing stm32f4xx_hal_1.o(.ARM.exidx.text.HAL_IncTick), (8 bytes).
    Removing stm32f4xx_hal_1.o(.ARM.exidx.text.HAL_GetTick), (8 bytes).
    Removing stm32f4xx_hal_1.o(.text.HAL_GetTickPrio), (12 bytes).
    Removing stm32f4xx_hal_1.o(.ARM.exidx.text.HAL_GetTickPrio), (8 bytes).
    Removing stm32f4xx_hal_1.o(.text.HAL_SetTickFreq), (106 bytes).
    Removing stm32f4xx_hal_1.o(.ARM.exidx.text.HAL_SetTickFreq), (8 bytes).
    Removing stm32f4xx_hal_1.o(.text.HAL_GetTickFreq), (12 bytes).
    Removing stm32f4xx_hal_1.o(.ARM.exidx.text.HAL_GetTickFreq), (8 bytes).
    Removing stm32f4xx_hal_1.o(.ARM.exidx.text.HAL_Delay), (8 bytes).
    Removing stm32f4xx_hal_1.o(.text.HAL_SuspendTick), (18 bytes).
    Removing stm32f4xx_hal_1.o(.ARM.exidx.text.HAL_SuspendTick), (8 bytes).
    Removing stm32f4xx_hal_1.o(.text.HAL_ResumeTick), (18 bytes).
    Removing stm32f4xx_hal_1.o(.ARM.exidx.text.HAL_ResumeTick), (8 bytes).
    Removing stm32f4xx_hal_1.o(.text.HAL_GetHalVersion), (10 bytes).
    Removing stm32f4xx_hal_1.o(.ARM.exidx.text.HAL_GetHalVersion), (8 bytes).
    Removing stm32f4xx_hal_1.o(.text.HAL_GetREVID), (14 bytes).
    Removing stm32f4xx_hal_1.o(.ARM.exidx.text.HAL_GetREVID), (8 bytes).
    Removing stm32f4xx_hal_1.o(.text.HAL_GetDEVID), (16 bytes).
    Removing stm32f4xx_hal_1.o(.ARM.exidx.text.HAL_GetDEVID), (8 bytes).
    Removing stm32f4xx_hal_1.o(.text.HAL_DBGMCU_EnableDBGSleepMode), (18 bytes).
    Removing stm32f4xx_hal_1.o(.ARM.exidx.text.HAL_DBGMCU_EnableDBGSleepMode), (8 bytes).
    Removing stm32f4xx_hal_1.o(.text.HAL_DBGMCU_DisableDBGSleepMode), (18 bytes).
    Removing stm32f4xx_hal_1.o(.ARM.exidx.text.HAL_DBGMCU_DisableDBGSleepMode), (8 bytes).
    Removing stm32f4xx_hal_1.o(.text.HAL_DBGMCU_EnableDBGStopMode), (18 bytes).
    Removing stm32f4xx_hal_1.o(.ARM.exidx.text.HAL_DBGMCU_EnableDBGStopMode), (8 bytes).
    Removing stm32f4xx_hal_1.o(.text.HAL_DBGMCU_DisableDBGStopMode), (18 bytes).
    Removing stm32f4xx_hal_1.o(.ARM.exidx.text.HAL_DBGMCU_DisableDBGStopMode), (8 bytes).
    Removing stm32f4xx_hal_1.o(.text.HAL_DBGMCU_EnableDBGStandbyMode), (18 bytes).
    Removing stm32f4xx_hal_1.o(.ARM.exidx.text.HAL_DBGMCU_EnableDBGStandbyMode), (8 bytes).
    Removing stm32f4xx_hal_1.o(.text.HAL_DBGMCU_DisableDBGStandbyMode), (18 bytes).
    Removing stm32f4xx_hal_1.o(.ARM.exidx.text.HAL_DBGMCU_DisableDBGStandbyMode), (8 bytes).
    Removing stm32f4xx_hal_1.o(.text.HAL_EnableCompensationCell), (14 bytes).
    Removing stm32f4xx_hal_1.o(.ARM.exidx.text.HAL_EnableCompensationCell), (8 bytes).
    Removing stm32f4xx_hal_1.o(.text.HAL_DisableCompensationCell), (14 bytes).
    Removing stm32f4xx_hal_1.o(.ARM.exidx.text.HAL_DisableCompensationCell), (8 bytes).
    Removing stm32f4xx_hal_1.o(.text.HAL_GetUIDw0), (12 bytes).
    Removing stm32f4xx_hal_1.o(.ARM.exidx.text.HAL_GetUIDw0), (8 bytes).
    Removing stm32f4xx_hal_1.o(.text.HAL_GetUIDw1), (12 bytes).
    Removing stm32f4xx_hal_1.o(.ARM.exidx.text.HAL_GetUIDw1), (8 bytes).
    Removing stm32f4xx_hal_1.o(.text.HAL_GetUIDw2), (12 bytes).
    Removing stm32f4xx_hal_1.o(.ARM.exidx.text.HAL_GetUIDw2), (8 bytes).
    Removing stm32f4xx_hal_cortex_1.o(.text), (0 bytes).
    Removing stm32f4xx_hal_cortex_1.o(.ARM.exidx.text.HAL_NVIC_SetPriorityGrouping), (8 bytes).
    Removing stm32f4xx_hal_cortex_1.o(.ARM.exidx.text.__NVIC_SetPriorityGrouping), (8 bytes).
    Removing stm32f4xx_hal_cortex_1.o(.ARM.exidx.text.HAL_NVIC_SetPriority), (8 bytes).
    Removing stm32f4xx_hal_cortex_1.o(.ARM.exidx.text.__NVIC_GetPriorityGrouping), (8 bytes).
    Removing stm32f4xx_hal_cortex_1.o(.ARM.exidx.text.__NVIC_SetPriority), (8 bytes).
    Removing stm32f4xx_hal_cortex_1.o(.ARM.exidx.text.NVIC_EncodePriority), (8 bytes).
    Removing stm32f4xx_hal_cortex_1.o(.text.HAL_NVIC_EnableIRQ), (20 bytes).
    Removing stm32f4xx_hal_cortex_1.o(.ARM.exidx.text.HAL_NVIC_EnableIRQ), (8 bytes).
    Removing stm32f4xx_hal_cortex_1.o(.text.__NVIC_EnableIRQ), (48 bytes).
    Removing stm32f4xx_hal_cortex_1.o(.ARM.exidx.text.__NVIC_EnableIRQ), (8 bytes).
    Removing stm32f4xx_hal_cortex_1.o(.text.HAL_NVIC_DisableIRQ), (20 bytes).
    Removing stm32f4xx_hal_cortex_1.o(.ARM.exidx.text.HAL_NVIC_DisableIRQ), (8 bytes).
    Removing stm32f4xx_hal_cortex_1.o(.text.__NVIC_DisableIRQ), (56 bytes).
    Removing stm32f4xx_hal_cortex_1.o(.ARM.exidx.text.__NVIC_DisableIRQ), (8 bytes).
    Removing stm32f4xx_hal_cortex_1.o(.text.HAL_NVIC_SystemReset), (4 bytes).
    Removing stm32f4xx_hal_cortex_1.o(.ARM.exidx.text.HAL_NVIC_SystemReset), (8 bytes).
    Removing stm32f4xx_hal_cortex_1.o(.text.__NVIC_SystemReset), (38 bytes).
    Removing stm32f4xx_hal_cortex_1.o(.ARM.exidx.text.__NVIC_SystemReset), (8 bytes).
    Removing stm32f4xx_hal_cortex_1.o(.ARM.exidx.text.HAL_SYSTICK_Config), (8 bytes).
    Removing stm32f4xx_hal_cortex_1.o(.ARM.exidx.text.SysTick_Config), (8 bytes).
    Removing stm32f4xx_hal_cortex_1.o(.text.HAL_MPU_Disable), (34 bytes).
    Removing stm32f4xx_hal_cortex_1.o(.ARM.exidx.text.HAL_MPU_Disable), (8 bytes).
    Removing stm32f4xx_hal_cortex_1.o(.text.HAL_MPU_Enable), (48 bytes).
    Removing stm32f4xx_hal_cortex_1.o(.ARM.exidx.text.HAL_MPU_Enable), (8 bytes).
    Removing stm32f4xx_hal_cortex_1.o(.text.HAL_MPU_ConfigRegion), (158 bytes).
    Removing stm32f4xx_hal_cortex_1.o(.ARM.exidx.text.HAL_MPU_ConfigRegion), (8 bytes).
    Removing stm32f4xx_hal_cortex_1.o(.text.HAL_NVIC_GetPriorityGrouping), (8 bytes).
    Removing stm32f4xx_hal_cortex_1.o(.ARM.exidx.text.HAL_NVIC_GetPriorityGrouping), (8 bytes).
    Removing stm32f4xx_hal_cortex_1.o(.text.HAL_NVIC_GetPriority), (36 bytes).
    Removing stm32f4xx_hal_cortex_1.o(.ARM.exidx.text.HAL_NVIC_GetPriority), (8 bytes).
    Removing stm32f4xx_hal_cortex_1.o(.text.NVIC_DecodePriority), (118 bytes).
    Removing stm32f4xx_hal_cortex_1.o(.ARM.exidx.text.NVIC_DecodePriority), (8 bytes).
    Removing stm32f4xx_hal_cortex_1.o(.text.__NVIC_GetPriority), (66 bytes).
    Removing stm32f4xx_hal_cortex_1.o(.ARM.exidx.text.__NVIC_GetPriority), (8 bytes).
    Removing stm32f4xx_hal_cortex_1.o(.text.HAL_NVIC_SetPendingIRQ), (20 bytes).
    Removing stm32f4xx_hal_cortex_1.o(.ARM.exidx.text.HAL_NVIC_SetPendingIRQ), (8 bytes).
    Removing stm32f4xx_hal_cortex_1.o(.text.__NVIC_SetPendingIRQ), (48 bytes).
    Removing stm32f4xx_hal_cortex_1.o(.ARM.exidx.text.__NVIC_SetPendingIRQ), (8 bytes).
    Removing stm32f4xx_hal_cortex_1.o(.text.HAL_NVIC_GetPendingIRQ), (20 bytes).
    Removing stm32f4xx_hal_cortex_1.o(.ARM.exidx.text.HAL_NVIC_GetPendingIRQ), (8 bytes).
    Removing stm32f4xx_hal_cortex_1.o(.text.__NVIC_GetPendingIRQ), (64 bytes).
    Removing stm32f4xx_hal_cortex_1.o(.ARM.exidx.text.__NVIC_GetPendingIRQ), (8 bytes).
    Removing stm32f4xx_hal_cortex_1.o(.text.HAL_NVIC_ClearPendingIRQ), (20 bytes).
    Removing stm32f4xx_hal_cortex_1.o(.ARM.exidx.text.HAL_NVIC_ClearPendingIRQ), (8 bytes).
    Removing stm32f4xx_hal_cortex_1.o(.text.__NVIC_ClearPendingIRQ), (48 bytes).
    Removing stm32f4xx_hal_cortex_1.o(.ARM.exidx.text.__NVIC_ClearPendingIRQ), (8 bytes).
    Removing stm32f4xx_hal_cortex_1.o(.text.HAL_NVIC_GetActive), (20 bytes).
    Removing stm32f4xx_hal_cortex_1.o(.ARM.exidx.text.HAL_NVIC_GetActive), (8 bytes).
    Removing stm32f4xx_hal_cortex_1.o(.text.__NVIC_GetActive), (64 bytes).
    Removing stm32f4xx_hal_cortex_1.o(.ARM.exidx.text.__NVIC_GetActive), (8 bytes).
    Removing stm32f4xx_hal_cortex_1.o(.text.HAL_SYSTICK_CLKSourceConfig), (52 bytes).
    Removing stm32f4xx_hal_cortex_1.o(.ARM.exidx.text.HAL_SYSTICK_CLKSourceConfig), (8 bytes).
    Removing stm32f4xx_hal_cortex_1.o(.text.HAL_SYSTICK_IRQHandler), (8 bytes).
    Removing stm32f4xx_hal_cortex_1.o(.ARM.exidx.text.HAL_SYSTICK_IRQHandler), (8 bytes).
    Removing stm32f4xx_hal_cortex_1.o(.text.HAL_SYSTICK_Callback), (2 bytes).
    Removing stm32f4xx_hal_cortex_1.o(.ARM.exidx.text.HAL_SYSTICK_Callback), (8 bytes).
    Removing stm32f4xx_hal_dma_1.o(.text), (0 bytes).
    Removing stm32f4xx_hal_dma_1.o(.text.HAL_DMA_Init), (366 bytes).
    Removing stm32f4xx_hal_dma_1.o(.ARM.exidx.text.HAL_DMA_Init), (8 bytes).
    Removing stm32f4xx_hal_dma_1.o(.text.DMA_CheckFifoParam), (240 bytes).
    Removing stm32f4xx_hal_dma_1.o(.ARM.exidx.text.DMA_CheckFifoParam), (8 bytes).
    Removing stm32f4xx_hal_dma_1.o(.text.DMA_CalcBaseAndBitshift), (86 bytes).
    Removing stm32f4xx_hal_dma_1.o(.ARM.exidx.text.DMA_CalcBaseAndBitshift), (8 bytes).
    Removing stm32f4xx_hal_dma_1.o(.text.HAL_DMA_DeInit), (180 bytes).
    Removing stm32f4xx_hal_dma_1.o(.ARM.exidx.text.HAL_DMA_DeInit), (8 bytes).
    Removing stm32f4xx_hal_dma_1.o(.text.HAL_DMA_Start), (142 bytes).
    Removing stm32f4xx_hal_dma_1.o(.ARM.exidx.text.HAL_DMA_Start), (8 bytes).
    Removing stm32f4xx_hal_dma_1.o(.text.DMA_SetConfig), (80 bytes).
    Removing stm32f4xx_hal_dma_1.o(.ARM.exidx.text.DMA_SetConfig), (8 bytes).
    Removing stm32f4xx_hal_dma_1.o(.text.HAL_DMA_Start_IT), (194 bytes).
    Removing stm32f4xx_hal_dma_1.o(.ARM.exidx.text.HAL_DMA_Start_IT), (8 bytes).
    Removing stm32f4xx_hal_dma_1.o(.text.HAL_DMA_Abort), (236 bytes).
    Removing stm32f4xx_hal_dma_1.o(.ARM.exidx.text.HAL_DMA_Abort), (8 bytes).
    Removing stm32f4xx_hal_dma_1.o(.text.HAL_DMA_Abort_IT), (68 bytes).
    Removing stm32f4xx_hal_dma_1.o(.ARM.exidx.text.HAL_DMA_Abort_IT), (8 bytes).
    Removing stm32f4xx_hal_dma_1.o(.text.HAL_DMA_PollForTransfer), (506 bytes).
    Removing stm32f4xx_hal_dma_1.o(.ARM.exidx.text.HAL_DMA_PollForTransfer), (8 bytes).
    Removing stm32f4xx_hal_dma_1.o(.text.HAL_DMA_IRQHandler), (798 bytes).
    Removing stm32f4xx_hal_dma_1.o(.ARM.exidx.text.HAL_DMA_IRQHandler), (8 bytes).
    Removing stm32f4xx_hal_dma_1.o(.text.HAL_DMA_RegisterCallback), (182 bytes).
    Removing stm32f4xx_hal_dma_1.o(.ARM.exidx.text.HAL_DMA_RegisterCallback), (8 bytes).
    Removing stm32f4xx_hal_dma_1.o(.text.HAL_DMA_UnRegisterCallback), (210 bytes).
    Removing stm32f4xx_hal_dma_1.o(.ARM.exidx.text.HAL_DMA_UnRegisterCallback), (8 bytes).
    Removing stm32f4xx_hal_dma_1.o(.text.HAL_DMA_GetState), (14 bytes).
    Removing stm32f4xx_hal_dma_1.o(.ARM.exidx.text.HAL_DMA_GetState), (8 bytes).
    Removing stm32f4xx_hal_dma_1.o(.text.HAL_DMA_GetError), (12 bytes).
    Removing stm32f4xx_hal_dma_1.o(.ARM.exidx.text.HAL_DMA_GetError), (8 bytes).
    Removing stm32f4xx_hal_dma_1.o(.rodata.DMA_CalcBaseAndBitshift.flagBitshiftOffset), (8 bytes).
    Removing stm32f4xx_hal_dma_ex_1.o(.text), (0 bytes).
    Removing stm32f4xx_hal_dma_ex_1.o(.text.HAL_DMAEx_MultiBufferStart), (176 bytes).
    Removing stm32f4xx_hal_dma_ex_1.o(.ARM.exidx.text.HAL_DMAEx_MultiBufferStart), (8 bytes).
    Removing stm32f4xx_hal_dma_ex_1.o(.text.DMA_MultiBufferSetConfig), (68 bytes).
    Removing stm32f4xx_hal_dma_ex_1.o(.ARM.exidx.text.DMA_MultiBufferSetConfig), (8 bytes).
    Removing stm32f4xx_hal_dma_ex_1.o(.text.HAL_DMAEx_MultiBufferStart_IT), (8244 bytes).
    Removing stm32f4xx_hal_dma_ex_1.o(.ARM.exidx.text.HAL_DMAEx_MultiBufferStart_IT), (8 bytes).
    Removing stm32f4xx_hal_dma_ex_1.o(.text.HAL_DMAEx_ChangeMemory), (44 bytes).
    Removing stm32f4xx_hal_dma_ex_1.o(.ARM.exidx.text.HAL_DMAEx_ChangeMemory), (8 bytes).
    Removing stm32f4xx_hal_gpio_1.o(.text), (0 bytes).
    Removing stm32f4xx_hal_gpio_1.o(.ARM.exidx.text.HAL_GPIO_Init), (8 bytes).
    Removing stm32f4xx_hal_gpio_1.o(.text.HAL_GPIO_DeInit), (464 bytes).
    Removing stm32f4xx_hal_gpio_1.o(.ARM.exidx.text.HAL_GPIO_DeInit), (8 bytes).
    Removing stm32f4xx_hal_gpio_1.o(.ARM.exidx.text.HAL_GPIO_ReadPin), (8 bytes).
    Removing stm32f4xx_hal_gpio_1.o(.ARM.exidx.text.HAL_GPIO_WritePin), (8 bytes).
    Removing stm32f4xx_hal_gpio_1.o(.ARM.exidx.text.HAL_GPIO_TogglePin), (8 bytes).
    Removing stm32f4xx_hal_gpio_1.o(.text.HAL_GPIO_LockPin), (86 bytes).
    Removing stm32f4xx_hal_gpio_1.o(.ARM.exidx.text.HAL_GPIO_LockPin), (8 bytes).
    Removing stm32f4xx_hal_gpio_1.o(.text.HAL_GPIO_EXTI_IRQHandler), (56 bytes).
    Removing stm32f4xx_hal_gpio_1.o(.ARM.exidx.text.HAL_GPIO_EXTI_IRQHandler), (8 bytes).
    Removing stm32f4xx_hal_gpio_1.o(.text.HAL_GPIO_EXTI_Callback), (10 bytes).
    Removing stm32f4xx_hal_gpio_1.o(.ARM.exidx.text.HAL_GPIO_EXTI_Callback), (8 bytes).
    Removing stm32f4xx_hal_pwr_1.o(.text), (0 bytes).
    Removing stm32f4xx_hal_pwr_1.o(.text.HAL_PWR_DeInit), (26 bytes).
    Removing stm32f4xx_hal_pwr_1.o(.ARM.exidx.text.HAL_PWR_DeInit), (8 bytes).
    Removing stm32f4xx_hal_pwr_1.o(.text.HAL_PWR_EnableBkUpAccess), (30 bytes).
    Removing stm32f4xx_hal_pwr_1.o(.ARM.exidx.text.HAL_PWR_EnableBkUpAccess), (8 bytes).
    Removing stm32f4xx_hal_pwr_1.o(.text.HAL_PWR_DisableBkUpAccess), (30 bytes).
    Removing stm32f4xx_hal_pwr_1.o(.ARM.exidx.text.HAL_PWR_DisableBkUpAccess), (8 bytes).
    Removing stm32f4xx_hal_pwr_1.o(.text.HAL_PWR_ConfigPVD), (210 bytes).
    Removing stm32f4xx_hal_pwr_1.o(.ARM.exidx.text.HAL_PWR_ConfigPVD), (8 bytes).
    Removing stm32f4xx_hal_pwr_1.o(.text.HAL_PWR_EnablePVD), (12 bytes).
    Removing stm32f4xx_hal_pwr_1.o(.ARM.exidx.text.HAL_PWR_EnablePVD), (8 bytes).
    Removing stm32f4xx_hal_pwr_1.o(.text.HAL_PWR_DisablePVD), (12 bytes).
    Removing stm32f4xx_hal_pwr_1.o(.ARM.exidx.text.HAL_PWR_DisablePVD), (8 bytes).
    Removing stm32f4xx_hal_pwr_1.o(.text.HAL_PWR_EnableWakeUpPin), (24 bytes).
    Removing stm32f4xx_hal_pwr_1.o(.ARM.exidx.text.HAL_PWR_EnableWakeUpPin), (8 bytes).
    Removing stm32f4xx_hal_pwr_1.o(.text.HAL_PWR_DisableWakeUpPin), (24 bytes).
    Removing stm32f4xx_hal_pwr_1.o(.ARM.exidx.text.HAL_PWR_DisableWakeUpPin), (8 bytes).
    Removing stm32f4xx_hal_pwr_1.o(.text.HAL_PWR_EnterSLEEPMode), (50 bytes).
    Removing stm32f4xx_hal_pwr_1.o(.ARM.exidx.text.HAL_PWR_EnterSLEEPMode), (8 bytes).
    Removing stm32f4xx_hal_pwr_1.o(.text.HAL_PWR_EnterSTOPMode), (86 bytes).
    Removing stm32f4xx_hal_pwr_1.o(.ARM.exidx.text.HAL_PWR_EnterSTOPMode), (8 bytes).
    Removing stm32f4xx_hal_pwr_1.o(.text.HAL_PWR_EnterSTANDBYMode), (36 bytes).
    Removing stm32f4xx_hal_pwr_1.o(.ARM.exidx.text.HAL_PWR_EnterSTANDBYMode), (8 bytes).
    Removing stm32f4xx_hal_pwr_1.o(.text.HAL_PWR_PVD_IRQHandler), (42 bytes).
    Removing stm32f4xx_hal_pwr_1.o(.ARM.exidx.text.HAL_PWR_PVD_IRQHandler), (8 bytes).
    Removing stm32f4xx_hal_pwr_1.o(.text.HAL_PWR_PVDCallback), (2 bytes).
    Removing stm32f4xx_hal_pwr_1.o(.ARM.exidx.text.HAL_PWR_PVDCallback), (8 bytes).
    Removing stm32f4xx_hal_pwr_1.o(.text.HAL_PWR_EnableSleepOnExit), (18 bytes).
    Removing stm32f4xx_hal_pwr_1.o(.ARM.exidx.text.HAL_PWR_EnableSleepOnExit), (8 bytes).
    Removing stm32f4xx_hal_pwr_1.o(.text.HAL_PWR_DisableSleepOnExit), (18 bytes).
    Removing stm32f4xx_hal_pwr_1.o(.ARM.exidx.text.HAL_PWR_DisableSleepOnExit), (8 bytes).
    Removing stm32f4xx_hal_pwr_1.o(.text.HAL_PWR_EnableSEVOnPend), (18 bytes).
    Removing stm32f4xx_hal_pwr_1.o(.ARM.exidx.text.HAL_PWR_EnableSEVOnPend), (8 bytes).
    Removing stm32f4xx_hal_pwr_1.o(.text.HAL_PWR_DisableSEVOnPend), (18 bytes).
    Removing stm32f4xx_hal_pwr_1.o(.ARM.exidx.text.HAL_PWR_DisableSEVOnPend), (8 bytes).
    Removing stm32f4xx_hal_pwr_ex_1.o(.text), (0 bytes).
    Removing stm32f4xx_hal_pwr_ex_1.o(.text.HAL_PWREx_EnableBkUpReg), (92 bytes).
    Removing stm32f4xx_hal_pwr_ex_1.o(.ARM.exidx.text.HAL_PWREx_EnableBkUpReg), (8 bytes).
    Removing stm32f4xx_hal_pwr_ex_1.o(.text.HAL_PWREx_DisableBkUpReg), (90 bytes).
    Removing stm32f4xx_hal_pwr_ex_1.o(.ARM.exidx.text.HAL_PWREx_DisableBkUpReg), (8 bytes).
    Removing stm32f4xx_hal_pwr_ex_1.o(.text.HAL_PWREx_EnableFlashPowerDown), (12 bytes).
    Removing stm32f4xx_hal_pwr_ex_1.o(.ARM.exidx.text.HAL_PWREx_EnableFlashPowerDown), (8 bytes).
    Removing stm32f4xx_hal_pwr_ex_1.o(.text.HAL_PWREx_DisableFlashPowerDown), (12 bytes).
    Removing stm32f4xx_hal_pwr_ex_1.o(.ARM.exidx.text.HAL_PWREx_DisableFlashPowerDown), (8 bytes).
    Removing stm32f4xx_hal_pwr_ex_1.o(.text.HAL_PWREx_GetVoltageRange), (16 bytes).
    Removing stm32f4xx_hal_pwr_ex_1.o(.ARM.exidx.text.HAL_PWREx_GetVoltageRange), (8 bytes).
    Removing stm32f4xx_hal_pwr_ex_1.o(.text.HAL_PWREx_ControlVoltageScaling), (318 bytes).
    Removing stm32f4xx_hal_pwr_ex_1.o(.ARM.exidx.text.HAL_PWREx_ControlVoltageScaling), (8 bytes).
    Removing stm32f4xx_hal_pwr_ex_1.o(.text.HAL_PWREx_EnableMainRegulatorLowVoltage), (12 bytes).
    Removing stm32f4xx_hal_pwr_ex_1.o(.ARM.exidx.text.HAL_PWREx_EnableMainRegulatorLowVoltage), (8 bytes).
    Removing stm32f4xx_hal_pwr_ex_1.o(.text.HAL_PWREx_DisableMainRegulatorLowVoltage), (12 bytes).
    Removing stm32f4xx_hal_pwr_ex_1.o(.ARM.exidx.text.HAL_PWREx_DisableMainRegulatorLowVoltage), (8 bytes).
    Removing stm32f4xx_hal_pwr_ex_1.o(.text.HAL_PWREx_EnableLowRegulatorLowVoltage), (12 bytes).
    Removing stm32f4xx_hal_pwr_ex_1.o(.ARM.exidx.text.HAL_PWREx_EnableLowRegulatorLowVoltage), (8 bytes).
    Removing stm32f4xx_hal_pwr_ex_1.o(.text.HAL_PWREx_DisableLowRegulatorLowVoltage), (12 bytes).
    Removing stm32f4xx_hal_pwr_ex_1.o(.ARM.exidx.text.HAL_PWREx_DisableLowRegulatorLowVoltage), (8 bytes).
    Removing stm32f4xx_hal_rcc_1.o(.text), (0 bytes).
    Removing stm32f4xx_hal_rcc_1.o(.text.HAL_RCC_DeInit), (4 bytes).
    Removing stm32f4xx_hal_rcc_1.o(.ARM.exidx.text.HAL_RCC_DeInit), (8 bytes).
    Removing stm32f4xx_hal_rcc_1.o(.ARM.exidx.text.HAL_RCC_OscConfig), (8 bytes).
    Removing stm32f4xx_hal_rcc_1.o(.ARM.exidx.text.HAL_RCC_ClockConfig), (8 bytes).
    Removing stm32f4xx_hal_rcc_1.o(.ARM.exidx.text.HAL_RCC_GetSysClockFreq), (8 bytes).
    Removing stm32f4xx_hal_rcc_1.o(.text.HAL_RCC_MCOConfig), (208 bytes).
    Removing stm32f4xx_hal_rcc_1.o(.ARM.exidx.text.HAL_RCC_MCOConfig), (8 bytes).
    Removing stm32f4xx_hal_rcc_1.o(.text.HAL_RCC_EnableCSS), (12 bytes).
    Removing stm32f4xx_hal_rcc_1.o(.ARM.exidx.text.HAL_RCC_EnableCSS), (8 bytes).
    Removing stm32f4xx_hal_rcc_1.o(.text.HAL_RCC_DisableCSS), (12 bytes).
    Removing stm32f4xx_hal_rcc_1.o(.ARM.exidx.text.HAL_RCC_DisableCSS), (8 bytes).
    Removing stm32f4xx_hal_rcc_1.o(.ARM.exidx.text.HAL_RCC_GetHCLKFreq), (8 bytes).
    Removing stm32f4xx_hal_rcc_1.o(.ARM.exidx.text.HAL_RCC_GetPCLK1Freq), (8 bytes).
    Removing stm32f4xx_hal_rcc_1.o(.text.HAL_RCC_GetPCLK2Freq), (34 bytes).
    Removing stm32f4xx_hal_rcc_1.o(.ARM.exidx.text.HAL_RCC_GetPCLK2Freq), (8 bytes).
    Removing stm32f4xx_hal_rcc_1.o(.text.HAL_RCC_GetOscConfig), (320 bytes).
    Removing stm32f4xx_hal_rcc_1.o(.ARM.exidx.text.HAL_RCC_GetOscConfig), (8 bytes).
    Removing stm32f4xx_hal_rcc_1.o(.text.HAL_RCC_GetClockConfig), (84 bytes).
    Removing stm32f4xx_hal_rcc_1.o(.ARM.exidx.text.HAL_RCC_GetClockConfig), (8 bytes).
    Removing stm32f4xx_hal_rcc_1.o(.text.HAL_RCC_NMI_IRQHandler), (40 bytes).
    Removing stm32f4xx_hal_rcc_1.o(.ARM.exidx.text.HAL_RCC_NMI_IRQHandler), (8 bytes).
    Removing stm32f4xx_hal_rcc_1.o(.text.HAL_RCC_CSSCallback), (2 bytes).
    Removing stm32f4xx_hal_rcc_1.o(.ARM.exidx.text.HAL_RCC_CSSCallback), (8 bytes).
    Removing stm32f4xx_hal_rcc_ex_1.o(.text), (0 bytes).
    Removing stm32f4xx_hal_rcc_ex_1.o(.text.HAL_RCCEx_PeriphCLKConfig), (596 bytes).
    Removing stm32f4xx_hal_rcc_ex_1.o(.ARM.exidx.text.HAL_RCCEx_PeriphCLKConfig), (8 bytes).
    Removing stm32f4xx_hal_rcc_ex_1.o(.text.HAL_RCCEx_GetPeriphCLKConfig), (114 bytes).
    Removing stm32f4xx_hal_rcc_ex_1.o(.ARM.exidx.text.HAL_RCCEx_GetPeriphCLKConfig), (8 bytes).
    Removing stm32f4xx_hal_rcc_ex_1.o(.text.HAL_RCCEx_GetPeriphCLKFreq), (194 bytes).
    Removing stm32f4xx_hal_rcc_ex_1.o(.ARM.exidx.text.HAL_RCCEx_GetPeriphCLKFreq), (8 bytes).
    Removing stm32f4xx_hal_rcc_ex_1.o(.text.HAL_RCCEx_EnablePLLI2S), (176 bytes).
    Removing stm32f4xx_hal_rcc_ex_1.o(.ARM.exidx.text.HAL_RCCEx_EnablePLLI2S), (8 bytes).
    Removing stm32f4xx_hal_rcc_ex_1.o(.text.HAL_RCCEx_DisablePLLI2S), (80 bytes).
    Removing stm32f4xx_hal_rcc_ex_1.o(.ARM.exidx.text.HAL_RCCEx_DisablePLLI2S), (8 bytes).
    Removing stm32f4xx_hal_rcc_ex_1.o(.text.HAL_RCC_DeInit), (512 bytes).
    Removing stm32f4xx_hal_rcc_ex_1.o(.ARM.exidx.text.HAL_RCC_DeInit), (8 bytes).
    Removing stm32f4xx_hal_usart.o(.text), (0 bytes).

1308 unused section(s) (total 51782 bytes) removed from the image.
