Component: Arm Compiler for Embedded 6.23 Tool: armlink [5f102400]

==============================================================================

Section Cross References

    startup_stm32f103x6.o(STACK) refers (Special) to heapauxi.o(.text) for __use_two_region_memory
    startup_stm32f103x6.o(HEAP) refers (Special) to heapauxi.o(.text) for __use_two_region_memory
    startup_stm32f103x6.o(RESET) refers (Special) to heapauxi.o(.text) for __use_two_region_memory
    startup_stm32f103x6.o(RESET) refers to startup_stm32f103x6.o(STACK) for __initial_sp
    startup_stm32f103x6.o(RESET) refers to startup_stm32f103x6.o(.text) for Reset_Handler
    startup_stm32f103x6.o(RESET) refers to stm32f1xx_it.o(.text.NMI_Handler) for NMI_Handler
    startup_stm32f103x6.o(RESET) refers to stm32f1xx_it.o(.text.HardFault_Handler) for HardFault_Handler
    startup_stm32f103x6.o(RESET) refers to stm32f1xx_it.o(.text.MemManage_Handler) for MemManage_Handler
    startup_stm32f103x6.o(RESET) refers to stm32f1xx_it.o(.text.BusFault_Handler) for BusFault_Handler
    startup_stm32f103x6.o(RESET) refers to stm32f1xx_it.o(.text.UsageFault_Handler) for UsageFault_Handler
    startup_stm32f103x6.o(RESET) refers to stm32f1xx_it.o(.text.SVC_Handler) for SVC_Handler
    startup_stm32f103x6.o(RESET) refers to stm32f1xx_it.o(.text.DebugMon_Handler) for DebugMon_Handler
    startup_stm32f103x6.o(RESET) refers to stm32f1xx_it.o(.text.PendSV_Handler) for PendSV_Handler
    startup_stm32f103x6.o(RESET) refers to stm32f1xx_it.o(.text.SysTick_Handler) for SysTick_Handler
    startup_stm32f103x6.o(.text) refers (Special) to heapauxi.o(.text) for __use_two_region_memory
    startup_stm32f103x6.o(.text) refers to system_stm32f1xx.o(.text.SystemInit) for SystemInit
    startup_stm32f103x6.o(.text) refers to __main.o(!!!main) for __main
    startup_stm32f103x6.o(.text) refers to startup_stm32f103x6.o(HEAP) for Heap_Mem
    startup_stm32f103x6.o(.text) refers to startup_stm32f103x6.o(STACK) for Stack_Mem
    main.o(.text.main) refers to stm32f1xx_hal.o(.text.HAL_Init) for HAL_Init
    main.o(.text.main) refers to main.o(.text.SystemClock_Config) for SystemClock_Config
    main.o(.text.main) refers to main.o(.text.MX_GPIO_Init) for MX_GPIO_Init
    main.o(.text.main) refers to main.o(.text.MX_RTC_Init) for MX_RTC_Init
    main.o(.text.main) refers to lcd.o(.text.lcd_init) for lcd_init
    main.o(.text.main) refers to dht22.o(.text.dht22_init) for dht22_init
    main.o(.text.main) refers to main.o(.bss.hrtc) for hrtc
    main.o(.text.main) refers to main.o(.bss.sTime) for sTime
    main.o(.text.main) refers to stm32f1xx_hal_rtc.o(.text.HAL_RTC_GetTime) for HAL_RTC_GetTime
    main.o(.text.main) refers to main.o(.bss.DateToUpdate) for DateToUpdate
    main.o(.text.main) refers to stm32f1xx_hal_rtc.o(.text.HAL_RTC_GetDate) for HAL_RTC_GetDate
    main.o(.text.main) refers to main.o(.bss.day) for day
    main.o(.text.main) refers to main.o(.bss.month) for month
    main.o(.text.main) refers to main.o(.bss.year) for year
    main.o(.text.main) refers to main.o(.bss.hour) for hour
    main.o(.text.main) refers to main.o(.bss.minute) for minute
    main.o(.text.main) refers to main.o(.bss.second) for second
    main.o(.text.main) refers to main.o(.bss.temperature) for temperature
    main.o(.text.main) refers to main.o(.bss.humidity) for humidity
    main.o(.text.main) refers to dht22.o(.text.DHT22_GetTemp_Humidity) for DHT22_GetTemp_Humidity
    main.o(.text.main) refers to f2d.o(x$fpl$f2d) for __aeabi_f2d
    main.o(.text.main) refers to main.o(.bss.line1) for line1
    main.o(.text.main) refers to main.o(.rodata.str1.1) for .L.str
    main.o(.text.main) refers to sprintf.o(.text) for sprintf
    main.o(.text.main) refers to main.o(.bss.line2) for line2
    main.o(.text.main) refers to lcd.o(.text.lcd_print) for lcd_print
    main.o(.text.main) refers to stm32f1xx_hal.o(.text.HAL_Delay) for HAL_Delay
    main.o(.ARM.exidx.text.main) refers to main.o(.text.main) for [Anonymous Symbol]
    main.o(.text.SystemClock_Config) refers to rt_memclr_w.o(.text) for __aeabi_memclr4
    main.o(.text.SystemClock_Config) refers to stm32f1xx_hal_rcc.o(.text.HAL_RCC_OscConfig) for HAL_RCC_OscConfig
    main.o(.text.SystemClock_Config) refers to main.o(.text.Error_Handler) for Error_Handler
    main.o(.text.SystemClock_Config) refers to stm32f1xx_hal_rcc.o(.text.HAL_RCC_ClockConfig) for HAL_RCC_ClockConfig
    main.o(.text.SystemClock_Config) refers to stm32f1xx_hal_rcc_ex.o(.text.HAL_RCCEx_PeriphCLKConfig) for HAL_RCCEx_PeriphCLKConfig
    main.o(.ARM.exidx.text.SystemClock_Config) refers to main.o(.text.SystemClock_Config) for [Anonymous Symbol]
    main.o(.text.MX_GPIO_Init) refers to stm32f1xx_hal_gpio.o(.text.HAL_GPIO_WritePin) for HAL_GPIO_WritePin
    main.o(.text.MX_GPIO_Init) refers to stm32f1xx_hal_gpio.o(.text.HAL_GPIO_Init) for HAL_GPIO_Init
    main.o(.ARM.exidx.text.MX_GPIO_Init) refers to main.o(.text.MX_GPIO_Init) for [Anonymous Symbol]
[...]
    .ARM.Collect$$rtexit$$00000002           0x08000254   Section        0  rtexit2.o(.ARM.Collect$$rtexit$$00000002)
    .ARM.Collect$$rtexit$$00000003           0x08000254   Section        4  rtexit2.o(.ARM.Collect$$rtexit$$00000003)
    .ARM.Collect$$rtexit$$00000004           0x08000258   Section        6  rtexit2.o(.ARM.Collect$$rtexit$$00000004)
    .text                                    0x08000260   Section       64  startup_stm32f103x6.o(.text)
    .text                                    0x080002a0   Section        0  sprintf.o(.text)
    .text                                    0x080002cc   Section       78  rt_memclr_w.o(.text)
    .text                                    0x0800031a   Section        0  heapauxi.o(.text)
    .text                                    0x08000320   Section        0  _printf_pad.o(.text)
    .text                                    0x0800036e   Section        0  _printf_truncate.o(.text)
    .text                                    0x08000392   Section        0  _printf_str.o(.text)
    .text                                    0x080003e4   Section        0  _printf_dec.o(.text)
    .text                                    0x0800045c   Section        0  _printf_charcount.o(.text)
    _printf_input_char                       0x08000485   Thumb Code    10  _printf_char_common.o(.text)
    .text                                    0x08000484   Section        0  _printf_char_common.o(.text)
    .text                                    0x080004b4   Section        0  _sputc.o(.text)
    .text                                    0x080004c0   Section        0  _printf_wctomb.o(.text)
    .text                                    0x0800057c   Section        0  _printf_longlong_dec.o(.text)
    _printf_longlong_oct_internal            0x080005f9   Thumb Code     0  _printf_oct_int_ll.o(.text)
    .text                                    0x080005f8   Section        0  _printf_oct_int_ll.o(.text)
    _printf_hex_common                       0x08000669   Thumb Code     0  _printf_hex_int_ll_ptr.o(.text)
    .text                                    0x08000668   Section        0  _printf_hex_int_ll_ptr.o(.text)
    .text                                    0x080006fc   Section        0  __printf_flags_ss_wp.o(.text)
    .text                                    0x08000884   Section      138  lludiv10.o(.text)
    .text                                    0x0800090e   Section        0  _printf_intcommon.o(.text)
    _fp_digits                               0x080009c1   Thumb Code   432  _printf_fp_dec.o(.text)
    .text                                    0x080009c0   Section        0  _printf_fp_dec.o(.text)
    .text                                    0x08000ddc   Section        0  _printf_fp_hex.o(.text)
    .text                                    0x080010d8   Section        0  _printf_char.o(.text)
    .text                                    0x08001104   Section        0  _printf_wchar.o(.text)
    .text                                    0x08001130   Section        0  _c16rtomb.o(.text)
    .text                                    0x08001178   Section       74  sys_stackheap_outer.o(.text)
    .text                                    0x080011c4   Section       16  rt_ctype_table.o(.text)
    .text                                    0x080011d4   Section        8  rt_locale_intlibspace.o(.text)
    .text                                    0x080011dc   Section        0  _printf_fp_infnan.o(.text)
    .text                                    0x0800125c   Section        0  bigflt0.o(.text)
    .text                                    0x08001340   Section        0  exit.o(.text)
    .text                                    0x08001354   Section        8  libspace.o(.text)
    .text                                    0x0800135c   Section      128  strcmpv7m.o(.text)
    .text                                    0x080013dc   Section        0  sys_exit.o(.text)
    .text                                    0x080013e8   Section        2  use_no_semi.o(.text)
    .text                                    0x080013ea   Section        0  indicate_semi.o(.text)
    [Anonymous Symbol]                       0x080013ec   Section        0  stm32f1xx_it.o(.text.BusFault_Handler)
    [Anonymous Symbol]                       0x080013f0   Section        0  dht22.o(.text.DHT22_GetTemp_Humidity)
    [Anonymous Symbol]                       0x080015e8   Section        0  stm32f1xx_it.o(.text.DebugMon_Handler)
    [Anonymous Symbol]                       0x080015ec   Section        0  lcd.o(.text.Delay)
    DelayMicro                               0x08001609   Thumb Code    64  dht22.o(.text.DelayMicro)
    [Anonymous Symbol]                       0x08001608   Section        0  dht22.o(.text.DelayMicro)
    [Anonymous Symbol]                       0x08001648   Section        0  main.o(.text.Error_Handler)
    [Anonymous Symbol]                       0x08001658   Section        0  stm32f1xx_hal.o(.text.HAL_Delay)
    [Anonymous Symbol]                       0x0800169c   Section        0  stm32f1xx_hal_gpio.o(.text.HAL_GPIO_DeInit)
    [Anonymous Symbol]                       0x08001820   Section        0  stm32f1xx_hal_gpio.o(.text.HAL_GPIO_Init)
    [Anonymous Symbol]                       0x08001b24   Section        0  stm32f1xx_hal_gpio.o(.text.HAL_GPIO_ReadPin)
    [Anonymous Symbol]                       0x08001b54   Section        0  stm32f1xx_hal_gpio.o(.text.HAL_GPIO_WritePin)
    [Anonymous Symbol]                       0x08001b84   Section        0  stm32f1xx_hal.o(.text.HAL_GetTick)
    [Anonymous Symbol]                       0x08001b90   Section        0  stm32f1xx_hal.o(.text.HAL_IncTick)
    [Anonymous Symbol]                       0x08001bac   Section        0  stm32f1xx_hal.o(.text.HAL_Init)
    [Anonymous Symbol]                       0x08001bd4   Section        0  stm32f1xx_hal.o(.text.HAL_InitTick)
    [Anonymous Symbol]                       0x08001c44   Section        0  stm32f1xx_hal_msp.o(.text.HAL_MspInit)
    [Anonymous Symbol]                       0x08001ca8   Section        0  stm32f1xx_hal_cortex.o(.text.HAL_NVIC_SetPriority)
    [Anonymous Symbol]                       0x08001cdc   Section        0  stm32f1xx_hal_cortex.o(.text.HAL_NVIC_SetPriorityGrouping)
    [Anonymous Symbol]                       0x08001cec   Section        0  stm32f1xx_hal_pwr.o(.text.HAL_PWR_EnableBkUpAccess)
    [Anonymous Symbol]                       0x08001cf8   Section        0  stm32f1xx_hal_rcc_ex.o(.text.HAL_RCCEx_GetPeriphCLKFreq)
    [Anonymous Symbol]                       0x08001e90   Section        0  stm32f1xx_hal_rcc_ex.o(.text.HAL_RCCEx_PeriphCLKConfig)
    [Anonymous Symbol]                       0x08002058   Section        0  stm32f1xx_hal_rcc.o(.text.HAL_RCC_ClockConfig)
    [Anonymous Symbol]                       0x080022b0   Section        0  stm32f1xx_hal_rcc.o(.text.HAL_RCC_GetHCLKFreq)
    [Anonymous Symbol]                       0x080022bc   Section        0  stm32f1xx_hal_rcc.o(.text.HAL_RCC_GetPCLK2Freq)
    [Anonymous Symbol]                       0x080022e0   Section        0  stm32f1xx_hal_rcc.o(.text.HAL_RCC_GetSysClockFreq)
    [Anonymous Symbol]                       0x0800239c   Section        0  stm32f1xx_hal_rcc.o(.text.HAL_RCC_OscConfig)
    [Anonymous Symbol]                       0x08002a18   Section        0  stm32f1xx_hal_rtc.o(.text.HAL_RTC_GetDate)
    [Anonymous Symbol]                       0x08002ab4   Section        0  stm32f1xx_hal_rtc.o(.text.HAL_RTC_GetTime)
    [Anonymous Symbol]                       0x08002c60   Section        0  stm32f1xx_hal_rtc.o(.text.HAL_RTC_Init)
    [Anonymous Symbol]                       0x08002d8c   Section        0  stm32f1xx_hal_msp.o(.text.HAL_RTC_MspInit)
    [Anonymous Symbol]                       0x08002dd8   Section        0  stm32f1xx_hal_rtc.o(.text.HAL_RTC_SetDate)
    [Anonymous Symbol]                       0x08002f58   Section        0  stm32f1xx_hal_rtc.o(.text.HAL_RTC_SetTime)
    [Anonymous Symbol]                       0x0800309c   Section        0  stm32f1xx_hal_rtc.o(.text.HAL_RTC_WaitForSynchro)
    [Anonymous Symbol]                       0x08003100   Section        0  stm32f1xx_hal_cortex.o(.text.HAL_SYSTICK_Config)
    [Anonymous Symbol]                       0x08003110   Section        0  stm32f1xx_it.o(.text.HardFault_Handler)
    MX_GPIO_Init                             0x08003115   Thumb Code   154  main.o(.text.MX_GPIO_Init)
    [Anonymous Symbol]                       0x08003114   Section        0  main.o(.text.MX_GPIO_Init)
    MX_RTC_Init                              0x080031b1   Thumb Code   156  main.o(.text.MX_RTC_Init)
    [Anonymous Symbol]                       0x080031b0   Section        0  main.o(.text.MX_RTC_Init)
    [Anonymous Symbol]                       0x0800324c   Section        0  stm32f1xx_it.o(.text.MemManage_Handler)
    [Anonymous Symbol]                       0x08003250   Section        0  stm32f1xx_it.o(.text.NMI_Handler)
    NVIC_EncodePriority                      0x08003255   Thumb Code   108  stm32f1xx_hal_cortex.o(.text.NVIC_EncodePriority)
    [Anonymous Symbol]                       0x08003254   Section        0  stm32f1xx_hal_cortex.o(.text.NVIC_EncodePriority)
    [Anonymous Symbol]                       0x080032c0   Section        0  stm32f1xx_it.o(.text.PendSV_Handler)
    RCC_Delay                                0x080032c5   Thumb Code    58  stm32f1xx_hal_rcc.o(.text.RCC_Delay)
    [Anonymous Symbol]                       0x080032c4   Section        0  stm32f1xx_hal_rcc.o(.text.RCC_Delay)
    RTC_Bcd2ToByte                           0x08003301   Thumb Code    42  stm32f1xx_hal_rtc.o(.text.RTC_Bcd2ToByte)
    [Anonymous Symbol]                       0x08003300   Section        0  stm32f1xx_hal_rtc.o(.text.RTC_Bcd2ToByte)
    RTC_ByteToBcd2                           0x0800332d   Thumb Code    58  stm32f1xx_hal_rtc.o(.text.RTC_ByteToBcd2)
    [Anonymous Symbol]                       0x0800332c   Section        0  stm32f1xx_hal_rtc.o(.text.RTC_ByteToBcd2)
    RTC_DateUpdate                           0x08003369   Thumb Code   370  stm32f1xx_hal_rtc.o(.text.RTC_DateUpdate)
    [Anonymous Symbol]                       0x08003368   Section        0  stm32f1xx_hal_rtc.o(.text.RTC_DateUpdate)
    RTC_EnterInitMode                        0x080034dd   Thumb Code    86  stm32f1xx_hal_rtc.o(.text.RTC_EnterInitMode)
    [Anonymous Symbol]                       0x080034dc   Section        0  stm32f1xx_hal_rtc.o(.text.RTC_EnterInitMode)
    RTC_ExitInitMode                         0x08003535   Thumb Code    86  stm32f1xx_hal_rtc.o(.text.RTC_ExitInitMode)
    [Anonymous Symbol]                       0x08003534   Section        0  stm32f1xx_hal_rtc.o(.text.RTC_ExitInitMode)
    RTC_IsLeapYear                           0x0800358d   Thumb Code   120  stm32f1xx_hal_rtc.o(.text.RTC_IsLeapYear)
    [Anonymous Symbol]                       0x0800358c   Section        0  stm32f1xx_hal_rtc.o(.text.RTC_IsLeapYear)
    RTC_ReadAlarmCounter                     0x08003605   Thumb Code    50  stm32f1xx_hal_rtc.o(.text.RTC_ReadAlarmCounter)
    [Anonymous Symbol]                       0x08003604   Section        0  stm32f1xx_hal_rtc.o(.text.RTC_ReadAlarmCounter)
    RTC_ReadTimeCounter                      0x08003639   Thumb Code   106  stm32f1xx_hal_rtc.o(.text.RTC_ReadTimeCounter)
    [Anonymous Symbol]                       0x08003638   Section        0  stm32f1xx_hal_rtc.o(.text.RTC_ReadTimeCounter)
    RTC_WeekDayNum                           0x080036a5   Thumb Code   222  stm32f1xx_hal_rtc.o(.text.RTC_WeekDayNum)
    [Anonymous Symbol]                       0x080036a4   Section        0  stm32f1xx_hal_rtc.o(.text.RTC_WeekDayNum)
    RTC_WriteAlarmCounter                    0x08003785   Thumb Code    80  stm32f1xx_hal_rtc.o(.text.RTC_WriteAlarmCounter)
    [Anonymous Symbol]                       0x08003784   Section        0  stm32f1xx_hal_rtc.o(.text.RTC_WriteAlarmCounter)
    RTC_WriteTimeCounter                     0x080037d5   Thumb Code    80  stm32f1xx_hal_rtc.o(.text.RTC_WriteTimeCounter)
    [Anonymous Symbol]                       0x080037d4   Section        0  stm32f1xx_hal_rtc.o(.text.RTC_WriteTimeCounter)
    [Anonymous Symbol]                       0x08003824   Section        0  stm32f1xx_it.o(.text.SVC_Handler)
    SysTick_Config                           0x08003829   Thumb Code    82  stm32f1xx_hal_cortex.o(.text.SysTick_Config)
    [Anonymous Symbol]                       0x08003828   Section        0  stm32f1xx_hal_cortex.o(.text.SysTick_Config)
    [Anonymous Symbol]                       0x0800387c   Section        0  stm32f1xx_it.o(.text.SysTick_Handler)
    [Anonymous Symbol]                       0x08003884   Section        0  main.o(.text.SystemClock_Config)
    [Anonymous Symbol]                       0x08003914   Section        0  system_stm32f1xx.o(.text.SystemInit)
    [Anonymous Symbol]                       0x08003918   Section        0  stm32f1xx_it.o(.text.UsageFault_Handler)
    __NVIC_GetPriorityGrouping               0x0800391d   Thumb Code    16  stm32f1xx_hal_cortex.o(.text.__NVIC_GetPriorityGrouping)
    [Anonymous Symbol]                       0x0800391c   Section        0  stm32f1xx_hal_cortex.o(.text.__NVIC_GetPriorityGrouping)
    __NVIC_SetPriority                       0x0800392d   Thumb Code    66  stm32f1xx_hal_cortex.o(.text.__NVIC_SetPriority)
    [Anonymous Symbol]                       0x0800392c   Section        0  stm32f1xx_hal_cortex.o(.text.__NVIC_SetPriority)
    __NVIC_SetPriorityGrouping               0x08003971   Thumb Code    60  stm32f1xx_hal_cortex.o(.text.__NVIC_SetPriorityGrouping)
    [Anonymous Symbol]                       0x08003970   Section        0  stm32f1xx_hal_cortex.o(.text.__NVIC_SetPriorityGrouping)
    [Anonymous Symbol]                       0x080039ac   Section        0  dht22.o(.text.dht22_init)
    [Anonymous Symbol]                       0x08003a00   Section        0  lcd.o(.text.lcd_char_cp)
    [Anonymous Symbol]                       0x08003c10   Section        0  lcd.o(.text.lcd_cmd)
    [Anonymous Symbol]                       0x08003e18   Section        0  lcd.o(.text.lcd_delay)
    [Anonymous Symbol]                       0x08003e24   Section        0  lcd.o(.text.lcd_gotoxy)
    [Anonymous Symbol]                       0x08003e6c   Section        0  lcd.o(.text.lcd_init)
    [Anonymous Symbol]                       0x08003ee4   Section        0  lcd.o(.text.lcd_out_cp)
    [Anonymous Symbol]                       0x08003f0c   Section        0  lcd.o(.text.lcd_print)
    [Anonymous Symbol]                       0x08003f38   Section        0  main.o(.text.main)
    CL$$btod_d2e                             0x080040a4   Section       62  btod.o(CL$$btod_d2e)
    CL$$btod_d2e_denorm_low                  0x080040e2   Section       70  btod.o(CL$$btod_d2e_denorm_low)
    CL$$btod_d2e_norm_op1                    0x08004128   Section       96  btod.o(CL$$btod_d2e_norm_op1)
    CL$$btod_div_common                      0x08004188   Section      824  btod.o(CL$$btod_div_common)
    CL$$btod_e2e                             0x080044c0   Section      220  btod.o(CL$$btod_e2e)
    CL$$btod_ediv                            0x0800459c   Section       42  btod.o(CL$$btod_ediv)
    CL$$btod_emul                            0x080045c6   Section       42  btod.o(CL$$btod_emul)
    CL$$btod_mult_common                     0x080045f0   Section      580  btod.o(CL$$btod_mult_common)
    i.__ARM_fpclassify                       0x08004834   Section        0  fpclassify.o(i.__ARM_fpclassify)
    i._is_digit                              0x0800485c   Section        0  __printf_wp.o(i._is_digit)
    locale$$code                             0x0800486c   Section       44  lc_numeric_c.o(locale$$code)
    locale$$code                             0x08004898   Section       44  lc_ctype_c.o(locale$$code)
    x$fpl$dretinf                            0x080048c4   Section       12  dretinf.o(x$fpl$dretinf)
    x$fpl$f2d                                0x080048d0   Section       86  f2d.o(x$fpl$f2d)
    _fdiv1                                   0x08004929   Thumb Code     0  fdiv.o(x$fpl$fdiv)
    x$fpl$fdiv                               0x08004928   Section      388  fdiv.o(x$fpl$fdiv)
    x$fpl$fflt                               0x08004aac   Section       48  fflt_clz.o(x$fpl$fflt)
    x$fpl$fnaninf                            0x08004adc   Section      140  fnaninf.o(x$fpl$fnaninf)
    x$fpl$fretinf                            0x08004b68   Section       10  fretinf.o(x$fpl$fretinf)
    x$fpl$printf1                            0x08004b72   Section        4  printf1.o(x$fpl$printf1)
    x$fpl$printf2                            0x08004b76   Section        4  printf2.o(x$fpl$printf2)
    x$fpl$usenofp                            0x08004b7a   Section        0  usenofp.o(x$fpl$usenofp)
    initial_mbstate                          0x08004b7c   Data           8  _printf_wctomb.o(.constdata)
    .constdata                               0x08004b7c   Section        8  _printf_wctomb.o(.constdata)
    uc_hextab                                0x08004b84   Data          20  _printf_hex_int_ll_ptr.o(.constdata)
    .constdata                               0x08004b84   Section       40  _printf_hex_int_ll_ptr.o(.constdata)
    lc_hextab                                0x08004b98   Data          20  _printf_hex_int_ll_ptr.o(.constdata)
    maptable                                 0x08004bac   Data          17  __printf_flags_ss_wp.o(.constdata)
    .constdata                               0x08004bac   Section       17  __printf_flags_ss_wp.o(.constdata)
    lc_hextab                                0x08004bbd   Data          19  _printf_fp_hex.o(.constdata)
    .constdata                               0x08004bbd   Section       38  _printf_fp_hex.o(.constdata)
    uc_hextab                                0x08004bd0   Data          19  _printf_fp_hex.o(.constdata)
    tenpwrs_x                                0x08004be4   Data          60  bigflt0.o(.constdata)
    .constdata                               0x08004be4   Section      148  bigflt0.o(.constdata)
    tenpwrs_i                                0x08004c20   Data          64  bigflt0.o(.constdata)
    HAL_RCCEx_GetPeriphCLKFreq.aPLLMULFactorTable 0x08004c90   Data          16  stm32f1xx_hal_rcc_ex.o(.rodata.HAL_RCCEx_GetPeriphCLKFreq.aPLLMULFactorTable)
    [Anonymous Symbol]                       0x08004c90   Section        0  stm32f1xx_hal_rcc_ex.o(.rodata.HAL_RCCEx_GetPeriphCLKFreq.aPLLMULFactorTable)
    HAL_RCCEx_GetPeriphCLKFreq.aPredivFactorTable 0x08004ca0   Data           2  stm32f1xx_hal_rcc_ex.o(.rodata.HAL_RCCEx_GetPeriphCLKFreq.aPredivFactorTable)
    [Anonymous Symbol]                       0x08004ca0   Section        0  stm32f1xx_hal_rcc_ex.o(.rodata.HAL_RCCEx_GetPeriphCLKFreq.aPredivFactorTable)
    HAL_RCC_GetSysClockFreq.aPLLMULFactorTable 0x08004ca2   Data          16  stm32f1xx_hal_rcc.o(.rodata.HAL_RCC_GetSysClockFreq.aPLLMULFactorTable)
    [Anonymous Symbol]                       0x08004ca2   Section        0  stm32f1xx_hal_rcc.o(.rodata.HAL_RCC_GetSysClockFreq.aPLLMULFactorTable)
    HAL_RCC_GetSysClockFreq.aPredivFactorTable 0x08004cb2   Data           2  stm32f1xx_hal_rcc.o(.rodata.HAL_RCC_GetSysClockFreq.aPredivFactorTable)
    [Anonymous Symbol]                       0x08004cb2   Section        0  stm32f1xx_hal_rcc.o(.rodata.HAL_RCC_GetSysClockFreq.aPredivFactorTable)
    .L.str.1                                 0x08004cb4   Data          18  main.o(.rodata.str1.1)
    [Anonymous Symbol]                       0x08004cb4   Section        0  main.o(.rodata.str1.1)
    .L.str                                   0x08004cc6   Data          40  main.o(.rodata.str1.1)
    locale$$data                             0x08004d10   Section       28  lc_numeric_c.o(locale$$data)
    __lcnum_c_name                           0x08004d14   Data           2  lc_numeric_c.o(locale$$data)
    __lcnum_c_start                          0x08004d1c   Data           0  lc_numeric_c.o(locale$$data)
    __lcnum_c_point                          0x08004d28   Data           0  lc_numeric_c.o(locale$$data)
    __lcnum_c_thousands                      0x08004d2a   Data           0  lc_numeric_c.o(locale$$data)
    __lcnum_c_grouping                       0x08004d2b   Data           0  lc_numeric_c.o(locale$$data)
    __lcnum_c_end                            0x08004d2c   Data           0  lc_numeric_c.o(locale$$data)
    locale$$data                             0x08004d2c   Section      272  lc_ctype_c.o(locale$$data)
    __lcctype_c_name                         0x08004d30   Data           2  lc_ctype_c.o(locale$$data)
    __lcctype_c_start                        0x08004d38   Data           0  lc_ctype_c.o(locale$$data)
    __lcctype_c_end                          0x08004e3c   Data           0  lc_ctype_c.o(locale$$data)
    .bss                                     0x20000010   Section       96  libspace.o(.bss)
    Heap_Mem                                 0x200000e8   Data         512  startup_stm32f103x6.o(HEAP)
    HEAP                                     0x200000e8   Section      512  startup_stm32f103x6.o(HEAP)
    Stack_Mem                                0x200002e8   Data        1024  startup_stm32f103x6.o(STACK)
    STACK                                    0x200002e8   Section     1024  startup_stm32f103x6.o(STACK)
    __initial_sp                             0x200006e8   Data           0  startup_stm32f103x6.o(STACK)

    Global Symbols

    Symbol Name                              Value     Ov Type        Size  Object(Section)

    BuildAttributes$$THM_ISAv4$P$D$K$B$S$PE$A:L22UL41UL21$X:L11$S22US41US21$IEEE1$IW$~IW$USESV6$~STKCKD$USESV7$~SHL$OTIME$ROPI$IEEEJ$EBA8$UX$STANDARDLIB$REQ8$PRES8$EABIv2 0x00000000   Number         0  anon$$obj.o ABSOLUTE
    __fp_init_empty                          0x00000000   Number         0  fpinit_empty.o ABSOLUTE
    _printf_flags                            0x00000000   Number         0  printf_stubs.o ABSOLUTE
    _printf_return_value                     0x00000000   Number         0  printf_stubs.o ABSOLUTE
    _printf_sizespec                         0x00000000   Number         0  printf_stubs.o ABSOLUTE
    _printf_widthprec                        0x00000000   Number         0  printf_stubs.o ABSOLUTE
    __ARM_exceptions_init                     - Undefined Weak Reference
    __alloca_initialize                       - Undefined Weak Reference
    __arm_preinit_                            - Undefined Weak Reference
    __arm_relocate_pie_                       - Undefined Weak Reference
    __cpp_initialize__aeabi_                  - Undefined Weak Reference
    __cxa_finalize                            - Undefined Weak Reference
    __sigvec_lookup                           - Undefined Weak Reference
    _atexit_init                              - Undefined Weak Reference
    _call_atexit_fns                          - Undefined Weak Reference
    _clock_init                               - Undefined Weak Reference
    _fp_trap_init                             - Undefined Weak Reference
    _fp_trap_shutdown                         - Undefined Weak Reference
    _get_lc_collate                           - Undefined Weak Reference
    _get_lc_monetary                          - Undefined Weak Reference
    _get_lc_time                              - Undefined Weak Reference
    _getenv_init                              - Undefined Weak Reference
    _handle_redirection                       - Undefined Weak Reference
    _init_alloc                               - Undefined Weak Reference
    _init_user_alloc                          - Undefined Weak Reference
    _initio                                   - Undefined Weak Reference
    _printf_mbtowc                            - Undefined Weak Reference
    _printf_wc                                - Undefined Weak Reference
    _rand_init                                - Undefined Weak Reference
    _signal_finish                            - Undefined Weak Reference
    _signal_init                              - Undefined Weak Reference
    _terminate_alloc                          - Undefined Weak Reference
    _terminate_user_alloc                     - Undefined Weak Reference
    _terminateio                              - Undefined Weak Reference
    __Vectors_Size                           0x000000ec   Number         0  startup_stm32f103x6.o ABSOLUTE
    __Vectors                                0x08000000   Data           4  startup_stm32f103x6.o(RESET)
    __Vectors_End                            0x080000ec   Data           0  startup_stm32f103x6.o(RESET)
    __main                                   0x080000ed   Thumb Code     8  __main.o(!!!main)
    __scatterload                            0x080000f5   Thumb Code     0  __scatter.o(!!!scatter)
    __scatterload_rt2                        0x080000f5   Thumb Code    84  __scatter.o(!!!scatter)
    __scatterload_rt2_thumb_only             0x080000f5   Thumb Code     0  __scatter.o(!!!scatter)
    __scatterload_loop                       0x080000ff   Thumb Code     0  __scatter.o(!!!scatter)
    __scatterload_copy                       0x08000151   Thumb Code    26  __scatter_copy.o(!!handler_copy)
    __scatterload_null                       0x0800016d   Thumb Code     2  __scatter.o(!!handler_null)
    __scatterload_zeroinit                   0x08000171   Thumb Code    28  __scatter_zi.o(!!handler_zi)
    _printf_n                                0x0800018d   Thumb Code     0  _printf_n.o(.ARM.Collect$$_printf_percent$$00000001)
    _printf_percent                          0x0800018d   Thumb Code     0  _printf_percent.o(.ARM.Collect$$_printf_percent$$00000000)
    _printf_p                                0x08000193   Thumb Code     0  _printf_p.o(.ARM.Collect$$_printf_percent$$00000002)
    _printf_f                                0x08000199   Thumb Code     0  _printf_f.o(.ARM.Collect$$_printf_percent$$00000003)
    _printf_e                                0x0800019f   Thumb Code     0  _printf_e.o(.ARM.Collect$$_printf_percent$$00000004)
    _printf_g                                0x080001a5   Thumb Code     0  _printf_g.o(.ARM.Collect$$_printf_percent$$00000005)
    _printf_a                                0x080001ab   Thumb Code     0  _printf_a.o(.ARM.Collect$$_printf_percent$$00000006)
    _printf_ll                               0x080001b1   Thumb Code     0  _printf_ll.o(.ARM.Collect$$_printf_percent$$00000007)
    _printf_i                                0x080001bb   Thumb Code     0  _printf_i.o(.ARM.Collect$$_printf_percent$$00000008)
    _printf_d                                0x080001c1   Thumb Code     0  _printf_d.o(.ARM.Collect$$_printf_percent$$00000009)
    _printf_u                                0x080001c7   Thumb Code     0  _printf_u.o(.ARM.Collect$$_printf_percent$$0000000A)
    _printf_o                                0x080001cd   Thumb Code     0  _printf_o.o(.ARM.Collect$$_printf_percent$$0000000B)
    _printf_x                                0x080001d3   Thumb Code     0  _printf_x.o(.ARM.Collect$$_printf_percent$$0000000C)
    _printf_lli                              0x080001d9   Thumb Code     0  _printf_lli.o(.ARM.Collect$$_printf_percent$$0000000D)
    _printf_lld                              0x080001df   Thumb Code     0  _printf_lld.o(.ARM.Collect$$_printf_percent$$0000000E)
    _printf_llu                              0x080001e5   Thumb Code     0  _printf_llu.o(.ARM.Collect$$_printf_percent$$0000000F)
    _printf_llo                              0x080001eb   Thumb Code     0  _printf_llo.o(.ARM.Collect$$_printf_percent$$00000010)
    _printf_llx                              0x080001f1   Thumb Code     0  _printf_llx.o(.ARM.Collect$$_printf_percent$$00000011)
    _printf_l                                0x080001f7   Thumb Code     0  _printf_l.o(.ARM.Collect$$_printf_percent$$00000012)
    _printf_c                                0x08000201   Thumb Code     0  _printf_c.o(.ARM.Collect$$_printf_percent$$00000013)
    _printf_s                                0x08000207   Thumb Code     0  _printf_s.o(.ARM.Collect$$_printf_percent$$00000014)
    _printf_lc                               0x0800020d   Thumb Code     0  _printf_lc.o(.ARM.Collect$$_printf_percent$$00000015)
    _printf_ls                               0x08000213   Thumb Code     0  _printf_ls.o(.ARM.Collect$$_printf_percent$$00000016)
    _printf_percent_end                      0x08000219   Thumb Code     0  _printf_percent_end.o(.ARM.Collect$$_printf_percent$$00000017)
    __rt_lib_init                            0x0800021d   Thumb Code     0  libinit.o(.ARM.Collect$$libinit$$00000000)
    __rt_lib_init_fp_1                       0x0800021f   Thumb Code     0  libinit2.o(.ARM.Collect$$libinit$$00000002)
    __rt_lib_init_heap_1                     0x0800021f   Thumb Code     0  libinit2.o(.ARM.Collect$$libinit$$0000000C)
    __rt_lib_init_lc_common                  0x0800021f   Thumb Code     0  libinit2.o(.ARM.Collect$$libinit$$00000011)
    __rt_lib_init_preinit_1                  0x0800021f   Thumb Code     0  libinit2.o(.ARM.Collect$$libinit$$00000006)
    __rt_lib_init_rand_1                     0x0800021f   Thumb Code     0  libinit2.o(.ARM.Collect$$libinit$$00000010)
    __rt_lib_init_relocate_pie_1             0x0800021f   Thumb Code     0  libinit2.o(.ARM.Collect$$libinit$$00000004)
    __rt_lib_init_user_alloc_1               0x0800021f   Thumb Code     0  libinit2.o(.ARM.Collect$$libinit$$0000000E)
    __rt_lib_init_lc_collate_1               0x08000225   Thumb Code     0  libinit2.o(.ARM.Collect$$libinit$$00000013)
    __rt_lib_init_lc_ctype_2                 0x08000225   Thumb Code     0  libinit2.o(.ARM.Collect$$libinit$$00000014)
    __rt_lib_init_lc_ctype_1                 0x08000231   Thumb Code     0  libinit2.o(.ARM.Collect$$libinit$$00000015)
    __rt_lib_init_lc_monetary_1              0x08000231   Thumb Code     0  libinit2.o(.ARM.Collect$$libinit$$00000017)
    __rt_lib_init_lc_numeric_2               0x08000231   Thumb Code     0  libinit2.o(.ARM.Collect$$libinit$$00000018)
    __rt_lib_init_alloca_1                   0x0800023b   Thumb Code     0  libinit2.o(.ARM.Collect$$libinit$$00000030)
    __rt_lib_init_argv_1                     0x0800023b   Thumb Code     0  libinit2.o(.ARM.Collect$$libinit$$0000002E)
    __rt_lib_init_atexit_1                   0x0800023b   Thumb Code     0  libinit2.o(.ARM.Collect$$libinit$$0000001D)
    __rt_lib_init_clock_1                    0x0800023b   Thumb Code     0  libinit2.o(.ARM.Collect$$libinit$$00000023)
    __rt_lib_init_cpp_1                      0x0800023b   Thumb Code     0  libinit2.o(.ARM.Collect$$libinit$$00000034)
    __rt_lib_init_exceptions_1               0x0800023b   Thumb Code     0  libinit2.o(.ARM.Collect$$libinit$$00000032)
    __rt_lib_init_fp_trap_1                  0x0800023b   Thumb Code     0  libinit2.o(.ARM.Collect$$libinit$$00000021)
    __rt_lib_init_getenv_1                   0x0800023b   Thumb Code     0  libinit2.o(.ARM.Collect$$libinit$$00000025)
    __rt_lib_init_lc_numeric_1               0x0800023b   Thumb Code     0  libinit2.o(.ARM.Collect$$libinit$$00000019)
    __rt_lib_init_lc_time_1                  0x0800023b   Thumb Code     0  libinit2.o(.ARM.Collect$$libinit$$0000001B)
    __rt_lib_init_return                     0x0800023b   Thumb Code     0  libinit2.o(.ARM.Collect$$libinit$$00000035)
    __rt_lib_init_signal_1                   0x0800023b   Thumb Code     0  libinit2.o(.ARM.Collect$$libinit$$0000001F)
    __rt_lib_init_stdio_1                    0x0800023b   Thumb Code     0  libinit2.o(.ARM.Collect$$libinit$$00000027)
    __rt_lib_shutdown                        0x0800023d   Thumb Code     0  libshutdown.o(.ARM.Collect$$libshutdown$$00000000)
    __rt_lib_shutdown_cpp_1                  0x0800023f   Thumb Code     0  libshutdown2.o(.ARM.Collect$$libshutdown$$00000002)
    __rt_lib_shutdown_fp_trap_1              0x0800023f   Thumb Code     0  libshutdown2.o(.ARM.Collect$$libshutdown$$00000007)
    __rt_lib_shutdown_heap_1                 0x0800023f   Thumb Code     0  libshutdown2.o(.ARM.Collect$$libshutdown$$0000000F)
    __rt_lib_shutdown_return                 0x0800023f   Thumb Code     0  libshutdown2.o(.ARM.Collect$$libshutdown$$00000010)
    __rt_lib_shutdown_signal_1               0x0800023f   Thumb Code     0  libshutdown2.o(.ARM.Collect$$libshutdown$$0000000A)
    __rt_lib_shutdown_stdio_1                0x0800023f   Thumb Code     0  libshutdown2.o(.ARM.Collect$$libshutdown$$00000004)
    __rt_lib_shutdown_user_alloc_1           0x0800023f   Thumb Code     0  libshutdown2.o(.ARM.Collect$$libshutdown$$0000000C)
    __rt_entry                               0x08000241   Thumb Code     0  __rtentry.o(.ARM.Collect$$rtentry$$00000000)
    __rt_entry_presh_1                       0x08000241   Thumb Code     0  __rtentry2.o(.ARM.Collect$$rtentry$$00000002)
    __rt_entry_sh                            0x08000241   Thumb Code     0  __rtentry4.o(.ARM.Collect$$rtentry$$00000004)
    __rt_entry_li                            0x08000247   Thumb Code     0  __rtentry2.o(.ARM.Collect$$rtentry$$0000000A)
    __rt_entry_postsh_1                      0x08000247   Thumb Code     0  __rtentry2.o(.ARM.Collect$$rtentry$$00000009)
    __rt_entry_main                          0x0800024b   Thumb Code     0  __rtentry2.o(.ARM.Collect$$rtentry$$0000000D)
    __rt_entry_postli_1                      0x0800024b   Thumb Code     0  __rtentry2.o(.ARM.Collect$$rtentry$$0000000C)
    __rt_exit                                0x08000253   Thumb Code     0  rtexit.o(.ARM.Collect$$rtexit$$00000000)
    __rt_exit_ls                             0x08000255   Thumb Code     0  rtexit2.o(.ARM.Collect$$rtexit$$00000003)
    __rt_exit_prels_1                        0x08000255   Thumb Code     0  rtexit2.o(.ARM.Collect$$rtexit$$00000002)
    __rt_exit_exit                           0x08000259   Thumb Code     0  rtexit2.o(.ARM.Collect$$rtexit$$00000004)
    Reset_Handler                            0x08000261   Thumb Code     8  startup_stm32f103x6.o(.text)
    ADC1_2_IRQHandler                        0x0800027b   Thumb Code     0  startup_stm32f103x6.o(.text)
    CAN1_RX1_IRQHandler                      0x0800027b   Thumb Code     0  startup_stm32f103x6.o(.text)
    CAN1_SCE_IRQHandler                      0x0800027b   Thumb Code     0  startup_stm32f103x6.o(.text)
    DMA1_Channel1_IRQHandler                 0x0800027b   Thumb Code     0  startup_stm32f103x6.o(.text)
    DMA1_Channel2_IRQHandler                 0x0800027b   Thumb Code     0  startup_stm32f103x6.o(.text)
    DMA1_Channel3_IRQHandler                 0x0800027b   Thumb Code     0  startup_stm32f103x6.o(.text)
    DMA1_Channel4_IRQHandler                 0x0800027b   Thumb Code     0  startup_stm32f103x6.o(.text)
    DMA1_Channel5_IRQHandler                 0x0800027b   Thumb Code     0  startup_stm32f103x6.o(.text)
    DMA1_Channel6_IRQHandler                 0x0800027b   Thumb Code     0  startup_stm32f103x6.o(.text)
    DMA1_Channel7_IRQHandler                 0x0800027b   Thumb Code     0  startup_stm32f103x6.o(.text)
    EXTI0_IRQHandler                         0x0800027b   Thumb Code     0  startup_stm32f103x6.o(.text)
    EXTI15_10_IRQHandler                     0x0800027b   Thumb Code     0  startup_stm32f103x6.o(.text)
    EXTI1_IRQHandler                         0x0800027b   Thumb Code     0  startup_stm32f103x6.o(.text)
    EXTI2_IRQHandler                         0x0800027b   Thumb Code     0  startup_stm32f103x6.o(.text)
    EXTI3_IRQHandler                         0x0800027b   Thumb Code     0  startup_stm32f103x6.o(.text)
    EXTI4_IRQHandler                         0x0800027b   Thumb Code     0  startup_stm32f103x6.o(.text)
    EXTI9_5_IRQHandler                       0x0800027b   Thumb Code     0  startup_stm32f103x6.o(.text)
    FLASH_IRQHandler                         0x0800027b   Thumb Code     0  startup_stm32f103x6.o(.text)
    I2C1_ER_IRQHandler                       0x0800027b   Thumb Code     0  startup_stm32f103x6.o(.text)
    I2C1_EV_IRQHandler                       0x0800027b   Thumb Code     0  startup_stm32f103x6.o(.text)
    PVD_IRQHandler                           0x0800027b   Thumb Code     0  startup_stm32f103x6.o(.text)
    RCC_IRQHandler                           0x0800027b   Thumb Code     0  startup_stm32f103x6.o(.text)
    RTC_Alarm_IRQHandler                     0x0800027b   Thumb Code     0  startup_stm32f103x6.o(.text)
    RTC_IRQHandler                           0x0800027b   Thumb Code     0  startup_stm32f103x6.o(.text)
    SPI1_IRQHandler                          0x0800027b   Thumb Code     0  startup_stm32f103x6.o(.text)
    TAMPER_IRQHandler                        0x0800027b   Thumb Code     0  startup_stm32f103x6.o(.text)
    TIM1_BRK_IRQHandler                      0x0800027b   Thumb Code     0  startup_stm32f103x6.o(.text)
    TIM1_CC_IRQHandler                       0x0800027b   Thumb Code     0  startup_stm32f103x6.o(.text)
    TIM1_TRG_COM_IRQHandler                  0x0800027b   Thumb Code     0  startup_stm32f103x6.o(.text)
    TIM1_UP_IRQHandler                       0x0800027b   Thumb Code     0  startup_stm32f103x6.o(.text)
    TIM2_IRQHandler                          0x0800027b   Thumb Code     0  startup_stm32f103x6.o(.text)
    TIM3_IRQHandler                          0x0800027b   Thumb Code     0  startup_stm32f103x6.o(.text)
    USART1_IRQHandler                        0x0800027b   Thumb Code     0  startup_stm32f103x6.o(.text)
    USART2_IRQHandler                        0x0800027b   Thumb Code     0  startup_stm32f103x6.o(.text)
    USBWakeUp_IRQHandler                     0x0800027b   Thumb Code     0  startup_stm32f103x6.o(.text)
    USB_HP_CAN1_TX_IRQHandler                0x0800027b   Thumb Code     0  startup_stm32f103x6.o(.text)
    USB_LP_CAN1_RX0_IRQHandler               0x0800027b   Thumb Code     0  startup_stm32f103x6.o(.text)
    WWDG_IRQHandler                          0x0800027b   Thumb Code     0  startup_stm32f103x6.o(.text)
    __user_initial_stackheap                 0x0800027d   Thumb Code     0  startup_stm32f103x6.o(.text)
    sprintf                                  0x080002a1   Thumb Code    38  sprintf.o(.text)
    __aeabi_memclr4                          0x080002cd   Thumb Code     0  rt_memclr_w.o(.text)
    __aeabi_memclr8                          0x080002cd   Thumb Code     0  rt_memclr_w.o(.text)
    __rt_memclr_w                            0x080002cd   Thumb Code     0  rt_memclr_w.o(.text)
    _memset_w                                0x080002d1   Thumb Code    74  rt_memclr_w.o(.text)
    __use_two_region_memory                  0x0800031b   Thumb Code     2  heapauxi.o(.text)
    __rt_heap_escrow$2region                 0x0800031d   Thumb Code     2  heapauxi.o(.text)
    __rt_heap_expand$2region                 0x0800031f   Thumb Code     2  heapauxi.o(.text)
    _printf_pre_padding                      0x08000321   Thumb Code    44  _printf_pad.o(.text)
    _printf_post_padding                     0x0800034d   Thumb Code    34  _printf_pad.o(.text)
    _printf_truncate_signed                  0x0800036f   Thumb Code    18  _printf_truncate.o(.text)
    _printf_truncate_unsigned                0x08000381   Thumb Code    18  _printf_truncate.o(.text)
    _printf_str                              0x08000393   Thumb Code    82  _printf_str.o(.text)
    _printf_int_dec                          0x080003e5   Thumb Code   104  _printf_dec.o(.text)
    _printf_charcount                        0x0800045d   Thumb Code    40  _printf_charcount.o(.text)
    _printf_char_common                      0x0800048f   Thumb Code    32  _printf_char_common.o(.text)
    _sputc                                   0x080004b5   Thumb Code    10  _sputc.o(.text)
    _printf_wctomb                           0x080004c1   Thumb Code   182  _printf_wctomb.o(.text)
    _printf_longlong_dec                     0x0800057d   Thumb Code   108  _printf_longlong_dec.o(.text)
    _printf_longlong_oct                     0x080005f9   Thumb Code    68  _printf_oct_int_ll.o(.text)
    _printf_int_oct                          0x0800063d   Thumb Code    24  _printf_oct_int_ll.o(.text)
    _printf_ll_oct                           0x08000655   Thumb Code    12  _printf_oct_int_ll.o(.text)
    _printf_longlong_hex                     0x08000669   Thumb Code    86  _printf_hex_int_ll_ptr.o(.text)
    _printf_int_hex                          0x080006bf   Thumb Code    28  _printf_hex_int_ll_ptr.o(.text)
    _printf_ll_hex                           0x080006db   Thumb Code    12  _printf_hex_int_ll_ptr.o(.text)
    _printf_hex_ptr                          0x080006e7   Thumb Code    18  _printf_hex_int_ll_ptr.o(.text)
    __printf                                 0x080006fd   Thumb Code   388  __printf_flags_ss_wp.o(.text)
    _ll_udiv10                               0x08000885   Thumb Code   138  lludiv10.o(.text)
    _printf_int_common                       0x0800090f   Thumb Code   178  _printf_intcommon.o(.text)
    _printf_fp_dec_real                      0x08000b71   Thumb Code   620  _printf_fp_dec.o(.text)
    _printf_fp_hex_real                      0x08000ddd   Thumb Code   756  _printf_fp_hex.o(.text)
    _printf_cs_common                        0x080010d9   Thumb Code    20  _printf_char.o(.text)
    _printf_char                             0x080010ed   Thumb Code    16  _printf_char.o(.text)
    _printf_string                           0x080010fd   Thumb Code     8  _printf_char.o(.text)
    _printf_lcs_common                       0x08001105   Thumb Code    20  _printf_wchar.o(.text)
    _printf_wchar                            0x08001119   Thumb Code    16  _printf_wchar.o(.text)
    _printf_wstring                          0x08001129   Thumb Code     8  _printf_wchar.o(.text)
    _c16rtomb                                0x08001131   Thumb Code    72  _c16rtomb.o(.text)
    _wcrtomb                                 0x08001131   Thumb Code     0  _c16rtomb.o(.text)
    __user_setup_stackheap                   0x08001179   Thumb Code    74  sys_stackheap_outer.o(.text)
    __rt_ctype_table                         0x080011c5   Thumb Code    16  rt_ctype_table.o(.text)
    __rt_locale                              0x080011d5   Thumb Code     8  rt_locale_intlibspace.o(.text)
    _printf_fp_infnan                        0x080011dd   Thumb Code   112  _printf_fp_infnan.o(.text)
    _btod_etento                             0x0800125d   Thumb Code   224  bigflt0.o(.text)
    exit                                     0x08001341   Thumb Code    18  exit.o(.text)
    __user_libspace                          0x08001355   Thumb Code     8  libspace.o(.text)
    __user_perproc_libspace                  0x08001355   Thumb Code     0  libspace.o(.text)
    __user_perthread_libspace                0x08001355   Thumb Code     0  libspace.o(.text)
    strcmp                                   0x0800135d   Thumb Code   128  strcmpv7m.o(.text)
    _sys_exit                                0x080013dd   Thumb Code     8  sys_exit.o(.text)
    __I$use$semihosting                      0x080013e9   Thumb Code     0  use_no_semi.o(.text)
    __use_no_semihosting_swi                 0x080013e9   Thumb Code     2  use_no_semi.o(.text)
    __semihosting_library_function           0x080013eb   Thumb Code     0  indicate_semi.o(.text)
    BusFault_Handler                         0x080013ed   Thumb Code     4  stm32f1xx_it.o(.text.BusFault_Handler)
    DHT22_GetTemp_Humidity                   0x080013f1   Thumb Code   504  dht22.o(.text.DHT22_GetTemp_Humidity)
    DebugMon_Handler                         0x080015e9   Thumb Code     2  stm32f1xx_it.o(.text.DebugMon_Handler)
    Delay                                    0x080015ed   Thumb Code    26  lcd.o(.text.Delay)
    Error_Handler                            0x08001649   Thumb Code    14  main.o(.text.Error_Handler)
    HAL_Delay                                0x08001659   Thumb Code    66  stm32f1xx_hal.o(.text.HAL_Delay)
    HAL_GPIO_DeInit                          0x0800169d   Thumb Code   386  stm32f1xx_hal_gpio.o(.text.HAL_GPIO_DeInit)
    HAL_GPIO_Init                            0x08001821   Thumb Code   770  stm32f1xx_hal_gpio.o(.text.HAL_GPIO_Init)
    HAL_GPIO_ReadPin                         0x08001b25   Thumb Code    46  stm32f1xx_hal_gpio.o(.text.HAL_GPIO_ReadPin)
    HAL_GPIO_WritePin                        0x08001b55   Thumb Code    46  stm32f1xx_hal_gpio.o(.text.HAL_GPIO_WritePin)
    HAL_GetTick                              0x08001b85   Thumb Code    12  stm32f1xx_hal.o(.text.HAL_GetTick)
    HAL_IncTick                              0x08001b91   Thumb Code    26  stm32f1xx_hal.o(.text.HAL_IncTick)
    HAL_Init                                 0x08001bad   Thumb Code    38  stm32f1xx_hal.o(.text.HAL_Init)
    HAL_InitTick                             0x08001bd5   Thumb Code   112  stm32f1xx_hal.o(.text.HAL_InitTick)
    HAL_MspInit                              0x08001c45   Thumb Code   100  stm32f1xx_hal_msp.o(.text.HAL_MspInit)
    HAL_NVIC_SetPriority                     0x08001ca9   Thumb Code    50  stm32f1xx_hal_cortex.o(.text.HAL_NVIC_SetPriority)
    HAL_NVIC_SetPriorityGrouping             0x08001cdd   Thumb Code    16  stm32f1xx_hal_cortex.o(.text.HAL_NVIC_SetPriorityGrouping)
    HAL_PWR_EnableBkUpAccess                 0x08001ced   Thumb Code    12  stm32f1xx_hal_pwr.o(.text.HAL_PWR_EnableBkUpAccess)
    HAL_RCCEx_GetPeriphCLKFreq               0x08001cf9   Thumb Code   406  stm32f1xx_hal_rcc_ex.o(.text.HAL_RCCEx_GetPeriphCLKFreq)
    HAL_RCCEx_PeriphCLKConfig                0x08001e91   Thumb Code   456  stm32f1xx_hal_rcc_ex.o(.text.HAL_RCCEx_PeriphCLKConfig)
    HAL_RCC_ClockConfig                      0x08002059   Thumb Code   598  stm32f1xx_hal_rcc.o(.text.HAL_RCC_ClockConfig)
    HAL_RCC_GetHCLKFreq                      0x080022b1   Thumb Code    12  stm32f1xx_hal_rcc.o(.text.HAL_RCC_GetHCLKFreq)
    HAL_RCC_GetPCLK2Freq                     0x080022bd   Thumb Code    34  stm32f1xx_hal_rcc.o(.text.HAL_RCC_GetPCLK2Freq)
    HAL_RCC_GetSysClockFreq                  0x080022e1   Thumb Code   188  stm32f1xx_hal_rcc.o(.text.HAL_RCC_GetSysClockFreq)
    HAL_RCC_OscConfig                        0x0800239d   Thumb Code  1658  stm32f1xx_hal_rcc.o(.text.HAL_RCC_OscConfig)
    HAL_RTC_GetDate                          0x08002a19   Thumb Code   154  stm32f1xx_hal_rtc.o(.text.HAL_RTC_GetDate)
    HAL_RTC_GetTime                          0x08002ab5   Thumb Code   428  stm32f1xx_hal_rtc.o(.text.HAL_RTC_GetTime)
    HAL_RTC_Init                             0x08002c61   Thumb Code   298  stm32f1xx_hal_rtc.o(.text.HAL_RTC_Init)
    HAL_RTC_MspInit                          0x08002d8d   Thumb Code    76  stm32f1xx_hal_msp.o(.text.HAL_RTC_MspInit)
    HAL_RTC_SetDate                          0x08002dd9   Thumb Code   382  stm32f1xx_hal_rtc.o(.text.HAL_RTC_SetDate)
    HAL_RTC_SetTime                          0x08002f59   Thumb Code   322  stm32f1xx_hal_rtc.o(.text.HAL_RTC_SetTime)
    HAL_RTC_WaitForSynchro                   0x0800309d   Thumb Code   100  stm32f1xx_hal_rtc.o(.text.HAL_RTC_WaitForSynchro)
    HAL_SYSTICK_Config                       0x08003101   Thumb Code    16  stm32f1xx_hal_cortex.o(.text.HAL_SYSTICK_Config)
    HardFault_Handler                        0x08003111   Thumb Code     4  stm32f1xx_it.o(.text.HardFault_Handler)
    MemManage_Handler                        0x0800324d   Thumb Code     4  stm32f1xx_it.o(.text.MemManage_Handler)
    NMI_Handler                              0x08003251   Thumb Code     4  stm32f1xx_it.o(.text.NMI_Handler)
    PendSV_Handler                           0x080032c1   Thumb Code     2  stm32f1xx_it.o(.text.PendSV_Handler)
    SVC_Handler                              0x08003825   Thumb Code     2  stm32f1xx_it.o(.text.SVC_Handler)
    SysTick_Handler                          0x0800387d   Thumb Code     8  stm32f1xx_it.o(.text.SysTick_Handler)
    SystemClock_Config                       0x08003885   Thumb Code   144  main.o(.text.SystemClock_Config)
    SystemInit                               0x08003915   Thumb Code     2  system_stm32f1xx.o(.text.SystemInit)
    UsageFault_Handler                       0x08003919   Thumb Code     4  stm32f1xx_it.o(.text.UsageFault_Handler)
    dht22_init                               0x080039ad   Thumb Code    82  dht22.o(.text.dht22_init)
    lcd_char_cp                              0x08003a01   Thumb Code   528  lcd.o(.text.lcd_char_cp)
    lcd_cmd                                  0x08003c11   Thumb Code   520  lcd.o(.text.lcd_cmd)
    lcd_delay                                0x08003e19   Thumb Code    10  lcd.o(.text.lcd_delay)
    lcd_gotoxy                               0x08003e25   Thumb Code    72  lcd.o(.text.lcd_gotoxy)
    lcd_init                                 0x08003e6d   Thumb Code   118  lcd.o(.text.lcd_init)
    lcd_out_cp                               0x08003ee5   Thumb Code    38  lcd.o(.text.lcd_out_cp)
    lcd_print                                0x08003f0d   Thumb Code    42  lcd.o(.text.lcd_print)
    main                                     0x08003f39   Thumb Code   364  main.o(.text.main)
    _btod_d2e                                0x080040a5   Thumb Code    62  btod.o(CL$$btod_d2e)
    _d2e_denorm_low                          0x080040e3   Thumb Code    70  btod.o(CL$$btod_d2e_denorm_low)
    _d2e_norm_op1                            0x08004129   Thumb Code    96  btod.o(CL$$btod_d2e_norm_op1)
    __btod_div_common                        0x08004189   Thumb Code   696  btod.o(CL$$btod_div_common)
    _e2e                                     0x080044c1   Thumb Code   220  btod.o(CL$$btod_e2e)
    _btod_ediv                               0x0800459d   Thumb Code    42  btod.o(CL$$btod_ediv)
    _btod_emul                               0x080045c7   Thumb Code    42  btod.o(CL$$btod_emul)
    __btod_mult_common                       0x080045f1   Thumb Code   580  btod.o(CL$$btod_mult_common)
    __ARM_fpclassify                         0x08004835   Thumb Code    40  fpclassify.o(i.__ARM_fpclassify)
    _is_digit                                0x0800485d   Thumb Code    14  __printf_wp.o(i._is_digit)
    _get_lc_numeric                          0x0800486d   Thumb Code    44  lc_numeric_c.o(locale$$code)
    _get_lc_ctype                            0x08004899   Thumb Code    44  lc_ctype_c.o(locale$$code)
    __fpl_dretinf                            0x080048c5   Thumb Code    12  dretinf.o(x$fpl$dretinf)
    __aeabi_f2d                              0x080048d1   Thumb Code     0  f2d.o(x$fpl$f2d)
    _f2d                                     0x080048d1   Thumb Code    86  f2d.o(x$fpl$f2d)
    __aeabi_fdiv                             0x08004929   Thumb Code     0  fdiv.o(x$fpl$fdiv)
    _fdiv                                    0x08004929   Thumb Code   384  fdiv.o(x$fpl$fdiv)
    __aeabi_i2f                              0x08004aad   Thumb Code     0  fflt_clz.o(x$fpl$fflt)
    _fflt                                    0x08004aad   Thumb Code    48  fflt_clz.o(x$fpl$fflt)
    __fpl_fnaninf                            0x08004add   Thumb Code   140  fnaninf.o(x$fpl$fnaninf)
    __fpl_fretinf                            0x08004b69   Thumb Code    10  fretinf.o(x$fpl$fretinf)
    _printf_fp_dec                           0x08004b73   Thumb Code     4  printf1.o(x$fpl$printf1)
    _printf_fp_hex                           0x08004b77   Thumb Code     4  printf2.o(x$fpl$printf2)
    __I$use$fp                               0x08004b7a   Number         0  usenofp.o(x$fpl$usenofp)
    AHBPrescTable                            0x08004c78   Data          16  system_stm32f1xx.o(.rodata.AHBPrescTable)
    APBPrescTable                            0x08004c88   Data           8  system_stm32f1xx.o(.rodata.APBPrescTable)
    Region$$Table$$Base                      0x08004cf0   Number         0  anon$$obj.o(Region$$Table)
    Region$$Table$$Limit                     0x08004d10   Number         0  anon$$obj.o(Region$$Table)
    __ctype                                  0x08004d39   Data           0  lc_ctype_c.o(locale$$data)
    SystemCoreClock                          0x20000000   Data           4  system_stm32f1xx.o(.data.SystemCoreClock)
    uwTickFreq                               0x20000004   Data           1  stm32f1xx_hal.o(.data.uwTickFreq)
    uwTickPrio                               0x20000008   Data           4  stm32f1xx_hal.o(.data.uwTickPrio)
    __libspace_start                         0x20000010   Data          96  libspace.o(.bss)
    DateToUpdate                             0x20000070   Data           4  main.o(.bss.DateToUpdate)
    __temporary_stack_top$libspace           0x20000070   Data           0  libspace.o(.bss)
    day                                      0x20000074   Data           2  main.o(.bss.day)
    hour                                     0x20000076   Data           2  main.o(.bss.hour)
    hrtc                                     0x20000078   Data          20  main.o(.bss.hrtc)
    humidity                                 0x2000008c   Data           4  main.o(.bss.humidity)
    line1                                    0x20000090   Data          32  main.o(.bss.line1)
    line2                                    0x200000b0   Data          32  main.o(.bss.line2)
    minute                                   0x200000d0   Data           2  main.o(.bss.minute)
    month                                    0x200000d2   Data           2  main.o(.bss.month)
    sTime                                    0x200000d4   Data           3  main.o(.bss.sTime)
    second                                   0x200000d8   Data           2  main.o(.bss.second)
    temperature                              0x200000dc   Data           4  main.o(.bss.temperature)
    uwTick                                   0x200000e0   Data           4  stm32f1xx_hal.o(.bss.uwTick)
    year                                     0x200000e4   Data           2  main.o(.bss.year)



==============================================================================

Memory Map of the image

  Image Entry point : 0x080000ed

  Load Region LR_IROM1 (Base: 0x08000000, Size: 0x00004e50, Max: 0x00008000, ABSOLUTE)

    Execution Region ER_IROM1 (Exec base: 0x08000000, Load base: 0x08000000, Size: 0x00004e3c, Max: 0x00008000, ABSOLUTE)

    Exec Addr    Load Addr    Size         Type   Attr      Idx    E Section Name        Object

    0x08000000   0x08000000   0x000000ec   Data   RO            3    RESET               startup_stm32f103x6.o
    0x080000ec   0x080000ec   0x00000008   Code   RO          635  * !!!main             c_w.l(__main.o)
    0x080000f4   0x080000f4   0x0000005c   Code   RO          990    !!!scatter          c_w.l(__scatter.o)
    0x08000150   0x08000150   0x0000001a   Code   RO          994    !!handler_copy      c_w.l(__scatter_copy.o)
    0x0800016a   0x0800016a   0x00000002   PAD
    0x0800016c   0x0800016c   0x00000002   Code   RO          991    !!handler_null      c_w.l(__scatter.o)
    0x0800016e   0x0800016e   0x00000002   PAD
    0x08000170   0x08000170   0x0000001c   Code   RO          996    !!handler_zi        c_w.l(__scatter_zi.o)
    0x0800018c   0x0800018c   0x00000000   Code   RO          731    .ARM.Collect$$_printf_percent$$00000000  c_w.l(_printf_percent.o)
    0x0800018c   0x0800018c   0x00000006   Code   RO          720    .ARM.Collect$$_printf_percent$$00000001  c_w.l(_printf_n.o)
    0x08000192   0x08000192   0x00000006   Code   RO          722    .ARM.Collect$$_printf_percent$$00000002  c_w.l(_printf_p.o)
    0x08000198   0x08000198   0x00000006   Code   RO          727    .ARM.Collect$$_printf_percent$$00000003  c_w.l(_printf_f.o)
    0x0800019e   0x0800019e   0x00000006   Code   RO          728    .ARM.Collect$$_printf_percent$$00000004  c_w.l(_printf_e.o)
    0x080001a4   0x080001a4   0x00000006   Code   RO          729    .ARM.Collect$$_printf_percent$$00000005  c_w.l(_printf_g.o)
    0x080001aa   0x080001aa   0x00000006   Code   RO          730    .ARM.Collect$$_printf_percent$$00000006  c_w.l(_printf_a.o)
    0x080001b0   0x080001b0   0x0000000a   Code   RO          735    .ARM.Collect$$_printf_percent$$00000007  c_w.l(_printf_ll.o)
    0x080001ba   0x080001ba   0x00000006   Code   RO          724    .ARM.Collect$$_printf_percent$$00000008  c_w.l(_printf_i.o)
    0x080001c0   0x080001c0   0x00000006   Code   RO          725    .ARM.Collect$$_printf_percent$$00000009  c_w.l(_printf_d.o)
    0x080001c6   0x080001c6   0x00000006   Code   RO          726    .ARM.Collect$$_printf_percent$$0000000A  c_w.l(_printf_u.o)
    0x080001cc   0x080001cc   0x00000006   Code   RO          723    .ARM.Collect$$_printf_percent$$0000000B  c_w.l(_printf_o.o)
    0x080001d2   0x080001d2   0x00000006   Code   RO          721    .ARM.Collect$$_printf_percent$$0000000C  c_w.l(_printf_x.o)
    0x080001d8   0x080001d8   0x00000006   Code   RO          732    .ARM.Collect$$_printf_percent$$0000000D  c_w.l(_printf_lli.o)
    0x080001de   0x080001de   0x00000006   Code   RO          733    .ARM.Collect$$_printf_percent$$0000000E  c_w.l(_printf_lld.o)
    0x080001e4   0x080001e4   0x00000006   Code   RO          734    .ARM.Collect$$_printf_percent$$0000000F  c_w.l(_printf_llu.o)
    0x080001ea   0x080001ea   0x00000006   Code   RO          739    .ARM.Collect$$_printf_percent$$00000010  c_w.l(_printf_llo.o)
    0x080001f0   0x080001f0   0x00000006   Code   RO          740    .ARM.Collect$$_printf_percent$$00000011  c_w.l(_printf_llx.o)
    0x080001f6   0x080001f6   0x0000000a   Code   RO          736    .ARM.Collect$$_printf_percent$$00000012  c_w.l(_printf_l.o)
    0x08000200   0x08000200   0x00000006   Code   RO          718    .ARM.Collect$$_printf_percent$$00000013  c_w.l(_printf_c.o)
    0x08000206   0x08000206   0x00000006   Code   RO          719    .ARM.Collect$$_printf_percent$$00000014  c_w.l(_printf_s.o)
    0x0800020c   0x0800020c   0x00000006   Code   RO          737    .ARM.Collect$$_printf_percent$$00000015  c_w.l(_printf_lc.o)
    0x08000212   0x08000212   0x00000006   Code   RO          738    .ARM.Collect$$_printf_percent$$00000016  c_w.l(_printf_ls.o)
    0x08000218   0x08000218   0x00000004   Code   RO          788    .ARM.Collect$$_printf_percent$$00000017  c_w.l(_printf_percent_end.o)
    0x0800021c   0x0800021c   0x00000002   Code   RO          839    .ARM.Collect$$libinit$$00000000  c_w.l(libinit.o)
    0x0800021e   0x0800021e   0x00000000   Code   RO          857    .ARM.Collect$$libinit$$00000002  c_w.l(libinit2.o)
    0x0800021e   0x0800021e   0x00000000   Code   RO          859    .ARM.Collect$$libinit$$00000004  c_w.l(libinit2.o)
    0x0800021e   0x0800021e   0x00000000   Code   RO          861    .ARM.Collect$$libinit$$00000006  c_w.l(libinit2.o)
    0x0800021e   0x0800021e   0x00000000   Code   RO          864    .ARM.Collect$$libinit$$0000000C  c_w.l(libinit2.o)
    0x0800021e   0x0800021e   0x00000000   Code   RO          866    .ARM.Collect$$libinit$$0000000E  c_w.l(libinit2.o)
    0x0800021e   0x0800021e   0x00000000   Code   RO          868    .ARM.Collect$$libinit$$00000010  c_w.l(libinit2.o)
    0x0800021e   0x0800021e   0x00000006   Code   RO          869    .ARM.Collect$$libinit$$00000011  c_w.l(libinit2.o)
    0x08000224   0x08000224   0x00000000   Code   RO          871    .ARM.Collect$$libinit$$00000013  c_w.l(libinit2.o)
    0x08000224   0x08000224   0x0000000c   Code   RO          872    .ARM.Collect$$libinit$$00000014  c_w.l(libinit2.o)
    0x08000230   0x08000230   0x00000000   Code   RO          873    .ARM.Collect$$libinit$$00000015  c_w.l(libinit2.o)
    0x08000230   0x08000230   0x00000000   Code   RO          875    .ARM.Collect$$libinit$$00000017  c_w.l(libinit2.o)
    0x08000230   0x08000230   0x0000000a   Code   RO          876    .ARM.Collect$$libinit$$00000018  c_w.l(libinit2.o)
    0x0800023a   0x0800023a   0x00000000   Code   RO          877    .ARM.Collect$$libinit$$00000019  c_w.l(libinit2.o)
    0x0800023a   0x0800023a   0x00000000   Code   RO          879    .ARM.Collect$$libinit$$0000001B  c_w.l(libinit2.o)
    0x0800023a   0x0800023a   0x00000000   Code   RO          881    .ARM.Collect$$libinit$$0000001D  c_w.l(libinit2.o)
    0x0800023a   0x0800023a   0x00000000   Code   RO          883    .ARM.Collect$$libinit$$0000001F  c_w.l(libinit2.o)
    0x0800023a   0x0800023a   0x00000000   Code   RO          885    .ARM.Collect$$libinit$$00000021  c_w.l(libinit2.o)
    0x0800023a   0x0800023a   0x00000000   Code   RO          887    .ARM.Collect$$libinit$$00000023  c_w.l(libinit2.o)
    0x0800023a   0x0800023a   0x00000000   Code   RO          889    .ARM.Collect$$libinit$$00000025  c_w.l(libinit2.o)
    0x0800023a   0x0800023a   0x00000000   Code   RO          891    .ARM.Collect$$libinit$$00000027  c_w.l(libinit2.o)
    0x0800023a   0x0800023a   0x00000000   Code   RO          895    .ARM.Collect$$libinit$$0000002E  c_w.l(libinit2.o)
    0x0800023a   0x0800023a   0x00000000   Code   RO          897    .ARM.Collect$$libinit$$00000030  c_w.l(libinit2.o)
    0x0800023a   0x0800023a   0x00000000   Code   RO          899    .ARM.Collect$$libinit$$00000032  c_w.l(libinit2.o)
    0x0800023a   0x0800023a   0x00000000   Code   RO          901    .ARM.Collect$$libinit$$00000034  c_w.l(libinit2.o)
    0x0800023a   0x0800023a   0x00000002   Code   RO          902    .ARM.Collect$$libinit$$00000035  c_w.l(libinit2.o)
    0x0800023c   0x0800023c   0x00000002   Code   RO          926    .ARM.Collect$$libshutdown$$00000000  c_w.l(libshutdown.o)
    0x0800023e   0x0800023e   0x00000000   Code   RO          941    .ARM.Collect$$libshutdown$$00000002  c_w.l(libshutdown2.o)
    0x0800023e   0x0800023e   0x00000000   Code   RO          943    .ARM.Collect$$libshutdown$$00000004  c_w.l(libshutdown2.o)
    0x0800023e   0x0800023e   0x00000000   Code   RO          946    .ARM.Collect$$libshutdown$$00000007  c_w.l(libshutdown2.o)
    0x0800023e   0x0800023e   0x00000000   Code   RO          949    .ARM.Collect$$libshutdown$$0000000A  c_w.l(libshutdown2.o)
    0x0800023e   0x0800023e   0x00000000   Code   RO          951    .ARM.Collect$$libshutdown$$0000000C  c_w.l(libshutdown2.o)
    0x0800023e   0x0800023e   0x00000000   Code   RO          954    .ARM.Collect$$libshutdown$$0000000F  c_w.l(libshutdown2.o)
    0x0800023e   0x0800023e   0x00000002   Code   RO          955    .ARM.Collect$$libshutdown$$00000010  c_w.l(libshutdown2.o)
    0x08000240   0x08000240   0x00000000   Code   RO          649    .ARM.Collect$$rtentry$$00000000  c_w.l(__rtentry.o)
    0x08000240   0x08000240   0x00000000   Code   RO          757    .ARM.Collect$$rtentry$$00000002  c_w.l(__rtentry2.o)
    0x08000240   0x08000240   0x00000006   Code   RO          769    .ARM.Collect$$rtentry$$00000004  c_w.l(__rtentry4.o)
    0x08000246   0x08000246   0x00000000   Code   RO          759    .ARM.Collect$$rtentry$$00000009  c_w.l(__rtentry2.o)
    0x08000246   0x08000246   0x00000004   Code   RO          760    .ARM.Collect$$rtentry$$0000000A  c_w.l(__rtentry2.o)
    0x0800024a   0x0800024a   0x00000000   Code   RO          762    .ARM.Collect$$rtentry$$0000000C  c_w.l(__rtentry2.o)
    0x0800024a   0x0800024a   0x00000008   Code   RO          763    .ARM.Collect$$rtentry$$0000000D  c_w.l(__rtentry2.o)
    0x08000252   0x08000252   0x00000002   Code   RO          847    .ARM.Collect$$rtexit$$00000000  c_w.l(rtexit.o)
    0x08000254   0x08000254   0x00000000   Code   RO          904    .ARM.Collect$$rtexit$$00000002  c_w.l(rtexit2.o)
    0x08000254   0x08000254   0x00000004   Code   RO          905    .ARM.Collect$$rtexit$$00000003  c_w.l(rtexit2.o)
    0x08000258   0x08000258   0x00000006   Code   RO          906    .ARM.Collect$$rtexit$$00000004  c_w.l(rtexit2.o)
    0x0800025e   0x0800025e   0x00000002   PAD
    0x08000260   0x08000260   0x00000040   Code   RO            4    .text               startup_stm32f103x6.o
    0x080002a0   0x080002a0   0x0000002c   Code   RO          629    .text               c_w.l(sprintf.o)
    0x080002cc   0x080002cc   0x0000004e   Code   RO          631    .text               c_w.l(rt_memclr_w.o)
    0x0800031a   0x0800031a   0x00000006   Code   RO          633    .text               c_w.l(heapauxi.o)
    0x08000320   0x08000320   0x0000004e   Code   RO          652    .text               c_w.l(_printf_pad.o)
    0x0800036e   0x0800036e   0x00000024   Code   RO          654    .text               c_w.l(_printf_truncate.o)
    0x08000392   0x08000392   0x00000052   Code   RO          656    .text               c_w.l(_printf_str.o)
    0x080003e4   0x080003e4   0x00000078   Code   RO          658    .text               c_w.l(_printf_dec.o)
    0x0800045c   0x0800045c   0x00000028   Code   RO          660    .text               c_w.l(_printf_charcount.o)
    0x08000484   0x08000484   0x00000030   Code   RO          662    .text               c_w.l(_printf_char_common.o)
    0x080004b4   0x080004b4   0x0000000a   Code   RO          664    .text               c_w.l(_sputc.o)
    0x080004be   0x080004be   0x00000002   PAD
    0x080004c0   0x080004c0   0x000000bc   Code   RO          666    .text               c_w.l(_printf_wctomb.o)
    0x0800057c   0x0800057c   0x0000007c   Code   RO          669    .text               c_w.l(_printf_longlong_dec.o)
    0x080005f8   0x080005f8   0x00000070   Code   RO          675    .text               c_w.l(_printf_oct_int_ll.o)
    0x08000668   0x08000668   0x00000094   Code   RO          695    .text               c_w.l(_printf_hex_int_ll_ptr.o)
    0x080006fc   0x080006fc   0x00000188   Code   RO          715    .text               c_w.l(__printf_flags_ss_wp.o)
    0x08000884   0x08000884   0x0000008a   Code   RO          771    .text               c_w.l(lludiv10.o)
    0x0800090e   0x0800090e   0x000000b2   Code   RO          773    .text               c_w.l(_printf_intcommon.o)
    0x080009c0   0x080009c0   0x0000041c   Code   RO          775    .text               c_w.l(_printf_fp_dec.o)
    0x08000ddc   0x08000ddc   0x000002fc   Code   RO          779    .text               c_w.l(_printf_fp_hex.o)
    0x080010d8   0x080010d8   0x0000002c   Code   RO          784    .text               c_w.l(_printf_char.o)
    0x08001104   0x08001104   0x0000002c   Code   RO          786    .text               c_w.l(_printf_wchar.o)
    0x08001130   0x08001130   0x00000048   Code   RO          789    .text               c_w.l(_c16rtomb.o)
    0x08001178   0x08001178   0x0000004a   Code   RO          791    .text               c_w.l(sys_stackheap_outer.o)
    0x080011c2   0x080011c2   0x00000002   PAD
    0x080011c4   0x080011c4   0x00000010   Code   RO          793    .text               c_w.l(rt_ctype_table.o)
    0x080011d4   0x080011d4   0x00000008   Code   RO          798    .text               c_w.l(rt_locale_intlibspace.o)
    0x080011dc   0x080011dc   0x00000080   Code   RO          800    .text               c_w.l(_printf_fp_infnan.o)
    0x0800125c   0x0800125c   0x000000e4   Code   RO          802    .text               c_w.l(bigflt0.o)
    0x08001340   0x08001340   0x00000012   Code   RO          832    .text               c_w.l(exit.o)
    0x08001352   0x08001352   0x00000002   PAD
    0x08001354   0x08001354   0x00000008   Code   RO          844    .text               c_w.l(libspace.o)
    0x0800135c   0x0800135c   0x00000080   Code   RO          854    .text               c_w.l(strcmpv7m.o)
    0x080013dc   0x080013dc   0x0000000c   Code   RO          916    .text               c_w.l(sys_exit.o)
    0x080013e8   0x080013e8   0x00000002   Code   RO          931    .text               c_w.l(use_no_semi.o)
    0x080013ea   0x080013ea   0x00000000   Code   RO          933    .text               c_w.l(indicate_semi.o)
    0x080013ea   0x080013ea   0x00000002   PAD
    0x080013ec   0x080013ec   0x00000004   Code   RO           49    .text.BusFault_Handler  stm32f1xx_it.o
    0x080013f0   0x080013f0   0x000001f8   Code   RO          114    .text.DHT22_GetTemp_Humidity  dht22.o
    0x080015e8   0x080015e8   0x00000002   Code   RO           55    .text.DebugMon_Handler  stm32f1xx_it.o
    0x080015ea   0x080015ea   0x00000002   PAD
    0x080015ec   0x080015ec   0x0000001a   Code   RO           81    .text.Delay         lcd.o
    0x08001606   0x08001606   0x00000002   PAD
    0x08001608   0x08001608   0x00000040   Code   RO          116    .text.DelayMicro    dht22.o
    0x08001648   0x08001648   0x0000000e   Code   RO           19    .text.Error_Handler  main.o
    0x08001656   0x08001656   0x00000002   PAD
    0x08001658   0x08001658   0x00000042   Code   RO          256    .text.HAL_Delay     stm32f1xx_hal.o
    0x0800169a   0x0800169a   0x00000002   PAD
    0x0800169c   0x0800169c   0x00000182   Code   RO          352    .text.HAL_GPIO_DeInit  stm32f1xx_hal_gpio.o
    0x0800181e   0x0800181e   0x00000002   PAD
    0x08001820   0x08001820   0x00000302   Code   RO          350    .text.HAL_GPIO_Init  stm32f1xx_hal_gpio.o
    0x08001b22   0x08001b22   0x00000002   PAD
    0x08001b24   0x08001b24   0x0000002e   Code   RO          354    .text.HAL_GPIO_ReadPin  stm32f1xx_hal_gpio.o
    0x08001b52   0x08001b52   0x00000002   PAD
    0x08001b54   0x08001b54   0x0000002e   Code   RO          356    .text.HAL_GPIO_WritePin  stm32f1xx_hal_gpio.o
    0x08001b82   0x08001b82   0x00000002   PAD
    0x08001b84   0x08001b84   0x0000000c   Code   RO          248    .text.HAL_GetTick   stm32f1xx_hal.o
    0x08001b90   0x08001b90   0x0000001a   Code   RO          246    .text.HAL_IncTick   stm32f1xx_hal.o
    0x08001baa   0x08001baa   0x00000002   PAD
    0x08001bac   0x08001bac   0x00000026   Code   RO          236    .text.HAL_Init      stm32f1xx_hal.o
    0x08001bd2   0x08001bd2   0x00000002   PAD
    0x08001bd4   0x08001bd4   0x00000070   Code   RO          238    .text.HAL_InitTick  stm32f1xx_hal.o
    0x08001c44   0x08001c44   0x00000064   Code   RO           68    .text.HAL_MspInit   stm32f1xx_hal_msp.o
    0x08001ca8   0x08001ca8   0x00000032   Code   RO          410    .text.HAL_NVIC_SetPriority  stm32f1xx_hal_cortex.o
    0x08001cda   0x08001cda   0x00000002   PAD
    0x08001cdc   0x08001cdc   0x00000010   Code   RO          406    .text.HAL_NVIC_SetPriorityGrouping  stm32f1xx_hal_cortex.o
    0x08001cec   0x08001cec   0x0000000c   Code   RO          473    .text.HAL_PWR_EnableBkUpAccess  stm32f1xx_hal_pwr.o
    0x08001cf8   0x08001cf8   0x00000196   Code   RO          339    .text.HAL_RCCEx_GetPeriphCLKFreq  stm32f1xx_hal_rcc_ex.o
    0x08001e8e   0x08001e8e   0x00000002   PAD
    0x08001e90   0x08001e90   0x000001c8   Code   RO          335    .text.HAL_RCCEx_PeriphCLKConfig  stm32f1xx_hal_rcc_ex.o
    0x08002058   0x08002058   0x00000256   Code   RO          302    .text.HAL_RCC_ClockConfig  stm32f1xx_hal_rcc.o
    0x080022ae   0x080022ae   0x00000002   PAD
    0x080022b0   0x080022b0   0x0000000c   Code   RO          312    .text.HAL_RCC_GetHCLKFreq  stm32f1xx_hal_rcc.o
    0x080022bc   0x080022bc   0x00000022   Code   RO          316    .text.HAL_RCC_GetPCLK2Freq  stm32f1xx_hal_rcc.o
    0x080022de   0x080022de   0x00000002   PAD
    0x080022e0   0x080022e0   0x000000bc   Code   RO          304    .text.HAL_RCC_GetSysClockFreq  stm32f1xx_hal_rcc.o
    0x0800239c   0x0800239c   0x0000067a   Code   RO          298    .text.HAL_RCC_OscConfig  stm32f1xx_hal_rcc.o
    0x08002a16   0x08002a16   0x00000002   PAD
    0x08002a18   0x08002a18   0x0000009a   Code   RO          174    .text.HAL_RTC_GetDate  stm32f1xx_hal_rtc.o
    0x08002ab2   0x08002ab2   0x00000002   PAD
    0x08002ab4   0x08002ab4   0x000001ac   Code   RO          162    .text.HAL_RTC_GetTime  stm32f1xx_hal_rtc.o
    0x08002c60   0x08002c60   0x0000012a   Code   RO          138    .text.HAL_RTC_Init  stm32f1xx_hal_rtc.o
    0x08002d8a   0x08002d8a   0x00000002   PAD
    0x08002d8c   0x08002d8c   0x0000004c   Code   RO           70    .text.HAL_RTC_MspInit  stm32f1xx_hal_msp.o
    0x08002dd8   0x08002dd8   0x0000017e   Code   RO          170    .text.HAL_RTC_SetDate  stm32f1xx_hal_rtc.o
    0x08002f56   0x08002f56   0x00000002   PAD
    0x08002f58   0x08002f58   0x00000142   Code   RO          152    .text.HAL_RTC_SetTime  stm32f1xx_hal_rtc.o
    0x0800309a   0x0800309a   0x00000002   PAD
    0x0800309c   0x0800309c   0x00000064   Code   RO          142    .text.HAL_RTC_WaitForSynchro  stm32f1xx_hal_rtc.o
    0x08003100   0x08003100   0x00000010   Code   RO          430    .text.HAL_SYSTICK_Config  stm32f1xx_hal_cortex.o
    0x08003110   0x08003110   0x00000004   Code   RO           45    .text.HardFault_Handler  stm32f1xx_it.o
    0x08003114   0x08003114   0x0000009a   Code   RO           15    .text.MX_GPIO_Init  main.o
    0x080031ae   0x080031ae   0x00000002   PAD
    0x080031b0   0x080031b0   0x0000009c   Code   RO           17    .text.MX_RTC_Init   main.o
    0x0800324c   0x0800324c   0x00000004   Code   RO           47    .text.MemManage_Handler  stm32f1xx_it.o
    0x08003250   0x08003250   0x00000004   Code   RO           43    .text.NMI_Handler   stm32f1xx_it.o
    0x08003254   0x08003254   0x0000006c   Code   RO          416    .text.NVIC_EncodePriority  stm32f1xx_hal_cortex.o
    0x080032c0   0x080032c0   0x00000002   Code   RO           57    .text.PendSV_Handler  stm32f1xx_it.o
    0x080032c2   0x080032c2   0x00000002   PAD
    0x080032c4   0x080032c4   0x0000003a   Code   RO          300    .text.RCC_Delay     stm32f1xx_hal_rcc.o
    0x080032fe   0x080032fe   0x00000002   PAD
    0x08003300   0x08003300   0x0000002a   Code   RO          154    .text.RTC_Bcd2ToByte  stm32f1xx_hal_rtc.o
    0x0800332a   0x0800332a   0x00000002   PAD
    0x0800332c   0x0800332c   0x0000003a   Code   RO          168    .text.RTC_ByteToBcd2  stm32f1xx_hal_rtc.o
    0x08003366   0x08003366   0x00000002   PAD
    0x08003368   0x08003368   0x00000172   Code   RO          166    .text.RTC_DateUpdate  stm32f1xx_hal_rtc.o
    0x080034da   0x080034da   0x00000002   PAD
    0x080034dc   0x080034dc   0x00000056   Code   RO          144    .text.RTC_EnterInitMode  stm32f1xx_hal_rtc.o
    0x08003532   0x08003532   0x00000002   PAD
    0x08003534   0x08003534   0x00000056   Code   RO          146    .text.RTC_ExitInitMode  stm32f1xx_hal_rtc.o
    0x0800358a   0x0800358a   0x00000002   PAD
    0x0800358c   0x0800358c   0x00000078   Code   RO          192    .text.RTC_IsLeapYear  stm32f1xx_hal_rtc.o
    0x08003604   0x08003604   0x00000032   Code   RO          158    .text.RTC_ReadAlarmCounter  stm32f1xx_hal_rtc.o
    0x08003636   0x08003636   0x00000002   PAD
    0x08003638   0x08003638   0x0000006a   Code   RO          164    .text.RTC_ReadTimeCounter  stm32f1xx_hal_rtc.o
    0x080036a2   0x080036a2   0x00000002   PAD
    0x080036a4   0x080036a4   0x000000de   Code   RO          172    .text.RTC_WeekDayNum  stm32f1xx_hal_rtc.o
    0x08003782   0x08003782   0x00000002   PAD
    0x08003784   0x08003784   0x00000050   Code   RO          160    .text.RTC_WriteAlarmCounter  stm32f1xx_hal_rtc.o
    0x080037d4   0x080037d4   0x00000050   Code   RO          156    .text.RTC_WriteTimeCounter  stm32f1xx_hal_rtc.o
    0x08003824   0x08003824   0x00000002   Code   RO           53    .text.SVC_Handler   stm32f1xx_it.o
    0x08003826   0x08003826   0x00000002   PAD
    0x08003828   0x08003828   0x00000052   Code   RO          432    .text.SysTick_Config  stm32f1xx_hal_cortex.o
    0x0800387a   0x0800387a   0x00000002   PAD
    0x0800387c   0x0800387c   0x00000008   Code   RO           59    .text.SysTick_Handler  stm32f1xx_it.o
    0x08003884   0x08003884   0x00000090   Code   RO           13    .text.SystemClock_Config  main.o
    0x08003914   0x08003914   0x00000002   Code   RO          614    .text.SystemInit    system_stm32f1xx.o
    0x08003916   0x08003916   0x00000002   PAD
    0x08003918   0x08003918   0x00000004   Code   RO           51    .text.UsageFault_Handler  stm32f1xx_it.o
    0x0800391c   0x0800391c   0x00000010   Code   RO          412    .text.__NVIC_GetPriorityGrouping  stm32f1xx_hal_cortex.o
    0x0800392c   0x0800392c   0x00000042   Code   RO          414    .text.__NVIC_SetPriority  stm32f1xx_hal_cortex.o
    0x0800396e   0x0800396e   0x00000002   PAD
    0x08003970   0x08003970   0x0000003c   Code   RO          408    .text.__NVIC_SetPriorityGrouping  stm32f1xx_hal_cortex.o
    0x080039ac   0x080039ac   0x00000052   Code   RO          112    .text.dht22_init    dht22.o
    0x080039fe   0x080039fe   0x00000002   PAD
    0x08003a00   0x08003a00   0x00000210   Code   RO           87    .text.lcd_char_cp   lcd.o
    0x08003c10   0x08003c10   0x00000208   Code   RO           85    .text.lcd_cmd       lcd.o
    0x08003e18   0x08003e18   0x0000000a   Code   RO           83    .text.lcd_delay     lcd.o
    0x08003e22   0x08003e22   0x00000002   PAD
    0x08003e24   0x08003e24   0x00000048   Code   RO           93    .text.lcd_gotoxy    lcd.o
    0x08003e6c   0x08003e6c   0x00000076   Code   RO           91    .text.lcd_init      lcd.o
    0x08003ee2   0x08003ee2   0x00000002   PAD
    0x08003ee4   0x08003ee4   0x00000026   Code   RO           89    .text.lcd_out_cp    lcd.o
    0x08003f0a   0x08003f0a   0x00000002   PAD
    0x08003f0c   0x08003f0c   0x0000002a   Code   RO           97    .text.lcd_print     lcd.o
    0x08003f36   0x08003f36   0x00000002   PAD
    0x08003f38   0x08003f38   0x0000016c   Code   RO           11    .text.main          main.o
    0x080040a4   0x080040a4   0x0000003e   Code   RO          805    CL$$btod_d2e        c_w.l(btod.o)
    0x080040e2   0x080040e2   0x00000046   Code   RO          807    CL$$btod_d2e_denorm_low  c_w.l(btod.o)
    0x08004128   0x08004128   0x00000060   Code   RO          806    CL$$btod_d2e_norm_op1  c_w.l(btod.o)
    0x08004188   0x08004188   0x00000338   Code   RO          815    CL$$btod_div_common  c_w.l(btod.o)
    0x080044c0   0x080044c0   0x000000dc   Code   RO          812    CL$$btod_e2e        c_w.l(btod.o)
    0x0800459c   0x0800459c   0x0000002a   Code   RO          809    CL$$btod_ediv       c_w.l(btod.o)
    0x080045c6   0x080045c6   0x0000002a   Code   RO          808    CL$$btod_emul       c_w.l(btod.o)
    0x080045f0   0x080045f0   0x00000244   Code   RO          814    CL$$btod_mult_common  c_w.l(btod.o)
    0x08004834   0x08004834   0x00000028   Code   RO          842    i.__ARM_fpclassify  m_ws.l(fpclassify.o)
    0x0800485c   0x0800485c   0x0000000e   Code   RO          708    i._is_digit         c_w.l(__printf_wp.o)
    0x0800486a   0x0800486a   0x00000002   PAD
    0x0800486c   0x0800486c   0x0000002c   Code   RO          830    locale$$code        c_w.l(lc_numeric_c.o)
    0x08004898   0x08004898   0x0000002c   Code   RO          852    locale$$code        c_w.l(lc_ctype_c.o)
    0x080048c4   0x080048c4   0x0000000c   Code   RO          741    x$fpl$dretinf       fz_ws.l(dretinf.o)
    0x080048d0   0x080048d0   0x00000056   Code   RO          637    x$fpl$f2d           fz_ws.l(f2d.o)
    0x08004926   0x08004926   0x00000002   PAD
    0x08004928   0x08004928   0x00000184   Code   RO          640    x$fpl$fdiv          fz_ws.l(fdiv.o)
    0x08004aac   0x08004aac   0x00000030   Code   RO          644    x$fpl$fflt          fz_ws.l(fflt_clz.o)
    0x08004adc   0x08004adc   0x0000008c   Code   RO          743    x$fpl$fnaninf       fz_ws.l(fnaninf.o)
    0x08004b68   0x08004b68   0x0000000a   Code   RO          745    x$fpl$fretinf       fz_ws.l(fretinf.o)
    0x08004b72   0x08004b72   0x00000004   Code   RO          747    x$fpl$printf1       fz_ws.l(printf1.o)
    0x08004b76   0x08004b76   0x00000004   Code   RO          749    x$fpl$printf2       fz_ws.l(printf2.o)
    0x08004b7a   0x08004b7a   0x00000000   Code   RO          755    x$fpl$usenofp       fz_ws.l(usenofp.o)
    0x08004b7a   0x08004b7a   0x00000002   PAD
    0x08004b7c   0x08004b7c   0x00000008   Data   RO          667    .constdata          c_w.l(_printf_wctomb.o)
    0x08004b84   0x08004b84   0x00000028   Data   RO          696    .constdata          c_w.l(_printf_hex_int_ll_ptr.o)
    0x08004bac   0x08004bac   0x00000011   Data   RO          716    .constdata          c_w.l(__printf_flags_ss_wp.o)
    0x08004bbd   0x08004bbd   0x00000026   Data   RO          780    .constdata          c_w.l(_printf_fp_hex.o)
    0x08004be3   0x08004be3   0x00000001   PAD
    0x08004be4   0x08004be4   0x00000094   Data   RO          803    .constdata          c_w.l(bigflt0.o)
    0x08004c78   0x08004c78   0x00000010   Data   RO          619    .rodata.AHBPrescTable  system_stm32f1xx.o
    0x08004c88   0x08004c88   0x00000008   Data   RO          620    .rodata.APBPrescTable  system_stm32f1xx.o
    0x08004c90   0x08004c90   0x00000010   Data   RO          341    .rodata.HAL_RCCEx_GetPeriphCLKFreq.aPLLMULFactorTable  stm32f1xx_hal_rcc_ex.o
    0x08004ca0   0x08004ca0   0x00000002   Data   RO          342    .rodata.HAL_RCCEx_GetPeriphCLKFreq.aPredivFactorTable  stm32f1xx_hal_rcc_ex.o
    0x08004ca2   0x08004ca2   0x00000010   Data   RO          326    .rodata.HAL_RCC_GetSysClockFreq.aPLLMULFactorTable  stm32f1xx_hal_rcc.o
    0x08004cb2   0x08004cb2   0x00000002   Data   RO          327    .rodata.HAL_RCC_GetSysClockFreq.aPredivFactorTable  stm32f1xx_hal_rcc.o
    0x08004cb4   0x08004cb4   0x0000003a   Data   RO           33    .rodata.str1.1      main.o
    0x08004cee   0x08004cee   0x00000002   PAD
    0x08004cf0   0x08004cf0   0x00000020   Data   RO          989    Region$$Table       anon$$obj.o
    0x08004d10   0x08004d10   0x0000001c   Data   RO          829    locale$$data        c_w.l(lc_numeric_c.o)
    0x08004d2c   0x08004d2c   0x00000110   Data   RO          851    locale$$data        c_w.l(lc_ctype_c.o)


    Execution Region RW_IRAM1 (Exec base: 0x20000000, Load base: 0x08004e40, Size: 0x000006e8, Max: 0x00002800, ABSOLUTE)

    Exec Addr    Load Addr    Size         Type   Attr      Idx    E Section Name        Object

    0x20000000   0x08004e40   0x00000004   Data   RW          618    .data.SystemCoreClock  system_stm32f1xx.o
    0x20000004   0x08004e44   0x00000001   Data   RW          287    .data.uwTickFreq    stm32f1xx_hal.o
    0x20000005   0x08004e45   0x00000003   PAD
    0x20000008   0x08004e48   0x00000004   Data   RW          286    .data.uwTickPrio    stm32f1xx_hal.o
    0x2000000c   0x08004e4c   0x00000004   PAD
    0x20000010        -       0x00000060   Zero   RW          845    .bss                c_w.l(libspace.o)
    0x20000070        -       0x00000004   Zero   RW           23    .bss.DateToUpdate   main.o
    0x20000074        -       0x00000002   Zero   RW           24    .bss.day            main.o
    0x20000076        -       0x00000002   Zero   RW           27    .bss.hour           main.o
    0x20000078        -       0x00000014   Zero   RW           21    .bss.hrtc           main.o
    0x2000008c        -       0x00000004   Zero   RW           31    .bss.humidity       main.o
    0x20000090        -       0x00000020   Zero   RW           32    .bss.line1          main.o
    0x200000b0        -       0x00000020   Zero   RW           34    .bss.line2          main.o
    0x200000d0        -       0x00000002   Zero   RW           28    .bss.minute         main.o
    0x200000d2        -       0x00000002   Zero   RW           25    .bss.month          main.o
    0x200000d4        -       0x00000003   Zero   RW           22    .bss.sTime          main.o
    0x200000d7   0x08004e4c   0x00000001   PAD
    0x200000d8        -       0x00000002   Zero   RW           29    .bss.second         main.o
    0x200000da   0x08004e4c   0x00000002   PAD
    0x200000dc        -       0x00000004   Zero   RW           30    .bss.temperature    main.o
    0x200000e0        -       0x00000004   Zero   RW          288    .bss.uwTick         stm32f1xx_hal.o
    0x200000e4        -       0x00000002   Zero   RW           26    .bss.year           main.o
    0x200000e6   0x08004e4c   0x00000002   PAD
    0x200000e8        -       0x00000200   Zero   RW            2    HEAP                startup_stm32f103x6.o
    0x200002e8        -       0x00000400   Zero   RW            1    STACK               startup_stm32f103x6.o


==============================================================================

Image component sizes


      Code (inc. data)   RO Data    RW Data    ZI Data      Debug   Object Name

       650          0          0          0          0       2088   dht22.o
      1354          0          0          0          0       2901   lcd.o
       832          0         58          0        111       4559   main.o
        64         26        236          0       1536        792   startup_stm32f103x6.o
       254          0          0          5          4       5489   stm32f1xx_hal.o
       414          0          0          0          0       7475   stm32f1xx_hal_cortex.o
      1248          0          0          0          0       4223   stm32f1xx_hal_gpio.o
       176          0          0          0          0       2548   stm32f1xx_hal_msp.o
        12          0          0          0          0       3998   stm32f1xx_hal_pwr.o
      2548          0         18          0          0       7442   stm32f1xx_hal_rcc.o
       862          0         18          0          0       3139   stm32f1xx_hal_rcc_ex.o
      2984          0          0          0          0      10384   stm32f1xx_hal_rtc.o
        34          0          0          0          0       1006   stm32f1xx_it.o
         2          0         24          4          0       1584   system_stm32f1xx.o

    ----------------------------------------------------------------------
     11512         26        388         12       1660      57628   Object Totals
         0          0         32          0          0          0   (incl. Generated)
        78          0          2          3          9          0   (incl. Padding)

    ----------------------------------------------------------------------

      Code (inc. data)   RO Data    RW Data    ZI Data      Debug   Library Member Name

         8          0          0          0          0         68   __main.o
       392          4         17          0          0         92   __printf_flags_ss_wp.o
        14          0          0          0          0         68   __printf_wp.o
         0          0          0          0          0          0   __rtentry.o
        12          0          0          0          0          0   __rtentry2.o
         6          0          0          0          0          0   __rtentry4.o
        94          8          0          0          0          0   __scatter.o
        26          0          0          0          0          0   __scatter_copy.o
        28          0          0          0          0          0   __scatter_zi.o
        72          0          0          0          0         96   _c16rtomb.o
         6          0          0          0          0          0   _printf_a.o
         6          0          0          0          0          0   _printf_c.o
        44          0          0          0          0        108   _printf_char.o
        48          6          0          0          0         96   _printf_char_common.o
        40          0          0          0          0         68   _printf_charcount.o
         6          0          0          0          0          0   _printf_d.o
       120         16          0          0          0         92   _printf_dec.o
         6          0          0          0          0          0   _printf_e.o
         6          0          0          0          0          0   _printf_f.o
      1052          0          0          0          0        148   _printf_fp_dec.o
       764          8         38          0          0        100   _printf_fp_hex.o
       128         16          0          0          0         84   _printf_fp_infnan.o
         6          0          0          0          0          0   _printf_g.o
       148          4         40          0          0        160   _printf_hex_int_ll_ptr.o
         6          0          0          0          0          0   _printf_i.o
       178          0          0          0          0         88   _printf_intcommon.o
        10          0          0          0          0          0   _printf_l.o
         6          0          0          0          0          0   _printf_lc.o
        10          0          0          0          0          0   _printf_ll.o
         6          0          0          0          0          0   _printf_lld.o
         6          0          0          0          0          0   _printf_lli.o
         6          0          0          0          0          0   _printf_llo.o
         6          0          0          0          0          0   _printf_llu.o
         6          0          0          0          0          0   _printf_llx.o
       124         16          0          0          0         92   _printf_longlong_dec.o
         6          0          0          0          0          0   _printf_ls.o
         6          0          0          0          0          0   _printf_n.o
         6          0          0          0          0          0   _printf_o.o
       112          8          0          0          0        124   _printf_oct_int_ll.o
         6          0          0          0          0          0   _printf_p.o
        78          0          0          0          0        108   _printf_pad.o
         0          0          0          0          0          0   _printf_percent.o
         4          0          0          0          0          0   _printf_percent_end.o
         6          0          0          0          0          0   _printf_s.o
        82          0          0          0          0         80   _printf_str.o
        36          0          0          0          0         84   _printf_truncate.o
         6          0          0          0          0          0   _printf_u.o
        44          0          0          0          0        108   _printf_wchar.o
       188          6          8          0          0         92   _printf_wctomb.o
         6          0          0          0          0          0   _printf_x.o
        10          0          0          0          0         68   _sputc.o
       228          4        148          0          0         96   bigflt0.o
      1936        128          0          0          0        668   btod.o
        18          0          0          0          0         80   exit.o
         6          0          0          0          0        152   heapauxi.o
         0          0          0          0          0          0   indicate_semi.o
        44         10        272          0          0         76   lc_ctype_c.o
        44         10         28          0          0         76   lc_numeric_c.o
         2          0          0          0          0          0   libinit.o
        30          0          0          0          0          0   libinit2.o
         2          0          0          0          0          0   libshutdown.o
         2          0          0          0          0          0   libshutdown2.o
         8          4          0          0         96         68   libspace.o
       138          0          0          0          0         80   lludiv10.o
        16          4          0          0          0         76   rt_ctype_table.o
         8          4          0          0          0         68   rt_locale_intlibspace.o
        78          0          0          0          0         80   rt_memclr_w.o
         2          0          0          0          0          0   rtexit.o
        10          0          0          0          0          0   rtexit2.o
        44          6          0          0          0         84   sprintf.o
       128          0          0          0          0         68   strcmpv7m.o
        12          4          0          0          0         68   sys_exit.o
        74          0          0          0          0         80   sys_stackheap_outer.o
         2          0          0          0          0         68   use_no_semi.o
        12          0          0          0          0         68   dretinf.o
        86          4          0          0          0         84   f2d.o
       388         76          0          0          0         96   fdiv.o
        48          0          0          0          0         68   fflt_clz.o
       140          4          0          0          0         84   fnaninf.o
        10          0          0          0          0         68   fretinf.o
         4          0          0          0          0         68   printf1.o
         4          0          0          0          0         68   printf2.o
         0          0          0          0          0          0   usenofp.o
        40          0          0          0          0         68   fpclassify.o

    ----------------------------------------------------------------------
      7576        350        552          0         96       4584   Library Totals
        20          0          1          0          0          0   (incl. Padding)

    ----------------------------------------------------------------------

      Code (inc. data)   RO Data    RW Data    ZI Data      Debug   Library Name

      6824        266        551          0         96       3912   c_w.l
       692         84          0          0          0        604   fz_ws.l
        40          0          0          0          0         68   m_ws.l

    ----------------------------------------------------------------------
      7576        350        552          0         96       4584   Library Totals

    ----------------------------------------------------------------------

==============================================================================


      Code (inc. data)   RO Data    RW Data    ZI Data      Debug   

     19088        376        940         12       1756      59540   Grand Totals
     19088        376        940         12       1756      59540   ELF Image Totals
     19088        376        940         12          0          0   ROM Totals

==============================================================================

    Total RO  Size (Code + RO Data)                20028 (  19.56kB)
    Total RW  Size (RW Data + ZI Data)              1768 (   1.73kB)
    Total ROM Size (Code + RO Data + RW Data)      20040 (  19.57kB)

==============================================================================

