21:08:18 **** Incremental Build of configuration Debug for project amele-usulu ****
make -j12 all 
arm-none-eabi-gcc "../Core/Src/main.c" -mcpu=cortex-m3 -std=gnu11 -g3 -DDEBUG -DUSE_HAL_DRIVER -DSTM32F103x6 -c -I../Core/Inc -I../Drivers/STM32F1xx_HAL_Driver/Inc/Legacy -I../Drivers/STM32F1xx_HAL_Driver/Inc -I../Drivers/CMSIS/Device/ST/STM32F1xx/Include -I../Drivers/CMSIS/Include -O0 -ffunction-sections -fdata-sections -Wall -fstack-usage -fcyclomatic-complexity -MMD -MP -MF"Core/Src/main.d" -MT"Core/Src/main.o" --specs=nano.specs -mfloat-abi=soft -mthumb -o "Core/Src/main.o"
arm-none-eabi-gcc -o "amele-usulu.elf" @"objects.list"   -mcpu=cortex-m3 -T"D:\projects\EE304\term-project\ide_workspace\amele-usulu\STM32F103C6TX_FLASH.ld" --specs=nosys.specs -Wl,-Map="amele-usulu.map" -Wl,--gc-sections -static --specs=nano.specs -mfloat-abi=soft -mthumb -Wl,--start-group -lc -lm -Wl,--end-group
Finished building target: amele-usulu.elf
 
arm-none-eabi-size  amele-usulu.elf 
arm-none-eabi-objdump -h -S amele-usulu.elf  > "amele-usulu.list"
arm-none-eabi-objcopy  -O ihex amele-usulu.elf  "amele-usulu.hex"
   text	   data	    bss	    dec	    hex	filename
  12468	     92	   2004	  14564	   38e4	amele-usulu.elf
Finished building: default.size.stdout
 
Finished building: amele-usulu.hex
 
Finished building: amele-usulu.list
 
