16:44:00 **** Incremental Build of configuration Debug for project led-blink ****
make -j12 all 
arm-none-eabi-gcc "../Core/Src/main.c" -mcpu=cortex-m3 -std=gnu11 -g3 -DDEBUG -DUSE_HAL_DRIVER -DSTM32F103x6 -c -I../Core/Inc -I../Drivers/STM32F1xx_HAL_Driver/Inc/Legacy -I../Drivers/STM32F1xx_HAL_Driver/Inc -I../Drivers/CMSIS/Device/ST/STM32F1xx/Include -I../Drivers/CMSIS/Include -I../Middlewares/Third_Party/FreeRTOS/Source/include -I../Middlewares/Third_Party/FreeRTOS/Source/CMSIS_RTOS_V2 -I../Middlewares/Third_Party/FreeRTOS/Source/portable/GCC/ARM_CM3 -O0 -ffunction-sections -fdata-sections -Wall -fstack-usage -fcyclomatic-complexity -MMD -MP -MF"Core/Src/main.d" -MT"Core/Src/main.o" --specs=nano.specs -mfloat-abi=soft -mthumb -o "Core/Src/main.o"
arm-none-eabi-gcc -o "led-blink.elf" @"objects.list"   -mcpu=cortex-m3 -T"D:\projects\EE304\term-project\ide_workspace\led-blink\STM32F103C6TX_FLASH.ld" --specs=nosys.specs -Wl,-Map="led-blink.map" -Wl,--gc-sections -static --specs=nano.specs -mfloat-abi=soft -mthumb -Wl,--start-group -lc -lm -Wl,--end-group
Finished building target: led-blink.elf
 
arm-none-eabi-size  led-blink.elf 
arm-none-eabi-objdump -h -S led-blink.elf  > "led-blink.list"
arm-none-eabi-objcopy  -O ihex led-blink.elf  "led-blink.hex"
   text	   data	    bss	    dec	    hex	filename
  17316	     96	   8600	  26012	   659c	led-blink.elf
Finished building: default.size.stdout
 
Finished building: led-blink.hex
 
Finished building: led-blink.list
 

16:44:01 Build Finished. 0 errors, 0 warnings. (took 596ms)

